Launching client 1640
Launching client 1641
Launching client 1642
Launching client 1643
Launching client 1644
Launching client 1645
Launching client 1646
Launching client 1647
Launching client 1648
Launching client 1649
Launching client 1650
Launching client 1651
Launching client 1652
Launching client 1653
Launching client 1654
Launching client 1655
Launching client 1656
Launching client 1657
Launching client 1658
Launching client 1659
Launching client 1660
Launching client 1661
Launching client 1662
Launching client 1663
Launching client 1664
Launching client 1665
Launching client 1666
Launching client 1667
Launching client 1668
Launching client 1669
Launching client 1670
Launching client 1671
Launching client 1672
Launching client 1673
Launching client 1674
Launching client 1675
Launching client 1676
Launching client 1677
Launching client 1678
Launching client 1679
Launching client 1680
Launching client 1681
Launching client 1682
Launching client 1683
Launching client 1684
Launching client 1685
Launching client 1686
Launching client 1687
Launching client 1688
Launching client 1689
Launching client 1690
Launching client 1691
Launching client 1692
Launching client 1693
Launching client 1694
Launching client 1695
Launching client 1696
Launching client 1697
Launching client 1698
Launching client 1699
Launching client 1700
Launching client 1701
Launching client 1702
Launching client 1703
Launching client 1704
Launching client 1705
Launching client 1706
Launching client 1707
Launching client 1708
Launching client 1709
Launching client 1710
Launching client 1711
Launching client 1712
Launching client 1713
Launching client 1714
Launching client 1715
Launching client 1716
Launching client 1717
Launching client 1718
Launching client 1719
Launching client 1720
Launching client 1721
Launching client 1722
Launching client 1723
Launching client 1724
Launching client 1725
Launching client 1726
Launching client 1727
Launching client 1728
Launching client 1729
Launching client 1730
Launching client 1731
Launching client 1732
Launching client 1733
Launching client 1734
Launching client 1735
Launching client 1736
Launching client 1737
Launching client 1738
Launching client 1739
Launching client 1740
Launching client 1741
Launching client 1742
Launching client 1743
Launching client 1744
Launching client 1745
Launching client 1746
Launching client 1747
Launching client 1748
Launching client 1749
Launching client 1750
Launching client 1751
Launching client 1752
Launching client 1753
Launching client 1754
Launching client 1755
Launching client 1756
Launching client 1757
Launching client 1758
Launching client 1759
Launching client 1760
Launching client 1761
Launching client 1762
Launching client 1763
Launching client 1764
Launching client 1765
Launching client 1766
Launching client 1767
Launching client 1768
Launching client 1769
Launching client 1770
Launching client 1771
Launching client 1772
Launching client 1773
Launching client 1774
Launching client 1775
Launching client 1776
Launching client 1777
Launching client 1778
Launching client 1779
Launching client 1780
Launching client 1781
Launching client 1782
Launching client 1783
Launching client 1784
Launching client 1785
Launching client 1786
Launching client 1787
Launching client 1788
Launching client 1789
Launching client 1790
Launching client 1791
Launching client 1792
Launching client 1793
Launching client 1794
Launching client 1795
Launching client 1796
Launching client 1797
Launching client 1798
Launching client 1799
Warm up...
Warm up...
Warm up...
Warm up...
Warm up...
Warm up...
Warm up...
Warm up...
Warm up...
Warm up...
Warm up...
Warm up...
Warm up...
Warm up...
Warm up...
Warm up...
Warm up...
Warm up...
Warm up...
Warm up...
Warm up...
Warm up...
Warm up...
Warm up...
Warm up...
Warm up...
Warm up...
Warm up...
Warm up...
Warm up...
Warm up...
Warm up...
Warm up...
Warm up...
Warm up...
Warm up...
Warm up...
Warm up...
Warm up...
Warm up...
Warm up...
Warm up...
Warm up...
Warm up...
Warm up...
Warm up...
Warm up...
Warm up...
Warm up...
Warm up...
Warm up...
Warm up...
Warm up...
Warm up...
Warm up...
Warm up...
Warm up...
Warm up...
Warm up...
Warm up...
Warm up...
Warm up...
Warm up...
Warm up...
Warm up...
Warm up...
Warm up...
Warm up...
Warm up...
Warm up...
Warm up...
Warm up...
Warm up...
Warm up...
Warm up...
Warm up...
Warm up...
Warm up...
Warm up...
Warm up...
Warm up...
Warm up...
Warm up...
Warm up...
Warm up...
Warm up...
Warm up...
Warm up...
Warm up...
Warm up...
Warm up...
Warm up...
Warm up...
Warm up...
Warm up...
Warm up...
Warm up...
Warm up...
Warm up...
Warm up...
Warm up...
Warm up...
Warm up...
Warm up...
Warm up...
Warm up...
Warm up...
Warm up...
Warm up...
Warm up...
Warm up...
Warm up...
Warm up...
Warm up...
Warm up...
Warm up...
Warm up...
Warm up...
Warm up...
Warm up...
Warm up...
Warm up...
Warm up...
Warm up...
Warm up...
Warm up...
Warm up...
Warm up...
Warm up...
Warm up...
Warm up...
Warm up...
Warm up...
Warm up...
Warm up...
Warm up...
Warm up...
Warm up...
Warm up...
Warm up...
Warm up...
Warm up...
Warm up...
Warm up...
Warm up...
Warm up...
Warm up...
Warm up...
Warm up...
Warm up...
Warm up...
Warm up...
Warm up...
Warm up...
Warm up...
Warm up...
Warm up...
Warm up...
Warm up...
Warm up...
Executing experiment for 500 ops
Executing experiment for 500 ops
Executing experiment for 500 ops
Executing experiment for 500 ops
Executing experiment for 500 ops
Executing experiment for 500 ops
Executing experiment for 500 ops
Executing experiment for 500 ops
Executing experiment for 500 ops
Executing experiment for 500 ops
Executing experiment for 500 ops
Executing experiment for 500 ops
Executing experiment for 500 ops
Executing experiment for 500 ops
Executing experiment for 500 ops
Executing experiment for 500 ops
Executing experiment for 500 ops
Executing experiment for 500 ops
Executing experiment for 500 ops
Executing experiment for 500 ops
Executing experiment for 500 ops
Executing experiment for 500 ops
Executing experiment for 500 ops
Executing experiment for 500 ops
Executing experiment for 500 ops
Executing experiment for 500 ops
Executing experiment for 500 ops
Executing experiment for 500 ops
Executing experiment for 500 ops
Executing experiment for 500 ops
Executing experiment for 500 ops
Executing experiment for 500 ops
Executing experiment for 500 ops
Executing experiment for 500 ops
Executing experiment for 500 ops
Executing experiment for 500 ops
Executing experiment for 500 ops
Executing experiment for 500 ops
Executing experiment for 500 ops
Executing experiment for 500 ops
Executing experiment for 500 ops
Executing experiment for 500 ops
Executing experiment for 500 ops
Executing experiment for 500 ops
Executing experiment for 500 ops
Executing experiment for 500 ops
Executing experiment for 500 ops
Executing experiment for 500 ops
Executing experiment for 500 ops
Executing experiment for 500 ops
Executing experiment for 500 ops
Executing experiment for 500 ops
Executing experiment for 500 ops
Executing experiment for 500 ops
Executing experiment for 500 ops
Executing experiment for 500 ops
Executing experiment for 500 ops
Executing experiment for 500 ops
Executing experiment for 500 ops
Executing experiment for 500 ops
Executing experiment for 500 ops
Executing experiment for 500 ops
Executing experiment for 500 ops
Executing experiment for 500 ops
Executing experiment for 500 ops
Executing experiment for 500 ops
Executing experiment for 500 ops
Executing experiment for 500 ops
Executing experiment for 500 ops
Executing experiment for 500 ops
Executing experiment for 500 ops
Executing experiment for 500 ops
Executing experiment for 500 ops
Executing experiment for 500 ops
Executing experiment for 500 ops
Executing experiment for 500 ops
Executing experiment for 500 ops
Executing experiment for 500 ops
Executing experiment for 500 ops
Executing experiment for 500 ops
Executing experiment for 500 ops
Executing experiment for 500 ops
Executing experiment for 500 ops
Executing experiment for 500 ops
Executing experiment for 500 ops
Executing experiment for 500 ops
Executing experiment for 500 ops
Executing experiment for 500 ops
Executing experiment for 500 ops
Executing experiment for 500 ops
Executing experiment for 500 ops
Executing experiment for 500 ops
Executing experiment for 500 ops
Executing experiment for 500 ops
Executing experiment for 500 ops
Executing experiment for 500 ops
Executing experiment for 500 ops
Executing experiment for 500 ops
Executing experiment for 500 ops
Executing experiment for 500 ops
Executing experiment for 500 ops
Executing experiment for 500 ops
Executing experiment for 500 ops
Executing experiment for 500 ops
Executing experiment for 500 ops
Executing experiment for 500 ops
Executing experiment for 500 ops
Executing experiment for 500 ops
Executing experiment for 500 ops
Executing experiment for 500 ops
Executing experiment for 500 ops
Executing experiment for 500 ops
Executing experiment for 500 ops
Executing experiment for 500 ops
Executing experiment for 500 ops
Executing experiment for 500 ops
Executing experiment for 500 ops
Executing experiment for 500 ops
Executing experiment for 500 ops
Executing experiment for 500 ops
Executing experiment for 500 ops
Executing experiment for 500 ops
Executing experiment for 500 ops
Executing experiment for 500 ops
Executing experiment for 500 ops
Executing experiment for 500 ops
Executing experiment for 500 ops
Executing experiment for 500 ops
Executing experiment for 500 ops
Executing experiment for 500 ops
Executing experiment for 500 ops
Executing experiment for 500 ops
Executing experiment for 500 ops
Executing experiment for 500 ops
Executing experiment for 500 ops
Executing experiment for 500 ops
Executing experiment for 500 ops
Executing experiment for 500 ops
Executing experiment for 500 ops
Executing experiment for 500 ops
Executing experiment for 500 ops
Executing experiment for 500 ops
Executing experiment for 500 ops
Executing experiment for 500 ops
Executing experiment for 500 ops
Executing experiment for 500 ops
Executing experiment for 500 ops
Executing experiment for 500 ops
Executing experiment for 500 ops
Executing experiment for 500 ops
Executing experiment for 500 ops
Executing experiment for 500 ops
Executing experiment for 500 ops
Executing experiment for 500 ops
Executing experiment for 500 ops
Executing experiment for 500 ops
Executing experiment for 500 ops
Executing experiment for 500 ops
Executing experiment for 500 ops
Executing experiment for 500 ops
1640 // Average time for 500 executions (-10%) = 163969.43897999998 us 
1640 // Standard desviation for 500 executions (-10%) = NaN us 
1640 // Average time for 500 executions (all samples) = 163358.62044 us 
1640 // Standard desviation for 500 executions (all samples) = NaN us 
1640 // Maximum time for 500 executions (all samples) = 193642 us 
All clients done.
