Launching client 1320
Launching client 1321
Launching client 1322
Launching client 1323
Launching client 1324
Launching client 1325
Launching client 1326
Launching client 1327
Launching client 1328
Launching client 1329
Launching client 1330
Launching client 1331
Launching client 1332
Launching client 1333
Launching client 1334
Launching client 1335
Launching client 1336
Launching client 1337
Launching client 1338
Launching client 1339
Launching client 1340
Launching client 1341
Launching client 1342
Launching client 1343
Launching client 1344
Launching client 1345
Launching client 1346
Launching client 1347
Launching client 1348
Launching client 1349
Launching client 1350
Launching client 1351
Launching client 1352
Launching client 1353
Launching client 1354
Launching client 1355
Launching client 1356
Launching client 1357
Launching client 1358
Launching client 1359
Launching client 1360
Launching client 1361
Launching client 1362
Launching client 1363
Launching client 1364
Launching client 1365
Launching client 1366
Launching client 1367
Launching client 1368
Launching client 1369
Launching client 1370
Launching client 1371
Launching client 1372
Launching client 1373
Launching client 1374
Launching client 1375
Launching client 1376
Launching client 1377
Launching client 1378
Launching client 1379
Launching client 1380
Launching client 1381
Launching client 1382
Launching client 1383
Launching client 1384
Launching client 1385
Launching client 1386
Launching client 1387
Launching client 1388
Launching client 1389
Launching client 1390
Launching client 1391
Launching client 1392
Launching client 1393
Launching client 1394
Launching client 1395
Launching client 1396
Launching client 1397
Launching client 1398
Launching client 1399
Warm up...
Warm up...
Warm up...
Warm up...
Warm up...
Warm up...
Warm up...
Warm up...
Warm up...
Warm up...
Warm up...
Warm up...
Warm up...
Warm up...
Warm up...
Warm up...
Warm up...
Warm up...
Warm up...
Warm up...
Warm up...
Warm up...
Warm up...
Warm up...
Warm up...
Warm up...
Warm up...
Warm up...
Warm up...
Warm up...
Warm up...
Warm up...
Warm up...
Warm up...
Warm up...
Warm up...
Warm up...
Warm up...
Warm up...
Warm up...
Warm up...
Warm up...
Warm up...
Warm up...
Warm up...
Warm up...
Warm up...
Warm up...
Warm up...
Warm up...
Warm up...
Warm up...
Warm up...
Warm up...
Warm up...
Warm up...
Warm up...
Warm up...
Warm up...
Warm up...
Warm up...
Warm up...
Warm up...
Warm up...
Warm up...
Warm up...
Warm up...
Warm up...
Warm up...
Warm up...
Warm up...
Warm up...
Warm up...
Warm up...
Warm up...
Warm up...
Warm up...
Warm up...
Warm up...
Warm up...
Executing experiment for 500 ops
Executing experiment for 500 ops
Executing experiment for 500 ops
Executing experiment for 500 ops
Executing experiment for 500 ops
Executing experiment for 500 ops
Executing experiment for 500 ops
Executing experiment for 500 ops
Executing experiment for 500 ops
Executing experiment for 500 ops
Executing experiment for 500 ops
Executing experiment for 500 ops
Executing experiment for 500 ops
Executing experiment for 500 ops
Executing experiment for 500 ops
Executing experiment for 500 ops
Executing experiment for 500 ops
Executing experiment for 500 ops
Executing experiment for 500 ops
Executing experiment for 500 ops
Executing experiment for 500 ops
Executing experiment for 500 ops
Executing experiment for 500 ops
Executing experiment for 500 ops
Executing experiment for 500 ops
Executing experiment for 500 ops
Executing experiment for 500 ops
Executing experiment for 500 ops
Executing experiment for 500 ops
Executing experiment for 500 ops
Executing experiment for 500 ops
Executing experiment for 500 ops
Executing experiment for 500 ops
Executing experiment for 500 ops
Executing experiment for 500 ops
Executing experiment for 500 ops
Executing experiment for 500 ops
Executing experiment for 500 ops
Executing experiment for 500 ops
Executing experiment for 500 ops
Executing experiment for 500 ops
Executing experiment for 500 ops
Executing experiment for 500 ops
Executing experiment for 500 ops
Executing experiment for 500 ops
Executing experiment for 500 ops
Executing experiment for 500 ops
Executing experiment for 500 ops
Executing experiment for 500 ops
Executing experiment for 500 ops
Executing experiment for 500 ops
Executing experiment for 500 ops
Executing experiment for 500 ops
Executing experiment for 500 ops
Executing experiment for 500 ops
Executing experiment for 500 ops
Executing experiment for 500 ops
Executing experiment for 500 ops
Executing experiment for 500 ops
Executing experiment for 500 ops
Executing experiment for 500 ops
Executing experiment for 500 ops
Executing experiment for 500 ops
Executing experiment for 500 ops
Executing experiment for 500 ops
Executing experiment for 500 ops
Executing experiment for 500 ops
Executing experiment for 500 ops
Executing experiment for 500 ops
Executing experiment for 500 ops
Executing experiment for 500 ops
Executing experiment for 500 ops
Executing experiment for 500 ops
Executing experiment for 500 ops
Executing experiment for 500 ops
Executing experiment for 500 ops
Executing experiment for 500 ops
Executing experiment for 500 ops
Executing experiment for 500 ops
Executing experiment for 500 ops
1320 // Average time for 500 executions (-10%) = 79028.1473375 us 
1320 // Standard desviation for 500 executions (-10%) = 2170.524549015647 us 
1320 // Average time for 500 executions (all samples) = 78995.722358 us 
1320 // Standard desviation for 500 executions (all samples) = 5122.282705546539 us 
1320 // Maximum time for 500 executions (all samples) = 93628 us 
All clients done.
