Launching client 1240
Launching client 1241
Launching client 1242
Launching client 1243
Launching client 1244
Launching client 1245
Launching client 1246
Launching client 1247
Launching client 1248
Launching client 1249
Launching client 1250
Launching client 1251
Launching client 1252
Launching client 1253
Launching client 1254
Launching client 1255
Launching client 1256
Launching client 1257
Launching client 1258
Launching client 1259
Launching client 1260
Launching client 1261
Launching client 1262
Launching client 1263
Launching client 1264
Launching client 1265
Launching client 1266
Launching client 1267
Launching client 1268
Launching client 1269
Launching client 1270
Launching client 1271
Launching client 1272
Launching client 1273
Launching client 1274
Launching client 1275
Launching client 1276
Launching client 1277
Launching client 1278
Launching client 1279
Launching client 1280
Launching client 1281
Launching client 1282
Launching client 1283
Launching client 1284
Launching client 1285
Launching client 1286
Launching client 1287
Launching client 1288
Launching client 1289
Launching client 1290
Launching client 1291
Launching client 1292
Launching client 1293
Launching client 1294
Launching client 1295
Launching client 1296
Launching client 1297
Launching client 1298
Launching client 1299
Launching client 1300
Launching client 1301
Launching client 1302
Launching client 1303
Launching client 1304
Launching client 1305
Launching client 1306
Launching client 1307
Launching client 1308
Launching client 1309
Launching client 1310
Launching client 1311
Launching client 1312
Launching client 1313
Launching client 1314
Launching client 1315
Launching client 1316
Launching client 1317
Launching client 1318
Launching client 1319
Warm up...
Warm up...
Warm up...
Warm up...
Warm up...
Warm up...
Warm up...
Warm up...
Warm up...
Warm up...
Warm up...
Warm up...
Warm up...
Warm up...
Warm up...
Warm up...
Warm up...
Warm up...
Warm up...
Warm up...
Warm up...
Warm up...
Warm up...
Warm up...
Warm up...
Warm up...
Warm up...
Warm up...
Warm up...
Warm up...
Warm up...
Warm up...
Warm up...
Warm up...
Warm up...
Warm up...
Warm up...
Warm up...
Warm up...
Warm up...
Warm up...
Warm up...
Warm up...
Warm up...
Warm up...
Warm up...
Warm up...
Warm up...
Warm up...
Warm up...
Warm up...
Warm up...
Warm up...
Warm up...
Warm up...
Warm up...
Warm up...
Warm up...
Warm up...
Warm up...
Warm up...
Warm up...
Warm up...
Warm up...
Warm up...
Warm up...
Warm up...
Warm up...
Warm up...
Warm up...
Warm up...
Warm up...
Warm up...
Warm up...
Warm up...
Warm up...
Warm up...
Warm up...
Warm up...
Warm up...
Executing experiment for 500 ops
Executing experiment for 500 ops
Executing experiment for 500 ops
Executing experiment for 500 ops
Executing experiment for 500 ops
Executing experiment for 500 ops
Executing experiment for 500 ops
Executing experiment for 500 ops
Executing experiment for 500 ops
Executing experiment for 500 ops
Executing experiment for 500 ops
Executing experiment for 500 ops
Executing experiment for 500 ops
Executing experiment for 500 ops
Executing experiment for 500 ops
Executing experiment for 500 ops
Executing experiment for 500 ops
Executing experiment for 500 ops
Executing experiment for 500 ops
Executing experiment for 500 ops
Executing experiment for 500 ops
Executing experiment for 500 ops
Executing experiment for 500 ops
Executing experiment for 500 ops
Executing experiment for 500 ops
Executing experiment for 500 ops
Executing experiment for 500 ops
Executing experiment for 500 ops
Executing experiment for 500 ops
Executing experiment for 500 ops
Executing experiment for 500 ops
Executing experiment for 500 ops
Executing experiment for 500 ops
Executing experiment for 500 ops
Executing experiment for 500 ops
Executing experiment for 500 ops
Executing experiment for 500 ops
Executing experiment for 500 ops
Executing experiment for 500 ops
Executing experiment for 500 ops
Executing experiment for 500 ops
Executing experiment for 500 ops
Executing experiment for 500 ops
Executing experiment for 500 ops
Executing experiment for 500 ops
Executing experiment for 500 ops
Executing experiment for 500 ops
Executing experiment for 500 ops
Executing experiment for 500 ops
Executing experiment for 500 ops
Executing experiment for 500 ops
Executing experiment for 500 ops
Executing experiment for 500 ops
Executing experiment for 500 ops
Executing experiment for 500 ops
Executing experiment for 500 ops
Executing experiment for 500 ops
Executing experiment for 500 ops
Executing experiment for 500 ops
Executing experiment for 500 ops
Executing experiment for 500 ops
Executing experiment for 500 ops
Executing experiment for 500 ops
Executing experiment for 500 ops
Executing experiment for 500 ops
Executing experiment for 500 ops
Executing experiment for 500 ops
Executing experiment for 500 ops
Executing experiment for 500 ops
Executing experiment for 500 ops
Executing experiment for 500 ops
Executing experiment for 500 ops
Executing experiment for 500 ops
Executing experiment for 500 ops
Executing experiment for 500 ops
Executing experiment for 500 ops
Executing experiment for 500 ops
Executing experiment for 500 ops
Executing experiment for 500 ops
Executing experiment for 500 ops
1240 // Average time for 500 executions (-10%) = 78916.778085 us 
1240 // Standard desviation for 500 executions (-10%) = 2120.836310248287 us 
1240 // Average time for 500 executions (all samples) = 78955.513788 us 
1240 // Standard desviation for 500 executions (all samples) = 4710.134176346491 us 
1240 // Maximum time for 500 executions (all samples) = 98917 us 
All clients done.
