Launching client 1030
Launching client 1031
Launching client 1032
Launching client 1033
Launching client 1034
Launching client 1035
Launching client 1036
Launching client 1037
Launching client 1038
Launching client 1039
Warm up...
Warm up...
Warm up...
Warm up...
Warm up...
Warm up...
Warm up...
Warm up...
Warm up...
Warm up...
Executing experiment for 500 ops
Executing experiment for 500 ops
Executing experiment for 500 ops
Executing experiment for 500 ops
Executing experiment for 500 ops
Executing experiment for 500 ops
Executing experiment for 500 ops
Executing experiment for 500 ops
Executing experiment for 500 ops
Executing experiment for 500 ops
1030 // Average time for 500 executions (-10%) = 11845.411645 us 
1030 // Standard desviation for 500 executions (-10%) = 1679.745616277461 us 
1030 // Average time for 500 executions (all samples) = 11820.151716 us 
1030 // Standard desviation for 500 executions (all samples) = 2461.8881997027383 us 
1030 // Maximum time for 500 executions (all samples) = 20140 us 
All clients done.
