Launching client 1020
Launching client 1021
Launching client 1022
Launching client 1023
Launching client 1024
Launching client 1025
Launching client 1026
Launching client 1027
Launching client 1028
Launching client 1029
Warm up...
Warm up...
Warm up...
Warm up...
Warm up...
Warm up...
Warm up...
Warm up...
Warm up...
Warm up...
Executing experiment for 500 ops
Executing experiment for 500 ops
Executing experiment for 500 ops
Executing experiment for 500 ops
Executing experiment for 500 ops
Executing experiment for 500 ops
Executing experiment for 500 ops
Executing experiment for 500 ops
Executing experiment for 500 ops
Executing experiment for 500 ops
1020 // Average time for 500 executions (-10%) = 11790.82858 us 
1020 // Standard desviation for 500 executions (-10%) = 1741.300056039253 us 
1020 // Average time for 500 executions (all samples) = 11731.663480000001 us 
1020 // Standard desviation for 500 executions (all samples) = 2574.103882294962 us 
1020 // Maximum time for 500 executions (all samples) = 18863 us 
All clients done.
