Launching client 1010
Launching client 1011
Launching client 1012
Launching client 1013
Launching client 1014
Launching client 1015
Launching client 1016
Launching client 1017
Launching client 1018
Launching client 1019
Warm up...
Warm up...
Warm up...
Warm up...
Warm up...
Warm up...
Warm up...
Warm up...
Warm up...
Warm up...
Executing experiment for 500 ops
Executing experiment for 500 ops
Executing experiment for 500 ops
Executing experiment for 500 ops
Executing experiment for 500 ops
Executing experiment for 500 ops
Executing experiment for 500 ops
Executing experiment for 500 ops
Executing experiment for 500 ops
Executing experiment for 500 ops
1010 // Average time for 500 executions (-10%) = 11739.0147325 us 
1010 // Standard desviation for 500 executions (-10%) = 1653.9234681421624 us 
1010 // Average time for 500 executions (all samples) = 11682.388226 us 
1010 // Standard desviation for 500 executions (all samples) = 2489.594028201315 us 
1010 // Maximum time for 500 executions (all samples) = 18311 us 
All clients done.
