Launching client 1040
Launching client 1041
Launching client 1042
Launching client 1043
Launching client 1044
Launching client 1045
Launching client 1046
Launching client 1047
Launching client 1048
Launching client 1049
Launching client 1050
Launching client 1051
Launching client 1052
Launching client 1053
Launching client 1054
Launching client 1055
Launching client 1056
Launching client 1057
Launching client 1058
Launching client 1059
Launching client 1060
Launching client 1061
Launching client 1062
Launching client 1063
Launching client 1064
Launching client 1065
Launching client 1066
Launching client 1067
Launching client 1068
Launching client 1069
Launching client 1070
Launching client 1071
Launching client 1072
Launching client 1073
Launching client 1074
Launching client 1075
Launching client 1076
Launching client 1077
Launching client 1078
Launching client 1079
Warm up...
Warm up...
Warm up...
Warm up...
Warm up...
Warm up...
Warm up...
Warm up...
Warm up...
Warm up...
Warm up...
Warm up...
Warm up...
Warm up...
Warm up...
Warm up...
Warm up...
Warm up...
Warm up...
Warm up...
Warm up...
Warm up...
Warm up...
Warm up...
Warm up...
Warm up...
Warm up...
Warm up...
Warm up...
Warm up...
Warm up...
Warm up...
Warm up...
Warm up...
Warm up...
Warm up...
Warm up...
Warm up...
Warm up...
Warm up...
Executing experiment for 500 ops
Executing experiment for 500 ops
Executing experiment for 500 ops
Executing experiment for 500 ops
Executing experiment for 500 ops
Executing experiment for 500 ops
Executing experiment for 500 ops
Executing experiment for 500 ops
Executing experiment for 500 ops
Executing experiment for 500 ops
Executing experiment for 500 ops
Executing experiment for 500 ops
Executing experiment for 500 ops
Executing experiment for 500 ops
Executing experiment for 500 ops
Executing experiment for 500 ops
Executing experiment for 500 ops
Executing experiment for 500 ops
Executing experiment for 500 ops
Executing experiment for 500 ops
Executing experiment for 500 ops
Executing experiment for 500 ops
Executing experiment for 500 ops
Executing experiment for 500 ops
Executing experiment for 500 ops
Executing experiment for 500 ops
Executing experiment for 500 ops
Executing experiment for 500 ops
Executing experiment for 500 ops
Executing experiment for 500 ops
Executing experiment for 500 ops
Executing experiment for 500 ops
Executing experiment for 500 ops
Executing experiment for 500 ops
Executing experiment for 500 ops
Executing experiment for 500 ops
Executing experiment for 500 ops
Executing experiment for 500 ops
Executing experiment for 500 ops
Executing experiment for 500 ops
1040 // Average time for 500 executions (-10%) = 35392.4492475 us 
1040 // Standard desviation for 500 executions (-10%) = 1090.7446552482306 us 
1040 // Average time for 500 executions (all samples) = 35537.991276 us 
1040 // Standard desviation for 500 executions (all samples) = 2246.2262521109847 us 
1040 // Maximum time for 500 executions (all samples) = 50092 us 
All clients done.
