Launching client 2280
Launching client 2281
Launching client 2282
Launching client 2283
Launching client 2284
Launching client 2285
Launching client 2286
Launching client 2287
Launching client 2288
Launching client 2289
Launching client 2290
Launching client 2291
Launching client 2292
Launching client 2293
Launching client 2294
Launching client 2295
Launching client 2296
Launching client 2297
Launching client 2298
Launching client 2299
Launching client 2300
Launching client 2301
Launching client 2302
Launching client 2303
Launching client 2304
Launching client 2305
Launching client 2306
Launching client 2307
Launching client 2308
Launching client 2309
Launching client 2310
Launching client 2311
Launching client 2312
Launching client 2313
Launching client 2314
Launching client 2315
Launching client 2316
Launching client 2317
Launching client 2318
Launching client 2319
Launching client 2320
Launching client 2321
Launching client 2322
Launching client 2323
Launching client 2324
Launching client 2325
Launching client 2326
Launching client 2327
Launching client 2328
Launching client 2329
Launching client 2330
Launching client 2331
Launching client 2332
Launching client 2333
Launching client 2334
Launching client 2335
Launching client 2336
Launching client 2337
Launching client 2338
Launching client 2339
Launching client 2340
Launching client 2341
Launching client 2342
Launching client 2343
Launching client 2344
Launching client 2345
Launching client 2346
Launching client 2347
Launching client 2348
Launching client 2349
Launching client 2350
Launching client 2351
Launching client 2352
Launching client 2353
Launching client 2354
Launching client 2355
Launching client 2356
Launching client 2357
Launching client 2358
Launching client 2359
Launching client 2360
Launching client 2361
Launching client 2362
Launching client 2363
Launching client 2364
Launching client 2365
Launching client 2366
Launching client 2367
Launching client 2368
Launching client 2369
Launching client 2370
Launching client 2371
Launching client 2372
Launching client 2373
Launching client 2374
Launching client 2375
Launching client 2376
Launching client 2377
Launching client 2378
Launching client 2379
Launching client 2380
Launching client 2381
Launching client 2382
Launching client 2383
Launching client 2384
Launching client 2385
Launching client 2386
Launching client 2387
Launching client 2388
Launching client 2389
Launching client 2390
Launching client 2391
Launching client 2392
Launching client 2393
Launching client 2394
Launching client 2395
Launching client 2396
Launching client 2397
Launching client 2398
Launching client 2399
Launching client 2400
Launching client 2401
Launching client 2402
Launching client 2403
Launching client 2404
Launching client 2405
Launching client 2406
Launching client 2407
Launching client 2408
Launching client 2409
Launching client 2410
Launching client 2411
Launching client 2412
Launching client 2413
Launching client 2414
Launching client 2415
Launching client 2416
Launching client 2417
Launching client 2418
Launching client 2419
Launching client 2420
Launching client 2421
Launching client 2422
Launching client 2423
Launching client 2424
Launching client 2425
Launching client 2426
Launching client 2427
Launching client 2428
Launching client 2429
Launching client 2430
Launching client 2431
Launching client 2432
Launching client 2433
Launching client 2434
Launching client 2435
Launching client 2436
Launching client 2437
Launching client 2438
Launching client 2439
Launching client 2440
Launching client 2441
Launching client 2442
Launching client 2443
Launching client 2444
Launching client 2445
Launching client 2446
Launching client 2447
Launching client 2448
Launching client 2449
Launching client 2450
Launching client 2451
Launching client 2452
Launching client 2453
Launching client 2454
Launching client 2455
Launching client 2456
Launching client 2457
Launching client 2458
Launching client 2459
Launching client 2460
Launching client 2461
Launching client 2462
Launching client 2463
Launching client 2464
Launching client 2465
Launching client 2466
Launching client 2467
Launching client 2468
Launching client 2469
Launching client 2470
Launching client 2471
Launching client 2472
Launching client 2473
Launching client 2474
Launching client 2475
Launching client 2476
Launching client 2477
Launching client 2478
Launching client 2479
Launching client 2480
Launching client 2481
Launching client 2482
Launching client 2483
Launching client 2484
Launching client 2485
Launching client 2486
Launching client 2487
Launching client 2488
Launching client 2489
Launching client 2490
Launching client 2491
Launching client 2492
Launching client 2493
Launching client 2494
Launching client 2495
Launching client 2496
Launching client 2497
Launching client 2498
Launching client 2499
Launching client 2500
Launching client 2501
Launching client 2502
Launching client 2503
Launching client 2504
Launching client 2505
Launching client 2506
Launching client 2507
Launching client 2508
Launching client 2509
Launching client 2510
Launching client 2511
Launching client 2512
Launching client 2513
Launching client 2514
Launching client 2515
Launching client 2516
Launching client 2517
Launching client 2518
Launching client 2519
Launching client 2520
Launching client 2521
Launching client 2522
Launching client 2523
Launching client 2524
Launching client 2525
Launching client 2526
Launching client 2527
Launching client 2528
Launching client 2529
Launching client 2530
Launching client 2531
Launching client 2532
Launching client 2533
Launching client 2534
Launching client 2535
Launching client 2536
Launching client 2537
Launching client 2538
Launching client 2539
Launching client 2540
Launching client 2541
Launching client 2542
Launching client 2543
Launching client 2544
Launching client 2545
Launching client 2546
Launching client 2547
Launching client 2548
Launching client 2549
Launching client 2550
Launching client 2551
Launching client 2552
Launching client 2553
Launching client 2554
Launching client 2555
Launching client 2556
Launching client 2557
Launching client 2558
Launching client 2559
Launching client 2560
Launching client 2561
Launching client 2562
Launching client 2563
Launching client 2564
Launching client 2565
Launching client 2566
Launching client 2567
Launching client 2568
Launching client 2569
Launching client 2570
Launching client 2571
Launching client 2572
Launching client 2573
Launching client 2574
Launching client 2575
Launching client 2576
Launching client 2577
Launching client 2578
Launching client 2579
Launching client 2580
Launching client 2581
Launching client 2582
Launching client 2583
Launching client 2584
Launching client 2585
Launching client 2586
Launching client 2587
Launching client 2588
Launching client 2589
Launching client 2590
Launching client 2591
Launching client 2592
Launching client 2593
Launching client 2594
Launching client 2595
Launching client 2596
Launching client 2597
Launching client 2598
Launching client 2599
Warm up...
Warm up...
Warm up...
Warm up...
Warm up...
Warm up...
Warm up...
Warm up...
Warm up...
Warm up...
Warm up...
Warm up...
Warm up...
Warm up...
Warm up...
Warm up...
Warm up...
Warm up...
Warm up...
Warm up...
Warm up...
Warm up...
Warm up...
Warm up...
Warm up...
Warm up...
Warm up...
Warm up...
Warm up...
Warm up...
Warm up...
Warm up...
Warm up...
Warm up...
Warm up...
Warm up...
Warm up...
Warm up...
Warm up...
Warm up...
Warm up...
Warm up...
Warm up...
Warm up...
Warm up...
Warm up...
Warm up...
Warm up...
Warm up...
Warm up...
Warm up...
Warm up...
Warm up...
Warm up...
Warm up...
Warm up...
Warm up...
Warm up...
Warm up...
Warm up...
Warm up...
Warm up...
Warm up...
Warm up...
Warm up...
Warm up...
Warm up...
Warm up...
Warm up...
Warm up...
Warm up...
Warm up...
Warm up...
Warm up...
Warm up...
Warm up...
Warm up...
Warm up...
Warm up...
Warm up...
Warm up...
Warm up...
Warm up...
Warm up...
Warm up...
Warm up...
Warm up...
Warm up...
Warm up...
Warm up...
Warm up...
Warm up...
Warm up...
Warm up...
Warm up...
Warm up...
Warm up...
Warm up...
Warm up...
Warm up...
Warm up...
Warm up...
Warm up...
Warm up...
Warm up...
Warm up...
Warm up...
Warm up...
Warm up...
Warm up...
Warm up...
Warm up...
Warm up...
Warm up...
Warm up...
Warm up...
Warm up...
Warm up...
Warm up...
Warm up...
Warm up...
Warm up...
Warm up...
Warm up...
Warm up...
Warm up...
Warm up...
Warm up...
Warm up...
Warm up...
Warm up...
Warm up...
Warm up...
Warm up...
Warm up...
Warm up...
Warm up...
Warm up...
Warm up...
Warm up...
Warm up...
Warm up...
Warm up...
Warm up...
Warm up...
Warm up...
Warm up...
Warm up...
Warm up...
Warm up...
Warm up...
Warm up...
Warm up...
Warm up...
Warm up...
Warm up...
Warm up...
Warm up...
Warm up...
Warm up...
Warm up...
Warm up...
Warm up...
Warm up...
Warm up...
Warm up...
Warm up...
Warm up...
Warm up...
Warm up...
Warm up...
Warm up...
Warm up...
Warm up...
Warm up...
Warm up...
Warm up...
Warm up...
Warm up...
Warm up...
Warm up...
Warm up...
Warm up...
Warm up...
Warm up...
Warm up...
Warm up...
Warm up...
Warm up...
Warm up...
Warm up...
Warm up...
Warm up...
Warm up...
Warm up...
Warm up...
Warm up...
Warm up...
Warm up...
Warm up...
Warm up...
Warm up...
Warm up...
Warm up...
Warm up...
Warm up...
Warm up...
Warm up...
Warm up...
Warm up...
Warm up...
Warm up...
Warm up...
Warm up...
Warm up...
Warm up...
Warm up...
Warm up...
Warm up...
Warm up...
Warm up...
Warm up...
Warm up...
Warm up...
Warm up...
Warm up...
Warm up...
Warm up...
Warm up...
Warm up...
Warm up...
Warm up...
Warm up...
Warm up...
Warm up...
Warm up...
Warm up...
Warm up...
Warm up...
Warm up...
Warm up...
Warm up...
Warm up...
Warm up...
Warm up...
Warm up...
Warm up...
Warm up...
Warm up...
Warm up...
Warm up...
Warm up...
Warm up...
Warm up...
Warm up...
Warm up...
Warm up...
Warm up...
Warm up...
Warm up...
Warm up...
Warm up...
Warm up...
Warm up...
Warm up...
Warm up...
Warm up...
Warm up...
Warm up...
Warm up...
Warm up...
Warm up...
Warm up...
Warm up...
Warm up...
Warm up...
Warm up...
Warm up...
Warm up...
Warm up...
Warm up...
Warm up...
Warm up...
Warm up...
Warm up...
Warm up...
Warm up...
Warm up...
Warm up...
Warm up...
Warm up...
Warm up...
Warm up...
Warm up...
Warm up...
Warm up...
Warm up...
Warm up...
Warm up...
Warm up...
Warm up...
Warm up...
Warm up...
Warm up...
Warm up...
Warm up...
Warm up...
Warm up...
Warm up...
Warm up...
Warm up...
Warm up...
Warm up...
Warm up...
Warm up...
Warm up...
Warm up...
Warm up...
Warm up...
Warm up...
Executing experiment for 500 ops
Executing experiment for 500 ops
Executing experiment for 500 ops
Executing experiment for 500 ops
Executing experiment for 500 ops
Executing experiment for 500 ops
Executing experiment for 500 ops
Executing experiment for 500 ops
Executing experiment for 500 ops
Executing experiment for 500 ops
Executing experiment for 500 ops
Executing experiment for 500 ops
Executing experiment for 500 ops
Executing experiment for 500 ops
Executing experiment for 500 ops
Executing experiment for 500 ops
Executing experiment for 500 ops
Executing experiment for 500 ops
Executing experiment for 500 ops
Executing experiment for 500 ops
Executing experiment for 500 ops
Executing experiment for 500 ops
Executing experiment for 500 ops
Executing experiment for 500 ops
Executing experiment for 500 ops
Executing experiment for 500 ops
Executing experiment for 500 ops
Executing experiment for 500 ops
Executing experiment for 500 ops
Executing experiment for 500 ops
Executing experiment for 500 ops
Executing experiment for 500 ops
Executing experiment for 500 ops
Executing experiment for 500 ops
Executing experiment for 500 ops
Executing experiment for 500 ops
Executing experiment for 500 ops
Executing experiment for 500 ops
Executing experiment for 500 ops
Executing experiment for 500 ops
Executing experiment for 500 ops
Executing experiment for 500 ops
Executing experiment for 500 ops
Executing experiment for 500 ops
Executing experiment for 500 ops
Executing experiment for 500 ops
Executing experiment for 500 ops
Executing experiment for 500 ops
Executing experiment for 500 ops
Executing experiment for 500 ops
Executing experiment for 500 ops
Executing experiment for 500 ops
Executing experiment for 500 ops
Executing experiment for 500 ops
Executing experiment for 500 ops
Executing experiment for 500 ops
Executing experiment for 500 ops
Executing experiment for 500 ops
Executing experiment for 500 ops
Executing experiment for 500 ops
Executing experiment for 500 ops
Executing experiment for 500 ops
Executing experiment for 500 ops
Executing experiment for 500 ops
Executing experiment for 500 ops
Executing experiment for 500 ops
Executing experiment for 500 ops
Executing experiment for 500 ops
Executing experiment for 500 ops
Executing experiment for 500 ops
Executing experiment for 500 ops
Executing experiment for 500 ops
Executing experiment for 500 ops
Executing experiment for 500 ops
Executing experiment for 500 ops
Executing experiment for 500 ops
Executing experiment for 500 ops
Executing experiment for 500 ops
Executing experiment for 500 ops
Executing experiment for 500 ops
Executing experiment for 500 ops
Executing experiment for 500 ops
Executing experiment for 500 ops
Executing experiment for 500 ops
Executing experiment for 500 ops
Executing experiment for 500 ops
Executing experiment for 500 ops
Executing experiment for 500 ops
Executing experiment for 500 ops
Executing experiment for 500 ops
Executing experiment for 500 ops
Executing experiment for 500 ops
Executing experiment for 500 ops
Executing experiment for 500 ops
Executing experiment for 500 ops
Executing experiment for 500 ops
Executing experiment for 500 ops
Executing experiment for 500 ops
Executing experiment for 500 ops
Executing experiment for 500 ops
Executing experiment for 500 ops
Executing experiment for 500 ops
Executing experiment for 500 ops
Executing experiment for 500 ops
Executing experiment for 500 ops
Executing experiment for 500 ops
Executing experiment for 500 ops
Executing experiment for 500 ops
Executing experiment for 500 ops
Executing experiment for 500 ops
Executing experiment for 500 ops
Executing experiment for 500 ops
Executing experiment for 500 ops
Executing experiment for 500 ops
Executing experiment for 500 ops
Executing experiment for 500 ops
Executing experiment for 500 ops
Executing experiment for 500 ops
Executing experiment for 500 ops
Executing experiment for 500 ops
Executing experiment for 500 ops
Executing experiment for 500 ops
Executing experiment for 500 ops
Executing experiment for 500 ops
Executing experiment for 500 ops
Executing experiment for 500 ops
Executing experiment for 500 ops
Executing experiment for 500 ops
Executing experiment for 500 ops
Executing experiment for 500 ops
Executing experiment for 500 ops
Executing experiment for 500 ops
Executing experiment for 500 ops
Executing experiment for 500 ops
Executing experiment for 500 ops
Executing experiment for 500 ops
Executing experiment for 500 ops
Executing experiment for 500 ops
Executing experiment for 500 ops
Executing experiment for 500 ops
Executing experiment for 500 ops
Executing experiment for 500 ops
Executing experiment for 500 ops
Executing experiment for 500 ops
Executing experiment for 500 ops
Executing experiment for 500 ops
Executing experiment for 500 ops
Executing experiment for 500 ops
Executing experiment for 500 ops
Executing experiment for 500 ops
Executing experiment for 500 ops
Executing experiment for 500 ops
Executing experiment for 500 ops
Executing experiment for 500 ops
Executing experiment for 500 ops
Executing experiment for 500 ops
Executing experiment for 500 ops
Executing experiment for 500 ops
Executing experiment for 500 ops
Executing experiment for 500 ops
Executing experiment for 500 ops
Executing experiment for 500 ops
Executing experiment for 500 ops
Executing experiment for 500 ops
Executing experiment for 500 ops
Executing experiment for 500 ops
Executing experiment for 500 ops
Executing experiment for 500 ops
Executing experiment for 500 ops
Executing experiment for 500 ops
Executing experiment for 500 ops
Executing experiment for 500 ops
Executing experiment for 500 ops
Executing experiment for 500 ops
Executing experiment for 500 ops
Executing experiment for 500 ops
Executing experiment for 500 ops
Executing experiment for 500 ops
Executing experiment for 500 ops
Executing experiment for 500 ops
Executing experiment for 500 ops
Executing experiment for 500 ops
Executing experiment for 500 ops
Executing experiment for 500 ops
Executing experiment for 500 ops
Executing experiment for 500 ops
Executing experiment for 500 ops
Executing experiment for 500 ops
Executing experiment for 500 ops
Executing experiment for 500 ops
Executing experiment for 500 ops
Executing experiment for 500 ops
Executing experiment for 500 ops
Executing experiment for 500 ops
Executing experiment for 500 ops
Executing experiment for 500 ops
Executing experiment for 500 ops
Executing experiment for 500 ops
Executing experiment for 500 ops
Executing experiment for 500 ops
Executing experiment for 500 ops
Executing experiment for 500 ops
Executing experiment for 500 ops
Executing experiment for 500 ops
Executing experiment for 500 ops
Executing experiment for 500 ops
Executing experiment for 500 ops
Executing experiment for 500 ops
Executing experiment for 500 ops
Executing experiment for 500 ops
Executing experiment for 500 ops
Executing experiment for 500 ops
Executing experiment for 500 ops
Executing experiment for 500 ops
Executing experiment for 500 ops
Executing experiment for 500 ops
Executing experiment for 500 ops
Executing experiment for 500 ops
Executing experiment for 500 ops
Executing experiment for 500 ops
Executing experiment for 500 ops
Executing experiment for 500 ops
Executing experiment for 500 ops
Executing experiment for 500 ops
Executing experiment for 500 ops
Executing experiment for 500 ops
Executing experiment for 500 ops
Executing experiment for 500 ops
Executing experiment for 500 ops
Executing experiment for 500 ops
Executing experiment for 500 ops
Executing experiment for 500 ops
Executing experiment for 500 ops
Executing experiment for 500 ops
Executing experiment for 500 ops
Executing experiment for 500 ops
Executing experiment for 500 ops
Executing experiment for 500 ops
Executing experiment for 500 ops
Executing experiment for 500 ops
Executing experiment for 500 ops
Executing experiment for 500 ops
Executing experiment for 500 ops
Executing experiment for 500 ops
Executing experiment for 500 ops
Executing experiment for 500 ops
Executing experiment for 500 ops
Executing experiment for 500 ops
Executing experiment for 500 ops
Executing experiment for 500 ops
Executing experiment for 500 ops
Executing experiment for 500 ops
Executing experiment for 500 ops
Executing experiment for 500 ops
Executing experiment for 500 ops
Executing experiment for 500 ops
Executing experiment for 500 ops
Executing experiment for 500 ops
Executing experiment for 500 ops
Executing experiment for 500 ops
Executing experiment for 500 ops
Executing experiment for 500 ops
Executing experiment for 500 ops
Executing experiment for 500 ops
Executing experiment for 500 ops
Executing experiment for 500 ops
Executing experiment for 500 ops
Executing experiment for 500 ops
Executing experiment for 500 ops
Executing experiment for 500 ops
Executing experiment for 500 ops
Executing experiment for 500 ops
Executing experiment for 500 ops
Executing experiment for 500 ops
Executing experiment for 500 ops
Executing experiment for 500 ops
Executing experiment for 500 ops
Executing experiment for 500 ops
Executing experiment for 500 ops
Executing experiment for 500 ops
Executing experiment for 500 ops
Executing experiment for 500 ops
Executing experiment for 500 ops
Executing experiment for 500 ops
Executing experiment for 500 ops
Executing experiment for 500 ops
Executing experiment for 500 ops
Executing experiment for 500 ops
Executing experiment for 500 ops
Executing experiment for 500 ops
Executing experiment for 500 ops
Executing experiment for 500 ops
Executing experiment for 500 ops
Executing experiment for 500 ops
Executing experiment for 500 ops
Executing experiment for 500 ops
Executing experiment for 500 ops
Executing experiment for 500 ops
Executing experiment for 500 ops
Executing experiment for 500 ops
Executing experiment for 500 ops
Executing experiment for 500 ops
Executing experiment for 500 ops
Executing experiment for 500 ops
Executing experiment for 500 ops
Executing experiment for 500 ops
Executing experiment for 500 ops
Executing experiment for 500 ops
Executing experiment for 500 ops
Executing experiment for 500 ops
Executing experiment for 500 ops
Executing experiment for 500 ops
Executing experiment for 500 ops
Executing experiment for 500 ops
Executing experiment for 500 ops
Executing experiment for 500 ops
Executing experiment for 500 ops
Executing experiment for 500 ops
Executing experiment for 500 ops
Executing experiment for 500 ops
2280 // Average time for 500 executions (-10%) = 296975.20553 us 
2280 // Standard desviation for 500 executions (-10%) = NaN us 
2280 // Average time for 500 executions (all samples) = 293571.671448 us 
2280 // Standard desviation for 500 executions (all samples) = NaN us 
2280 // Maximum time for 500 executions (all samples) = 413030 us 
All clients done.
