Launching client 1960
Launching client 1961
Launching client 1962
Launching client 1963
Launching client 1964
Launching client 1965
Launching client 1966
Launching client 1967
Launching client 1968
Launching client 1969
Launching client 1970
Launching client 1971
Launching client 1972
Launching client 1973
Launching client 1974
Launching client 1975
Launching client 1976
Launching client 1977
Launching client 1978
Launching client 1979
Launching client 1980
Launching client 1981
Launching client 1982
Launching client 1983
Launching client 1984
Launching client 1985
Launching client 1986
Launching client 1987
Launching client 1988
Launching client 1989
Launching client 1990
Launching client 1991
Launching client 1992
Launching client 1993
Launching client 1994
Launching client 1995
Launching client 1996
Launching client 1997
Launching client 1998
Launching client 1999
Launching client 2000
Launching client 2001
Launching client 2002
Launching client 2003
Launching client 2004
Launching client 2005
Launching client 2006
Launching client 2007
Launching client 2008
Launching client 2009
Launching client 2010
Launching client 2011
Launching client 2012
Launching client 2013
Launching client 2014
Launching client 2015
Launching client 2016
Launching client 2017
Launching client 2018
Launching client 2019
Launching client 2020
Launching client 2021
Launching client 2022
Launching client 2023
Launching client 2024
Launching client 2025
Launching client 2026
Launching client 2027
Launching client 2028
Launching client 2029
Launching client 2030
Launching client 2031
Launching client 2032
Launching client 2033
Launching client 2034
Launching client 2035
Launching client 2036
Launching client 2037
Launching client 2038
Launching client 2039
Launching client 2040
Launching client 2041
Launching client 2042
Launching client 2043
Launching client 2044
Launching client 2045
Launching client 2046
Launching client 2047
Launching client 2048
Launching client 2049
Launching client 2050
Launching client 2051
Launching client 2052
Launching client 2053
Launching client 2054
Launching client 2055
Launching client 2056
Launching client 2057
Launching client 2058
Launching client 2059
Launching client 2060
Launching client 2061
Launching client 2062
Launching client 2063
Launching client 2064
Launching client 2065
Launching client 2066
Launching client 2067
Launching client 2068
Launching client 2069
Launching client 2070
Launching client 2071
Launching client 2072
Launching client 2073
Launching client 2074
Launching client 2075
Launching client 2076
Launching client 2077
Launching client 2078
Launching client 2079
Launching client 2080
Launching client 2081
Launching client 2082
Launching client 2083
Launching client 2084
Launching client 2085
Launching client 2086
Launching client 2087
Launching client 2088
Launching client 2089
Launching client 2090
Launching client 2091
Launching client 2092
Launching client 2093
Launching client 2094
Launching client 2095
Launching client 2096
Launching client 2097
Launching client 2098
Launching client 2099
Launching client 2100
Launching client 2101
Launching client 2102
Launching client 2103
Launching client 2104
Launching client 2105
Launching client 2106
Launching client 2107
Launching client 2108
Launching client 2109
Launching client 2110
Launching client 2111
Launching client 2112
Launching client 2113
Launching client 2114
Launching client 2115
Launching client 2116
Launching client 2117
Launching client 2118
Launching client 2119
Launching client 2120
Launching client 2121
Launching client 2122
Launching client 2123
Launching client 2124
Launching client 2125
Launching client 2126
Launching client 2127
Launching client 2128
Launching client 2129
Launching client 2130
Launching client 2131
Launching client 2132
Launching client 2133
Launching client 2134
Launching client 2135
Launching client 2136
Launching client 2137
Launching client 2138
Launching client 2139
Launching client 2140
Launching client 2141
Launching client 2142
Launching client 2143
Launching client 2144
Launching client 2145
Launching client 2146
Launching client 2147
Launching client 2148
Launching client 2149
Launching client 2150
Launching client 2151
Launching client 2152
Launching client 2153
Launching client 2154
Launching client 2155
Launching client 2156
Launching client 2157
Launching client 2158
Launching client 2159
Launching client 2160
Launching client 2161
Launching client 2162
Launching client 2163
Launching client 2164
Launching client 2165
Launching client 2166
Launching client 2167
Launching client 2168
Launching client 2169
Launching client 2170
Launching client 2171
Launching client 2172
Launching client 2173
Launching client 2174
Launching client 2175
Launching client 2176
Launching client 2177
Launching client 2178
Launching client 2179
Launching client 2180
Launching client 2181
Launching client 2182
Launching client 2183
Launching client 2184
Launching client 2185
Launching client 2186
Launching client 2187
Launching client 2188
Launching client 2189
Launching client 2190
Launching client 2191
Launching client 2192
Launching client 2193
Launching client 2194
Launching client 2195
Launching client 2196
Launching client 2197
Launching client 2198
Launching client 2199
Launching client 2200
Launching client 2201
Launching client 2202
Launching client 2203
Launching client 2204
Launching client 2205
Launching client 2206
Launching client 2207
Launching client 2208
Launching client 2209
Launching client 2210
Launching client 2211
Launching client 2212
Launching client 2213
Launching client 2214
Launching client 2215
Launching client 2216
Launching client 2217
Launching client 2218
Launching client 2219
Launching client 2220
Launching client 2221
Launching client 2222
Launching client 2223
Launching client 2224
Launching client 2225
Launching client 2226
Launching client 2227
Launching client 2228
Launching client 2229
Launching client 2230
Launching client 2231
Launching client 2232
Launching client 2233
Launching client 2234
Launching client 2235
Launching client 2236
Launching client 2237
Launching client 2238
Launching client 2239
Launching client 2240
Launching client 2241
Launching client 2242
Launching client 2243
Launching client 2244
Launching client 2245
Launching client 2246
Launching client 2247
Launching client 2248
Launching client 2249
Launching client 2250
Launching client 2251
Launching client 2252
Launching client 2253
Launching client 2254
Launching client 2255
Launching client 2256
Launching client 2257
Launching client 2258
Launching client 2259
Launching client 2260
Launching client 2261
Launching client 2262
Launching client 2263
Launching client 2264
Launching client 2265
Launching client 2266
Launching client 2267
Launching client 2268
Launching client 2269
Launching client 2270
Launching client 2271
Launching client 2272
Launching client 2273
Launching client 2274
Launching client 2275
Launching client 2276
Launching client 2277
Launching client 2278
Launching client 2279
Warm up...
Warm up...
Warm up...
Warm up...
Warm up...
Warm up...
Warm up...
Warm up...
Warm up...
Warm up...
Warm up...
Warm up...
Warm up...
Warm up...
Warm up...
Warm up...
Warm up...
Warm up...
Warm up...
Warm up...
Warm up...
Warm up...
Warm up...
Warm up...
Warm up...
Warm up...
Warm up...
Warm up...
Warm up...
Warm up...
Warm up...
Warm up...
Warm up...
Warm up...
Warm up...
Warm up...
Warm up...
Warm up...
Warm up...
Warm up...
Warm up...
Warm up...
Warm up...
Warm up...
Warm up...
Warm up...
Warm up...
Warm up...
Warm up...
Warm up...
Warm up...
Warm up...
Warm up...
Warm up...
Warm up...
Warm up...
Warm up...
Warm up...
Warm up...
Warm up...
Warm up...
Warm up...
Warm up...
Warm up...
Warm up...
Warm up...
Warm up...
Warm up...
Warm up...
Warm up...
Warm up...
Warm up...
Warm up...
Warm up...
Warm up...
Warm up...
Warm up...
Warm up...
Warm up...
Warm up...
Warm up...
Warm up...
Warm up...
Warm up...
Warm up...
Warm up...
Warm up...
Warm up...
Warm up...
Warm up...
Warm up...
Warm up...
Warm up...
Warm up...
Warm up...
Warm up...
Warm up...
Warm up...
Warm up...
Warm up...
Warm up...
Warm up...
Warm up...
Warm up...
Warm up...
Warm up...
Warm up...
Warm up...
Warm up...
Warm up...
Warm up...
Warm up...
Warm up...
Warm up...
Warm up...
Warm up...
Warm up...
Warm up...
Warm up...
Warm up...
Warm up...
Warm up...
Warm up...
Warm up...
Warm up...
Warm up...
Warm up...
Warm up...
Warm up...
Warm up...
Warm up...
Warm up...
Warm up...
Warm up...
Warm up...
Warm up...
Warm up...
Warm up...
Warm up...
Warm up...
Warm up...
Warm up...
Warm up...
Warm up...
Warm up...
Warm up...
Warm up...
Warm up...
Warm up...
Warm up...
Warm up...
Warm up...
Warm up...
Warm up...
Warm up...
Warm up...
Warm up...
Warm up...
Warm up...
Warm up...
Warm up...
Warm up...
Warm up...
Warm up...
Warm up...
Warm up...
Warm up...
Warm up...
Warm up...
Warm up...
Warm up...
Warm up...
Warm up...
Warm up...
Warm up...
Warm up...
Warm up...
Warm up...
Warm up...
Warm up...
Warm up...
Warm up...
Warm up...
Warm up...
Warm up...
Warm up...
Warm up...
Warm up...
Warm up...
Warm up...
Warm up...
Warm up...
Warm up...
Warm up...
Warm up...
Warm up...
Warm up...
Warm up...
Warm up...
Warm up...
Warm up...
Warm up...
Warm up...
Warm up...
Warm up...
Warm up...
Warm up...
Warm up...
Warm up...
Warm up...
Warm up...
Warm up...
Warm up...
Warm up...
Warm up...
Warm up...
Warm up...
Warm up...
Warm up...
Warm up...
Warm up...
Warm up...
Warm up...
Warm up...
Warm up...
Warm up...
Warm up...
Warm up...
Warm up...
Warm up...
Warm up...
Warm up...
Warm up...
Warm up...
Warm up...
Warm up...
Warm up...
Warm up...
Warm up...
Warm up...
Warm up...
Warm up...
Warm up...
Warm up...
Warm up...
Warm up...
Warm up...
Warm up...
Warm up...
Warm up...
Warm up...
Warm up...
Warm up...
Warm up...
Warm up...
Warm up...
Warm up...
Warm up...
Warm up...
Warm up...
Warm up...
Warm up...
Warm up...
Warm up...
Warm up...
Warm up...
Warm up...
Warm up...
Warm up...
Warm up...
Warm up...
Warm up...
Warm up...
Warm up...
Warm up...
Warm up...
Warm up...
Warm up...
Warm up...
Warm up...
Warm up...
Warm up...
Warm up...
Warm up...
Warm up...
Warm up...
Warm up...
Warm up...
Warm up...
Warm up...
Warm up...
Warm up...
Warm up...
Warm up...
Warm up...
Warm up...
Warm up...
Warm up...
Warm up...
Warm up...
Warm up...
Warm up...
Warm up...
Warm up...
Warm up...
Warm up...
Warm up...
Warm up...
Warm up...
Warm up...
Warm up...
Warm up...
Warm up...
Warm up...
Warm up...
Warm up...
Warm up...
Warm up...
Warm up...
Warm up...
Executing experiment for 500 ops
Executing experiment for 500 ops
Executing experiment for 500 ops
Executing experiment for 500 ops
Executing experiment for 500 ops
Executing experiment for 500 ops
Executing experiment for 500 ops
Executing experiment for 500 ops
Executing experiment for 500 ops
Executing experiment for 500 ops
Executing experiment for 500 ops
Executing experiment for 500 ops
Executing experiment for 500 ops
Executing experiment for 500 ops
Executing experiment for 500 ops
Executing experiment for 500 ops
Executing experiment for 500 ops
Executing experiment for 500 ops
Executing experiment for 500 ops
Executing experiment for 500 ops
Executing experiment for 500 ops
Executing experiment for 500 ops
Executing experiment for 500 ops
Executing experiment for 500 ops
Executing experiment for 500 ops
Executing experiment for 500 ops
Executing experiment for 500 ops
Executing experiment for 500 ops
Executing experiment for 500 ops
Executing experiment for 500 ops
Executing experiment for 500 ops
Executing experiment for 500 ops
Executing experiment for 500 ops
Executing experiment for 500 ops
Executing experiment for 500 ops
Executing experiment for 500 ops
Executing experiment for 500 ops
Executing experiment for 500 ops
Executing experiment for 500 ops
Executing experiment for 500 ops
Executing experiment for 500 ops
Executing experiment for 500 ops
Executing experiment for 500 ops
Executing experiment for 500 ops
Executing experiment for 500 ops
Executing experiment for 500 ops
Executing experiment for 500 ops
Executing experiment for 500 ops
Executing experiment for 500 ops
Executing experiment for 500 ops
Executing experiment for 500 ops
Executing experiment for 500 ops
Executing experiment for 500 ops
Executing experiment for 500 ops
Executing experiment for 500 ops
Executing experiment for 500 ops
Executing experiment for 500 ops
Executing experiment for 500 ops
Executing experiment for 500 ops
Executing experiment for 500 ops
Executing experiment for 500 ops
Executing experiment for 500 ops
Executing experiment for 500 ops
Executing experiment for 500 ops
Executing experiment for 500 ops
Executing experiment for 500 ops
Executing experiment for 500 ops
Executing experiment for 500 ops
Executing experiment for 500 ops
Executing experiment for 500 ops
Executing experiment for 500 ops
Executing experiment for 500 ops
Executing experiment for 500 ops
Executing experiment for 500 ops
Executing experiment for 500 ops
Executing experiment for 500 ops
Executing experiment for 500 ops
Executing experiment for 500 ops
Executing experiment for 500 ops
Executing experiment for 500 ops
Executing experiment for 500 ops
Executing experiment for 500 ops
Executing experiment for 500 ops
Executing experiment for 500 ops
Executing experiment for 500 ops
Executing experiment for 500 ops
Executing experiment for 500 ops
Executing experiment for 500 ops
Executing experiment for 500 ops
Executing experiment for 500 ops
Executing experiment for 500 ops
Executing experiment for 500 ops
Executing experiment for 500 ops
Executing experiment for 500 ops
Executing experiment for 500 ops
Executing experiment for 500 ops
Executing experiment for 500 ops
Executing experiment for 500 ops
Executing experiment for 500 ops
Executing experiment for 500 ops
Executing experiment for 500 ops
Executing experiment for 500 ops
Executing experiment for 500 ops
Executing experiment for 500 ops
Executing experiment for 500 ops
Executing experiment for 500 ops
Executing experiment for 500 ops
Executing experiment for 500 ops
Executing experiment for 500 ops
Executing experiment for 500 ops
Executing experiment for 500 ops
Executing experiment for 500 ops
Executing experiment for 500 ops
Executing experiment for 500 ops
Executing experiment for 500 ops
Executing experiment for 500 ops
Executing experiment for 500 ops
Executing experiment for 500 ops
Executing experiment for 500 ops
Executing experiment for 500 ops
Executing experiment for 500 ops
Executing experiment for 500 ops
Executing experiment for 500 ops
Executing experiment for 500 ops
Executing experiment for 500 ops
Executing experiment for 500 ops
Executing experiment for 500 ops
Executing experiment for 500 ops
Executing experiment for 500 ops
Executing experiment for 500 ops
Executing experiment for 500 ops
Executing experiment for 500 ops
Executing experiment for 500 ops
Executing experiment for 500 ops
Executing experiment for 500 ops
Executing experiment for 500 ops
Executing experiment for 500 ops
Executing experiment for 500 ops
Executing experiment for 500 ops
Executing experiment for 500 ops
Executing experiment for 500 ops
Executing experiment for 500 ops
Executing experiment for 500 ops
Executing experiment for 500 ops
Executing experiment for 500 ops
Executing experiment for 500 ops
Executing experiment for 500 ops
Executing experiment for 500 ops
Executing experiment for 500 ops
Executing experiment for 500 ops
Executing experiment for 500 ops
Executing experiment for 500 ops
Executing experiment for 500 ops
Executing experiment for 500 ops
Executing experiment for 500 ops
Executing experiment for 500 ops
Executing experiment for 500 ops
Executing experiment for 500 ops
Executing experiment for 500 ops
Executing experiment for 500 ops
Executing experiment for 500 ops
Executing experiment for 500 ops
Executing experiment for 500 ops
Executing experiment for 500 ops
Executing experiment for 500 ops
Executing experiment for 500 ops
Executing experiment for 500 ops
Executing experiment for 500 ops
Executing experiment for 500 ops
Executing experiment for 500 ops
Executing experiment for 500 ops
Executing experiment for 500 ops
Executing experiment for 500 ops
Executing experiment for 500 ops
Executing experiment for 500 ops
Executing experiment for 500 ops
Executing experiment for 500 ops
Executing experiment for 500 ops
Executing experiment for 500 ops
Executing experiment for 500 ops
Executing experiment for 500 ops
Executing experiment for 500 ops
Executing experiment for 500 ops
Executing experiment for 500 ops
Executing experiment for 500 ops
Executing experiment for 500 ops
Executing experiment for 500 ops
Executing experiment for 500 ops
Executing experiment for 500 ops
Executing experiment for 500 ops
Executing experiment for 500 ops
Executing experiment for 500 ops
Executing experiment for 500 ops
Executing experiment for 500 ops
Executing experiment for 500 ops
Executing experiment for 500 ops
Executing experiment for 500 ops
Executing experiment for 500 ops
Executing experiment for 500 ops
Executing experiment for 500 ops
Executing experiment for 500 ops
Executing experiment for 500 ops
Executing experiment for 500 ops
Executing experiment for 500 ops
Executing experiment for 500 ops
Executing experiment for 500 ops
Executing experiment for 500 ops
Executing experiment for 500 ops
Executing experiment for 500 ops
Executing experiment for 500 ops
Executing experiment for 500 ops
Executing experiment for 500 ops
Executing experiment for 500 ops
Executing experiment for 500 ops
Executing experiment for 500 ops
Executing experiment for 500 ops
Executing experiment for 500 ops
Executing experiment for 500 ops
Executing experiment for 500 ops
Executing experiment for 500 ops
Executing experiment for 500 ops
Executing experiment for 500 ops
Executing experiment for 500 ops
Executing experiment for 500 ops
Executing experiment for 500 ops
Executing experiment for 500 ops
Executing experiment for 500 ops
Executing experiment for 500 ops
Executing experiment for 500 ops
Executing experiment for 500 ops
Executing experiment for 500 ops
Executing experiment for 500 ops
Executing experiment for 500 ops
Executing experiment for 500 ops
Executing experiment for 500 ops
Executing experiment for 500 ops
Executing experiment for 500 ops
Executing experiment for 500 ops
Executing experiment for 500 ops
Executing experiment for 500 ops
Executing experiment for 500 ops
Executing experiment for 500 ops
Executing experiment for 500 ops
Executing experiment for 500 ops
Executing experiment for 500 ops
Executing experiment for 500 ops
Executing experiment for 500 ops
Executing experiment for 500 ops
Executing experiment for 500 ops
Executing experiment for 500 ops
Executing experiment for 500 ops
Executing experiment for 500 ops
Executing experiment for 500 ops
Executing experiment for 500 ops
Executing experiment for 500 ops
Executing experiment for 500 ops
Executing experiment for 500 ops
Executing experiment for 500 ops
Executing experiment for 500 ops
Executing experiment for 500 ops
Executing experiment for 500 ops
Executing experiment for 500 ops
Executing experiment for 500 ops
Executing experiment for 500 ops
Executing experiment for 500 ops
Executing experiment for 500 ops
Executing experiment for 500 ops
Executing experiment for 500 ops
Executing experiment for 500 ops
Executing experiment for 500 ops
Executing experiment for 500 ops
Executing experiment for 500 ops
Executing experiment for 500 ops
Executing experiment for 500 ops
Executing experiment for 500 ops
Executing experiment for 500 ops
Executing experiment for 500 ops
Executing experiment for 500 ops
Executing experiment for 500 ops
Executing experiment for 500 ops
Executing experiment for 500 ops
Executing experiment for 500 ops
Executing experiment for 500 ops
Executing experiment for 500 ops
Executing experiment for 500 ops
Executing experiment for 500 ops
Executing experiment for 500 ops
Executing experiment for 500 ops
Executing experiment for 500 ops
Executing experiment for 500 ops
Executing experiment for 500 ops
Executing experiment for 500 ops
Executing experiment for 500 ops
Executing experiment for 500 ops
Executing experiment for 500 ops
Executing experiment for 500 ops
Executing experiment for 500 ops
Executing experiment for 500 ops
Executing experiment for 500 ops
Executing experiment for 500 ops
Executing experiment for 500 ops
Executing experiment for 500 ops
Executing experiment for 500 ops
Executing experiment for 500 ops
Executing experiment for 500 ops
Executing experiment for 500 ops
Executing experiment for 500 ops
Executing experiment for 500 ops
Executing experiment for 500 ops
Executing experiment for 500 ops
Executing experiment for 500 ops
Executing experiment for 500 ops
Executing experiment for 500 ops
Executing experiment for 500 ops
Executing experiment for 500 ops
Executing experiment for 500 ops
Executing experiment for 500 ops
Executing experiment for 500 ops
Executing experiment for 500 ops
Executing experiment for 500 ops
1960 // Average time for 500 executions (-10%) = 296958.2463975 us 
1960 // Standard desviation for 500 executions (-10%) = NaN us 
1960 // Average time for 500 executions (all samples) = 293339.887338 us 
1960 // Standard desviation for 500 executions (all samples) = NaN us 
1960 // Maximum time for 500 executions (all samples) = 401668 us 
All clients done.
