Launching client 1240
Launching client 1241
Launching client 1242
Launching client 1243
Launching client 1244
Launching client 1245
Launching client 1246
Launching client 1247
Launching client 1248
Launching client 1249
Launching client 1250
Launching client 1251
Launching client 1252
Launching client 1253
Launching client 1254
Launching client 1255
Launching client 1256
Launching client 1257
Launching client 1258
Launching client 1259
Launching client 1260
Launching client 1261
Launching client 1262
Launching client 1263
Launching client 1264
Launching client 1265
Launching client 1266
Launching client 1267
Launching client 1268
Launching client 1269
Launching client 1270
Launching client 1271
Launching client 1272
Launching client 1273
Launching client 1274
Launching client 1275
Launching client 1276
Launching client 1277
Launching client 1278
Launching client 1279
Launching client 1280
Launching client 1281
Launching client 1282
Launching client 1283
Launching client 1284
Launching client 1285
Launching client 1286
Launching client 1287
Launching client 1288
Launching client 1289
Launching client 1290
Launching client 1291
Launching client 1292
Launching client 1293
Launching client 1294
Launching client 1295
Launching client 1296
Launching client 1297
Launching client 1298
Launching client 1299
Launching client 1300
Launching client 1301
Launching client 1302
Launching client 1303
Launching client 1304
Launching client 1305
Launching client 1306
Launching client 1307
Launching client 1308
Launching client 1309
Launching client 1310
Launching client 1311
Launching client 1312
Launching client 1313
Launching client 1314
Launching client 1315
Launching client 1316
Launching client 1317
Launching client 1318
Launching client 1319
Launching client 1320
Launching client 1321
Launching client 1322
Launching client 1323
Launching client 1324
Launching client 1325
Launching client 1326
Launching client 1327
Launching client 1328
Launching client 1329
Launching client 1330
Launching client 1331
Launching client 1332
Launching client 1333
Launching client 1334
Launching client 1335
Launching client 1336
Launching client 1337
Launching client 1338
Launching client 1339
Launching client 1340
Launching client 1341
Launching client 1342
Launching client 1343
Launching client 1344
Launching client 1345
Launching client 1346
Launching client 1347
Launching client 1348
Launching client 1349
Launching client 1350
Launching client 1351
Launching client 1352
Launching client 1353
Launching client 1354
Launching client 1355
Launching client 1356
Launching client 1357
Launching client 1358
Launching client 1359
Launching client 1360
Launching client 1361
Launching client 1362
Launching client 1363
Launching client 1364
Launching client 1365
Launching client 1366
Launching client 1367
Launching client 1368
Launching client 1369
Launching client 1370
Launching client 1371
Launching client 1372
Launching client 1373
Launching client 1374
Launching client 1375
Launching client 1376
Launching client 1377
Launching client 1378
Launching client 1379
Launching client 1380
Launching client 1381
Launching client 1382
Launching client 1383
Launching client 1384
Launching client 1385
Launching client 1386
Launching client 1387
Launching client 1388
Launching client 1389
Launching client 1390
Launching client 1391
Launching client 1392
Launching client 1393
Launching client 1394
Launching client 1395
Launching client 1396
Launching client 1397
Launching client 1398
Launching client 1399
Launching client 1400
Launching client 1401
Launching client 1402
Launching client 1403
Launching client 1404
Launching client 1405
Launching client 1406
Launching client 1407
Launching client 1408
Launching client 1409
Launching client 1410
Launching client 1411
Launching client 1412
Launching client 1413
Launching client 1414
Launching client 1415
Launching client 1416
Launching client 1417
Launching client 1418
Launching client 1419
Launching client 1420
Launching client 1421
Launching client 1422
Launching client 1423
Launching client 1424
Launching client 1425
Launching client 1426
Launching client 1427
Launching client 1428
Launching client 1429
Launching client 1430
Launching client 1431
Launching client 1432
Launching client 1433
Launching client 1434
Launching client 1435
Launching client 1436
Launching client 1437
Launching client 1438
Launching client 1439
Launching client 1440
Launching client 1441
Launching client 1442
Launching client 1443
Launching client 1444
Launching client 1445
Launching client 1446
Launching client 1447
Launching client 1448
Launching client 1449
Launching client 1450
Launching client 1451
Launching client 1452
Launching client 1453
Launching client 1454
Launching client 1455
Launching client 1456
Launching client 1457
Launching client 1458
Launching client 1459
Launching client 1460
Launching client 1461
Launching client 1462
Launching client 1463
Launching client 1464
Launching client 1465
Launching client 1466
Launching client 1467
Launching client 1468
Launching client 1469
Launching client 1470
Launching client 1471
Launching client 1472
Launching client 1473
Launching client 1474
Launching client 1475
Launching client 1476
Launching client 1477
Launching client 1478
Launching client 1479
Warm up...
Warm up...
Warm up...
Warm up...
Warm up...
Warm up...
Warm up...
Warm up...
Warm up...
Warm up...
Warm up...
Warm up...
Warm up...
Warm up...
Warm up...
Warm up...
Warm up...
Warm up...
Warm up...
Warm up...
Warm up...
Warm up...
Warm up...
Warm up...
Warm up...
Warm up...
Warm up...
Warm up...
Warm up...
Warm up...
Warm up...
Warm up...
Warm up...
Warm up...
Warm up...
Warm up...
Warm up...
Warm up...
Warm up...
Warm up...
Warm up...
Warm up...
Warm up...
Warm up...
Warm up...
Warm up...
Warm up...
Warm up...
Warm up...
Warm up...
Warm up...
Warm up...
Warm up...
Warm up...
Warm up...
Warm up...
Warm up...
Warm up...
Warm up...
Warm up...
Warm up...
Warm up...
Warm up...
Warm up...
Warm up...
Warm up...
Warm up...
Warm up...
Warm up...
Warm up...
Warm up...
Warm up...
Warm up...
Warm up...
Warm up...
Warm up...
Warm up...
Warm up...
Warm up...
Warm up...
Warm up...
Warm up...
Warm up...
Warm up...
Warm up...
Warm up...
Warm up...
Warm up...
Warm up...
Warm up...
Warm up...
Warm up...
Warm up...
Warm up...
Warm up...
Warm up...
Warm up...
Warm up...
Warm up...
Warm up...
Warm up...
Warm up...
Warm up...
Warm up...
Warm up...
Warm up...
Warm up...
Warm up...
Warm up...
Warm up...
Warm up...
Warm up...
Warm up...
Warm up...
Warm up...
Warm up...
Warm up...
Warm up...
Warm up...
Warm up...
Warm up...
Warm up...
Warm up...
Warm up...
Warm up...
Warm up...
Warm up...
Warm up...
Warm up...
Warm up...
Warm up...
Warm up...
Warm up...
Warm up...
Warm up...
Warm up...
Warm up...
Warm up...
Warm up...
Warm up...
Warm up...
Warm up...
Warm up...
Warm up...
Warm up...
Warm up...
Warm up...
Warm up...
Warm up...
Warm up...
Warm up...
Warm up...
Warm up...
Warm up...
Warm up...
Warm up...
Warm up...
Warm up...
Warm up...
Warm up...
Warm up...
Warm up...
Warm up...
Warm up...
Warm up...
Warm up...
Warm up...
Warm up...
Warm up...
Warm up...
Warm up...
Warm up...
Warm up...
Warm up...
Warm up...
Warm up...
Warm up...
Warm up...
Warm up...
Warm up...
Warm up...
Warm up...
Warm up...
Warm up...
Warm up...
Warm up...
Warm up...
Warm up...
Warm up...
Warm up...
Warm up...
Warm up...
Warm up...
Warm up...
Warm up...
Warm up...
Warm up...
Warm up...
Warm up...
Warm up...
Warm up...
Warm up...
Warm up...
Warm up...
Warm up...
Warm up...
Warm up...
Warm up...
Warm up...
Warm up...
Warm up...
Warm up...
Warm up...
Warm up...
Warm up...
Warm up...
Warm up...
Warm up...
Warm up...
Warm up...
Warm up...
Warm up...
Warm up...
Warm up...
Warm up...
Warm up...
Warm up...
Warm up...
Warm up...
Warm up...
Warm up...
Warm up...
Warm up...
Warm up...
Warm up...
Warm up...
Warm up...
Warm up...
Warm up...
Warm up...
Executing experiment for 500 ops
Executing experiment for 500 ops
Executing experiment for 500 ops
Executing experiment for 500 ops
Executing experiment for 500 ops
Executing experiment for 500 ops
Executing experiment for 500 ops
Executing experiment for 500 ops
Executing experiment for 500 ops
Executing experiment for 500 ops
Executing experiment for 500 ops
Executing experiment for 500 ops
Executing experiment for 500 ops
Executing experiment for 500 ops
Executing experiment for 500 ops
Executing experiment for 500 ops
Executing experiment for 500 ops
Executing experiment for 500 ops
Executing experiment for 500 ops
Executing experiment for 500 ops
Executing experiment for 500 ops
Executing experiment for 500 ops
Executing experiment for 500 ops
Executing experiment for 500 ops
Executing experiment for 500 ops
Executing experiment for 500 ops
Executing experiment for 500 ops
Executing experiment for 500 ops
Executing experiment for 500 ops
Executing experiment for 500 ops
Executing experiment for 500 ops
Executing experiment for 500 ops
Executing experiment for 500 ops
Executing experiment for 500 ops
Executing experiment for 500 ops
Executing experiment for 500 ops
Executing experiment for 500 ops
Executing experiment for 500 ops
Executing experiment for 500 ops
Executing experiment for 500 ops
Executing experiment for 500 ops
Executing experiment for 500 ops
Executing experiment for 500 ops
Executing experiment for 500 ops
Executing experiment for 500 ops
Executing experiment for 500 ops
Executing experiment for 500 ops
Executing experiment for 500 ops
Executing experiment for 500 ops
Executing experiment for 500 ops
Executing experiment for 500 ops
Executing experiment for 500 ops
Executing experiment for 500 ops
Executing experiment for 500 ops
Executing experiment for 500 ops
Executing experiment for 500 ops
Executing experiment for 500 ops
Executing experiment for 500 ops
Executing experiment for 500 ops
Executing experiment for 500 ops
Executing experiment for 500 ops
Executing experiment for 500 ops
Executing experiment for 500 ops
Executing experiment for 500 ops
Executing experiment for 500 ops
Executing experiment for 500 ops
Executing experiment for 500 ops
Executing experiment for 500 ops
Executing experiment for 500 ops
Executing experiment for 500 ops
Executing experiment for 500 ops
Executing experiment for 500 ops
Executing experiment for 500 ops
Executing experiment for 500 ops
Executing experiment for 500 ops
Executing experiment for 500 ops
Executing experiment for 500 ops
Executing experiment for 500 ops
Executing experiment for 500 ops
Executing experiment for 500 ops
Executing experiment for 500 ops
Executing experiment for 500 ops
Executing experiment for 500 ops
Executing experiment for 500 ops
Executing experiment for 500 ops
Executing experiment for 500 ops
Executing experiment for 500 ops
Executing experiment for 500 ops
Executing experiment for 500 ops
Executing experiment for 500 ops
Executing experiment for 500 ops
Executing experiment for 500 ops
Executing experiment for 500 ops
Executing experiment for 500 ops
Executing experiment for 500 ops
Executing experiment for 500 ops
Executing experiment for 500 ops
Executing experiment for 500 ops
Executing experiment for 500 ops
Executing experiment for 500 ops
Executing experiment for 500 ops
Executing experiment for 500 ops
Executing experiment for 500 ops
Executing experiment for 500 ops
Executing experiment for 500 ops
Executing experiment for 500 ops
Executing experiment for 500 ops
Executing experiment for 500 ops
Executing experiment for 500 ops
Executing experiment for 500 ops
Executing experiment for 500 ops
Executing experiment for 500 ops
Executing experiment for 500 ops
Executing experiment for 500 ops
Executing experiment for 500 ops
Executing experiment for 500 ops
Executing experiment for 500 ops
Executing experiment for 500 ops
Executing experiment for 500 ops
Executing experiment for 500 ops
Executing experiment for 500 ops
Executing experiment for 500 ops
Executing experiment for 500 ops
Executing experiment for 500 ops
Executing experiment for 500 ops
Executing experiment for 500 ops
Executing experiment for 500 ops
Executing experiment for 500 ops
Executing experiment for 500 ops
Executing experiment for 500 ops
Executing experiment for 500 ops
Executing experiment for 500 ops
Executing experiment for 500 ops
Executing experiment for 500 ops
Executing experiment for 500 ops
Executing experiment for 500 ops
Executing experiment for 500 ops
Executing experiment for 500 ops
Executing experiment for 500 ops
Executing experiment for 500 ops
Executing experiment for 500 ops
Executing experiment for 500 ops
Executing experiment for 500 ops
Executing experiment for 500 ops
Executing experiment for 500 ops
Executing experiment for 500 ops
Executing experiment for 500 ops
Executing experiment for 500 ops
Executing experiment for 500 ops
Executing experiment for 500 ops
Executing experiment for 500 ops
Executing experiment for 500 ops
Executing experiment for 500 ops
Executing experiment for 500 ops
Executing experiment for 500 ops
Executing experiment for 500 ops
Executing experiment for 500 ops
Executing experiment for 500 ops
Executing experiment for 500 ops
Executing experiment for 500 ops
Executing experiment for 500 ops
Executing experiment for 500 ops
Executing experiment for 500 ops
Executing experiment for 500 ops
Executing experiment for 500 ops
Executing experiment for 500 ops
Executing experiment for 500 ops
Executing experiment for 500 ops
Executing experiment for 500 ops
Executing experiment for 500 ops
Executing experiment for 500 ops
Executing experiment for 500 ops
Executing experiment for 500 ops
Executing experiment for 500 ops
Executing experiment for 500 ops
Executing experiment for 500 ops
Executing experiment for 500 ops
Executing experiment for 500 ops
Executing experiment for 500 ops
Executing experiment for 500 ops
Executing experiment for 500 ops
Executing experiment for 500 ops
Executing experiment for 500 ops
Executing experiment for 500 ops
Executing experiment for 500 ops
Executing experiment for 500 ops
Executing experiment for 500 ops
Executing experiment for 500 ops
Executing experiment for 500 ops
Executing experiment for 500 ops
Executing experiment for 500 ops
Executing experiment for 500 ops
Executing experiment for 500 ops
Executing experiment for 500 ops
Executing experiment for 500 ops
Executing experiment for 500 ops
Executing experiment for 500 ops
Executing experiment for 500 ops
Executing experiment for 500 ops
Executing experiment for 500 ops
Executing experiment for 500 ops
Executing experiment for 500 ops
Executing experiment for 500 ops
Executing experiment for 500 ops
Executing experiment for 500 ops
Executing experiment for 500 ops
Executing experiment for 500 ops
Executing experiment for 500 ops
Executing experiment for 500 ops
Executing experiment for 500 ops
Executing experiment for 500 ops
Executing experiment for 500 ops
Executing experiment for 500 ops
Executing experiment for 500 ops
Executing experiment for 500 ops
Executing experiment for 500 ops
Executing experiment for 500 ops
Executing experiment for 500 ops
Executing experiment for 500 ops
Executing experiment for 500 ops
Executing experiment for 500 ops
Executing experiment for 500 ops
Executing experiment for 500 ops
Executing experiment for 500 ops
Executing experiment for 500 ops
Executing experiment for 500 ops
Executing experiment for 500 ops
Executing experiment for 500 ops
Executing experiment for 500 ops
Executing experiment for 500 ops
Executing experiment for 500 ops
Executing experiment for 500 ops
Executing experiment for 500 ops
Executing experiment for 500 ops
Executing experiment for 500 ops
Executing experiment for 500 ops
Executing experiment for 500 ops
Executing experiment for 500 ops
Executing experiment for 500 ops
Executing experiment for 500 ops
1240 // Average time for 500 executions (-10%) = 221868.63244 us 
1240 // Standard desviation for 500 executions (-10%) = NaN us 
1240 // Average time for 500 executions (all samples) = 220345.92992 us 
1240 // Standard desviation for 500 executions (all samples) = NaN us 
1240 // Maximum time for 500 executions (all samples) = 325929 us 
All clients done.
