Launching client 1000
Launching client 1001
Launching client 1002
Launching client 1003
Launching client 1004
Launching client 1005
Launching client 1006
Launching client 1007
Launching client 1008
Launching client 1009
Launching client 1010
Launching client 1011
Launching client 1012
Launching client 1013
Launching client 1014
Launching client 1015
Launching client 1016
Launching client 1017
Launching client 1018
Launching client 1019
Launching client 1020
Launching client 1021
Launching client 1022
Launching client 1023
Launching client 1024
Launching client 1025
Launching client 1026
Launching client 1027
Launching client 1028
Launching client 1029
Launching client 1030
Launching client 1031
Launching client 1032
Launching client 1033
Launching client 1034
Launching client 1035
Launching client 1036
Launching client 1037
Launching client 1038
Launching client 1039
Warm up...
Warm up...
Warm up...
Warm up...
Warm up...
Warm up...
Warm up...
Warm up...
Warm up...
Warm up...
Warm up...
Warm up...
Warm up...
Warm up...
Warm up...
Warm up...
Warm up...
Warm up...
Warm up...
Warm up...
Warm up...
Warm up...
Warm up...
Warm up...
Warm up...
Warm up...
Warm up...
Warm up...
Warm up...
Warm up...
Warm up...
Warm up...
Warm up...
Warm up...
Warm up...
Warm up...
Warm up...
Warm up...
Warm up...
Warm up...
Executing experiment for 500 ops
Executing experiment for 500 ops
Executing experiment for 500 ops
Executing experiment for 500 ops
Executing experiment for 500 ops
Executing experiment for 500 ops
Executing experiment for 500 ops
Executing experiment for 500 ops
Executing experiment for 500 ops
Executing experiment for 500 ops
Executing experiment for 500 ops
Executing experiment for 500 ops
Executing experiment for 500 ops
Executing experiment for 500 ops
Executing experiment for 500 ops
Executing experiment for 500 ops
Executing experiment for 500 ops
Executing experiment for 500 ops
Executing experiment for 500 ops
Executing experiment for 500 ops
Executing experiment for 500 ops
Executing experiment for 500 ops
Executing experiment for 500 ops
Executing experiment for 500 ops
Executing experiment for 500 ops
Executing experiment for 500 ops
Executing experiment for 500 ops
Executing experiment for 500 ops
Executing experiment for 500 ops
Executing experiment for 500 ops
Executing experiment for 500 ops
Executing experiment for 500 ops
Executing experiment for 500 ops
Executing experiment for 500 ops
Executing experiment for 500 ops
Executing experiment for 500 ops
Executing experiment for 500 ops
Executing experiment for 500 ops
Executing experiment for 500 ops
Executing experiment for 500 ops
1000 // Average time for 500 executions (-10%) = 35710.6089125 us 
1000 // Standard desviation for 500 executions (-10%) = 1495.3826280619598 us 
1000 // Average time for 500 executions (all samples) = 35545.432468 us 
1000 // Standard desviation for 500 executions (all samples) = 4800.451190123533 us 
1000 // Maximum time for 500 executions (all samples) = 53674 us 
All clients done.
