Launching client 1080
Launching client 1081
Launching client 1082
Launching client 1083
Launching client 1084
Launching client 1085
Launching client 1086
Launching client 1087
Launching client 1088
Launching client 1089
Launching client 1090
Launching client 1091
Launching client 1092
Launching client 1093
Launching client 1094
Launching client 1095
Launching client 1096
Launching client 1097
Launching client 1098
Launching client 1099
Launching client 1100
Launching client 1101
Launching client 1102
Launching client 1103
Launching client 1104
Launching client 1105
Launching client 1106
Launching client 1107
Launching client 1108
Launching client 1109
Launching client 1110
Launching client 1111
Launching client 1112
Launching client 1113
Launching client 1114
Launching client 1115
Launching client 1116
Launching client 1117
Launching client 1118
Launching client 1119
Launching client 1120
Launching client 1121
Launching client 1122
Launching client 1123
Launching client 1124
Launching client 1125
Launching client 1126
Launching client 1127
Launching client 1128
Launching client 1129
Launching client 1130
Launching client 1131
Launching client 1132
Launching client 1133
Launching client 1134
Launching client 1135
Launching client 1136
Launching client 1137
Launching client 1138
Launching client 1139
Launching client 1140
Launching client 1141
Launching client 1142
Launching client 1143
Launching client 1144
Launching client 1145
Launching client 1146
Launching client 1147
Launching client 1148
Launching client 1149
Launching client 1150
Launching client 1151
Launching client 1152
Launching client 1153
Launching client 1154
Launching client 1155
Launching client 1156
Launching client 1157
Launching client 1158
Launching client 1159
Warm up...
Warm up...
Warm up...
Warm up...
Warm up...
Warm up...
Warm up...
Warm up...
Warm up...
Warm up...
Warm up...
Warm up...
Warm up...
Warm up...
Warm up...
Warm up...
Warm up...
Warm up...
Warm up...
Warm up...
Warm up...
Warm up...
Warm up...
Warm up...
Warm up...
Warm up...
Warm up...
Warm up...
Warm up...
Warm up...
Warm up...
Warm up...
Warm up...
Warm up...
Warm up...
Warm up...
Warm up...
Warm up...
Warm up...
Warm up...
Warm up...
Warm up...
Warm up...
Warm up...
Warm up...
Warm up...
Warm up...
Warm up...
Warm up...
Warm up...
Warm up...
Warm up...
Warm up...
Warm up...
Warm up...
Warm up...
Warm up...
Warm up...
Warm up...
Warm up...
Warm up...
Warm up...
Warm up...
Warm up...
Warm up...
Warm up...
Warm up...
Warm up...
Warm up...
Warm up...
Warm up...
Warm up...
Warm up...
Warm up...
Warm up...
Warm up...
Warm up...
Warm up...
Warm up...
Warm up...
Executing experiment for 500 ops
Executing experiment for 500 ops
Executing experiment for 500 ops
Executing experiment for 500 ops
Executing experiment for 500 ops
Executing experiment for 500 ops
Executing experiment for 500 ops
Executing experiment for 500 ops
Executing experiment for 500 ops
Executing experiment for 500 ops
Executing experiment for 500 ops
Executing experiment for 500 ops
Executing experiment for 500 ops
Executing experiment for 500 ops
Executing experiment for 500 ops
Executing experiment for 500 ops
Executing experiment for 500 ops
Executing experiment for 500 ops
Executing experiment for 500 ops
Executing experiment for 500 ops
Executing experiment for 500 ops
Executing experiment for 500 ops
Executing experiment for 500 ops
Executing experiment for 500 ops
Executing experiment for 500 ops
Executing experiment for 500 ops
Executing experiment for 500 ops
Executing experiment for 500 ops
Executing experiment for 500 ops
Executing experiment for 500 ops
Executing experiment for 500 ops
Executing experiment for 500 ops
Executing experiment for 500 ops
Executing experiment for 500 ops
Executing experiment for 500 ops
Executing experiment for 500 ops
Executing experiment for 500 ops
Executing experiment for 500 ops
Executing experiment for 500 ops
Executing experiment for 500 ops
Executing experiment for 500 ops
Executing experiment for 500 ops
Executing experiment for 500 ops
Executing experiment for 500 ops
Executing experiment for 500 ops
Executing experiment for 500 ops
Executing experiment for 500 ops
Executing experiment for 500 ops
Executing experiment for 500 ops
Executing experiment for 500 ops
Executing experiment for 500 ops
Executing experiment for 500 ops
Executing experiment for 500 ops
Executing experiment for 500 ops
Executing experiment for 500 ops
Executing experiment for 500 ops
Executing experiment for 500 ops
Executing experiment for 500 ops
Executing experiment for 500 ops
Executing experiment for 500 ops
Executing experiment for 500 ops
Executing experiment for 500 ops
Executing experiment for 500 ops
Executing experiment for 500 ops
Executing experiment for 500 ops
Executing experiment for 500 ops
Executing experiment for 500 ops
Executing experiment for 500 ops
Executing experiment for 500 ops
Executing experiment for 500 ops
Executing experiment for 500 ops
Executing experiment for 500 ops
Executing experiment for 500 ops
Executing experiment for 500 ops
Executing experiment for 500 ops
Executing experiment for 500 ops
Executing experiment for 500 ops
Executing experiment for 500 ops
Executing experiment for 500 ops
Executing experiment for 500 ops
1080 // Average time for 500 executions (-10%) = 74398.65391 us 
1080 // Standard desviation for 500 executions (-10%) = 8808.525322436328 us 
1080 // Average time for 500 executions (all samples) = 73031.095046 us 
1080 // Standard desviation for 500 executions (all samples) = 10981.692988567425 us 
1080 // Maximum time for 500 executions (all samples) = 86440 us 
All clients done.
