Launching client 1320
Launching client 1321
Launching client 1322
Launching client 1323
Launching client 1324
Launching client 1325
Launching client 1326
Launching client 1327
Launching client 1328
Launching client 1329
Launching client 1330
Launching client 1331
Launching client 1332
Launching client 1333
Launching client 1334
Launching client 1335
Launching client 1336
Launching client 1337
Launching client 1338
Launching client 1339
Launching client 1340
Launching client 1341
Launching client 1342
Launching client 1343
Launching client 1344
Launching client 1345
Launching client 1346
Launching client 1347
Launching client 1348
Launching client 1349
Launching client 1350
Launching client 1351
Launching client 1352
Launching client 1353
Launching client 1354
Launching client 1355
Launching client 1356
Launching client 1357
Launching client 1358
Launching client 1359
Launching client 1360
Launching client 1361
Launching client 1362
Launching client 1363
Launching client 1364
Launching client 1365
Launching client 1366
Launching client 1367
Launching client 1368
Launching client 1369
Launching client 1370
Launching client 1371
Launching client 1372
Launching client 1373
Launching client 1374
Launching client 1375
Launching client 1376
Launching client 1377
Launching client 1378
Launching client 1379
Launching client 1380
Launching client 1381
Launching client 1382
Launching client 1383
Launching client 1384
Launching client 1385
Launching client 1386
Launching client 1387
Launching client 1388
Launching client 1389
Launching client 1390
Launching client 1391
Launching client 1392
Launching client 1393
Launching client 1394
Launching client 1395
Launching client 1396
Launching client 1397
Launching client 1398
Launching client 1399
Launching client 1400
Launching client 1401
Launching client 1402
Launching client 1403
Launching client 1404
Launching client 1405
Launching client 1406
Launching client 1407
Launching client 1408
Launching client 1409
Launching client 1410
Launching client 1411
Launching client 1412
Launching client 1413
Launching client 1414
Launching client 1415
Launching client 1416
Launching client 1417
Launching client 1418
Launching client 1419
Launching client 1420
Launching client 1421
Launching client 1422
Launching client 1423
Launching client 1424
Launching client 1425
Launching client 1426
Launching client 1427
Launching client 1428
Launching client 1429
Launching client 1430
Launching client 1431
Launching client 1432
Launching client 1433
Launching client 1434
Launching client 1435
Launching client 1436
Launching client 1437
Launching client 1438
Launching client 1439
Launching client 1440
Launching client 1441
Launching client 1442
Launching client 1443
Launching client 1444
Launching client 1445
Launching client 1446
Launching client 1447
Launching client 1448
Launching client 1449
Launching client 1450
Launching client 1451
Launching client 1452
Launching client 1453
Launching client 1454
Launching client 1455
Launching client 1456
Launching client 1457
Launching client 1458
Launching client 1459
Launching client 1460
Launching client 1461
Launching client 1462
Launching client 1463
Launching client 1464
Launching client 1465
Launching client 1466
Launching client 1467
Launching client 1468
Launching client 1469
Launching client 1470
Launching client 1471
Launching client 1472
Launching client 1473
Launching client 1474
Launching client 1475
Launching client 1476
Launching client 1477
Launching client 1478
Launching client 1479
Launching client 1480
Launching client 1481
Launching client 1482
Launching client 1483
Launching client 1484
Launching client 1485
Launching client 1486
Launching client 1487
Launching client 1488
Launching client 1489
Launching client 1490
Launching client 1491
Launching client 1492
Launching client 1493
Launching client 1494
Launching client 1495
Launching client 1496
Launching client 1497
Launching client 1498
Launching client 1499
Launching client 1500
Launching client 1501
Launching client 1502
Launching client 1503
Launching client 1504
Launching client 1505
Launching client 1506
Launching client 1507
Launching client 1508
Launching client 1509
Launching client 1510
Launching client 1511
Launching client 1512
Launching client 1513
Launching client 1514
Launching client 1515
Launching client 1516
Launching client 1517
Launching client 1518
Launching client 1519
Launching client 1520
Launching client 1521
Launching client 1522
Launching client 1523
Launching client 1524
Launching client 1525
Launching client 1526
Launching client 1527
Launching client 1528
Launching client 1529
Launching client 1530
Launching client 1531
Launching client 1532
Launching client 1533
Launching client 1534
Launching client 1535
Launching client 1536
Launching client 1537
Launching client 1538
Launching client 1539
Launching client 1540
Launching client 1541
Launching client 1542
Launching client 1543
Launching client 1544
Launching client 1545
Launching client 1546
Launching client 1547
Launching client 1548
Launching client 1549
Launching client 1550
Launching client 1551
Launching client 1552
Launching client 1553
Launching client 1554
Launching client 1555
Launching client 1556
Launching client 1557
Launching client 1558
Launching client 1559
Launching client 1560
Launching client 1561
Launching client 1562
Launching client 1563
Launching client 1564
Launching client 1565
Launching client 1566
Launching client 1567
Launching client 1568
Launching client 1569
Launching client 1570
Launching client 1571
Launching client 1572
Launching client 1573
Launching client 1574
Launching client 1575
Launching client 1576
Launching client 1577
Launching client 1578
Launching client 1579
Launching client 1580
Launching client 1581
Launching client 1582
Launching client 1583
Launching client 1584
Launching client 1585
Launching client 1586
Launching client 1587
Launching client 1588
Launching client 1589
Launching client 1590
Launching client 1591
Launching client 1592
Launching client 1593
Launching client 1594
Launching client 1595
Launching client 1596
Launching client 1597
Launching client 1598
Launching client 1599
Launching client 1600
Launching client 1601
Launching client 1602
Launching client 1603
Launching client 1604
Launching client 1605
Launching client 1606
Launching client 1607
Launching client 1608
Launching client 1609
Launching client 1610
Launching client 1611
Launching client 1612
Launching client 1613
Launching client 1614
Launching client 1615
Launching client 1616
Launching client 1617
Launching client 1618
Launching client 1619
Launching client 1620
Launching client 1621
Launching client 1622
Launching client 1623
Launching client 1624
Launching client 1625
Launching client 1626
Launching client 1627
Launching client 1628
Launching client 1629
Launching client 1630
Launching client 1631
Launching client 1632
Launching client 1633
Launching client 1634
Launching client 1635
Launching client 1636
Launching client 1637
Launching client 1638
Launching client 1639
Warm up...
Warm up...
Warm up...
Warm up...
Warm up...
Warm up...
Warm up...
Warm up...
Warm up...
Warm up...
Warm up...
Warm up...
Warm up...
Warm up...
Warm up...
Warm up...
Warm up...
Warm up...
Warm up...
Warm up...
Warm up...
Warm up...
Warm up...
Warm up...
Warm up...
Warm up...
Warm up...
Warm up...
Warm up...
Warm up...
Warm up...
Warm up...
Warm up...
Warm up...
Warm up...
Warm up...
Warm up...
Warm up...
Warm up...
Warm up...
Warm up...
Warm up...
Warm up...
Warm up...
Warm up...
Warm up...
Warm up...
Warm up...
Warm up...
Warm up...
Warm up...
Warm up...
Warm up...
Warm up...
Warm up...
Warm up...
Warm up...
Warm up...
Warm up...
Warm up...
Warm up...
Warm up...
Warm up...
Warm up...
Warm up...
Warm up...
Warm up...
Warm up...
Warm up...
Warm up...
Warm up...
Warm up...
Warm up...
Warm up...
Warm up...
Warm up...
Warm up...
Warm up...
Warm up...
Warm up...
Warm up...
Warm up...
Warm up...
Warm up...
Warm up...
Warm up...
Warm up...
Warm up...
Warm up...
Warm up...
Warm up...
Warm up...
Warm up...
Warm up...
Warm up...
Warm up...
Warm up...
Warm up...
Warm up...
Warm up...
Warm up...
Warm up...
Warm up...
Warm up...
Warm up...
Warm up...
Warm up...
Warm up...
Warm up...
Warm up...
Warm up...
Warm up...
Warm up...
Warm up...
Warm up...
Warm up...
Warm up...
Warm up...
Warm up...
Warm up...
Warm up...
Warm up...
Warm up...
Warm up...
Warm up...
Warm up...
Warm up...
Warm up...
Warm up...
Warm up...
Warm up...
Warm up...
Warm up...
Warm up...
Warm up...
Warm up...
Warm up...
Warm up...
Warm up...
Warm up...
Warm up...
Warm up...
Warm up...
Warm up...
Warm up...
Warm up...
Warm up...
Warm up...
Warm up...
Warm up...
Warm up...
Warm up...
Warm up...
Warm up...
Warm up...
Warm up...
Warm up...
Warm up...
Warm up...
Warm up...
Warm up...
Warm up...
Warm up...
Warm up...
Warm up...
Warm up...
Warm up...
Warm up...
Warm up...
Warm up...
Warm up...
Warm up...
Warm up...
Warm up...
Warm up...
Warm up...
Warm up...
Warm up...
Warm up...
Warm up...
Warm up...
Warm up...
Warm up...
Warm up...
Warm up...
Warm up...
Warm up...
Warm up...
Warm up...
Warm up...
Warm up...
Warm up...
Warm up...
Warm up...
Warm up...
Warm up...
Warm up...
Warm up...
Warm up...
Warm up...
Warm up...
Warm up...
Warm up...
Warm up...
Warm up...
Warm up...
Warm up...
Warm up...
Warm up...
Warm up...
Warm up...
Warm up...
Warm up...
Warm up...
Warm up...
Warm up...
Warm up...
Warm up...
Warm up...
Warm up...
Warm up...
Warm up...
Warm up...
Warm up...
Warm up...
Warm up...
Warm up...
Warm up...
Warm up...
Warm up...
Warm up...
Warm up...
Warm up...
Warm up...
Warm up...
Warm up...
Warm up...
Warm up...
Warm up...
Warm up...
Warm up...
Warm up...
Warm up...
Warm up...
Warm up...
Warm up...
Warm up...
Warm up...
Warm up...
Warm up...
Warm up...
Warm up...
Warm up...
Warm up...
Warm up...
Warm up...
Warm up...
Warm up...
Warm up...
Warm up...
Warm up...
Warm up...
Warm up...
Warm up...
Warm up...
Warm up...
Warm up...
Warm up...
Warm up...
Warm up...
Warm up...
Warm up...
Warm up...
Warm up...
Warm up...
Warm up...
Warm up...
Warm up...
Warm up...
Warm up...
Warm up...
Warm up...
Warm up...
Warm up...
Warm up...
Warm up...
Warm up...
Warm up...
Warm up...
Warm up...
Warm up...
Warm up...
Warm up...
Warm up...
Warm up...
Warm up...
Warm up...
Warm up...
Warm up...
Warm up...
Warm up...
Warm up...
Warm up...
Warm up...
Warm up...
Warm up...
Warm up...
Warm up...
Warm up...
Warm up...
Warm up...
Warm up...
Warm up...
Warm up...
Warm up...
Warm up...
Warm up...
Warm up...
Warm up...
Warm up...
Executing experiment for 500 ops
Executing experiment for 500 ops
Executing experiment for 500 ops
Executing experiment for 500 ops
Executing experiment for 500 ops
Executing experiment for 500 ops
Executing experiment for 500 ops
Executing experiment for 500 ops
Executing experiment for 500 ops
Executing experiment for 500 ops
Executing experiment for 500 ops
Executing experiment for 500 ops
Executing experiment for 500 ops
Executing experiment for 500 ops
Executing experiment for 500 ops
Executing experiment for 500 ops
Executing experiment for 500 ops
Executing experiment for 500 ops
Executing experiment for 500 ops
Executing experiment for 500 ops
Executing experiment for 500 ops
Executing experiment for 500 ops
Executing experiment for 500 ops
Executing experiment for 500 ops
Executing experiment for 500 ops
Executing experiment for 500 ops
Executing experiment for 500 ops
Executing experiment for 500 ops
Executing experiment for 500 ops
Executing experiment for 500 ops
Executing experiment for 500 ops
Executing experiment for 500 ops
Executing experiment for 500 ops
Executing experiment for 500 ops
Executing experiment for 500 ops
Executing experiment for 500 ops
Executing experiment for 500 ops
Executing experiment for 500 ops
Executing experiment for 500 ops
Executing experiment for 500 ops
Executing experiment for 500 ops
Executing experiment for 500 ops
Executing experiment for 500 ops
Executing experiment for 500 ops
Executing experiment for 500 ops
Executing experiment for 500 ops
Executing experiment for 500 ops
Executing experiment for 500 ops
Executing experiment for 500 ops
Executing experiment for 500 ops
Executing experiment for 500 ops
Executing experiment for 500 ops
Executing experiment for 500 ops
Executing experiment for 500 ops
Executing experiment for 500 ops
Executing experiment for 500 ops
Executing experiment for 500 ops
Executing experiment for 500 ops
Executing experiment for 500 ops
Executing experiment for 500 ops
Executing experiment for 500 ops
Executing experiment for 500 ops
Executing experiment for 500 ops
Executing experiment for 500 ops
Executing experiment for 500 ops
Executing experiment for 500 ops
Executing experiment for 500 ops
Executing experiment for 500 ops
Executing experiment for 500 ops
Executing experiment for 500 ops
Executing experiment for 500 ops
Executing experiment for 500 ops
Executing experiment for 500 ops
Executing experiment for 500 ops
Executing experiment for 500 ops
Executing experiment for 500 ops
Executing experiment for 500 ops
Executing experiment for 500 ops
Executing experiment for 500 ops
Executing experiment for 500 ops
Executing experiment for 500 ops
Executing experiment for 500 ops
Executing experiment for 500 ops
Executing experiment for 500 ops
Executing experiment for 500 ops
Executing experiment for 500 ops
Executing experiment for 500 ops
Executing experiment for 500 ops
Executing experiment for 500 ops
Executing experiment for 500 ops
Executing experiment for 500 ops
Executing experiment for 500 ops
Executing experiment for 500 ops
Executing experiment for 500 ops
Executing experiment for 500 ops
Executing experiment for 500 ops
Executing experiment for 500 ops
Executing experiment for 500 ops
Executing experiment for 500 ops
Executing experiment for 500 ops
Executing experiment for 500 ops
Executing experiment for 500 ops
Executing experiment for 500 ops
Executing experiment for 500 ops
Executing experiment for 500 ops
Executing experiment for 500 ops
Executing experiment for 500 ops
Executing experiment for 500 ops
Executing experiment for 500 ops
Executing experiment for 500 ops
Executing experiment for 500 ops
Executing experiment for 500 ops
Executing experiment for 500 ops
Executing experiment for 500 ops
Executing experiment for 500 ops
Executing experiment for 500 ops
Executing experiment for 500 ops
Executing experiment for 500 ops
Executing experiment for 500 ops
Executing experiment for 500 ops
Executing experiment for 500 ops
Executing experiment for 500 ops
Executing experiment for 500 ops
Executing experiment for 500 ops
Executing experiment for 500 ops
Executing experiment for 500 ops
Executing experiment for 500 ops
Executing experiment for 500 ops
Executing experiment for 500 ops
Executing experiment for 500 ops
Executing experiment for 500 ops
Executing experiment for 500 ops
Executing experiment for 500 ops
Executing experiment for 500 ops
Executing experiment for 500 ops
Executing experiment for 500 ops
Executing experiment for 500 ops
Executing experiment for 500 ops
Executing experiment for 500 ops
Executing experiment for 500 ops
Executing experiment for 500 ops
Executing experiment for 500 ops
Executing experiment for 500 ops
Executing experiment for 500 ops
Executing experiment for 500 ops
Executing experiment for 500 ops
Executing experiment for 500 ops
Executing experiment for 500 ops
Executing experiment for 500 ops
Executing experiment for 500 ops
Executing experiment for 500 ops
Executing experiment for 500 ops
Executing experiment for 500 ops
Executing experiment for 500 ops
Executing experiment for 500 ops
Executing experiment for 500 ops
Executing experiment for 500 ops
Executing experiment for 500 ops
Executing experiment for 500 ops
Executing experiment for 500 ops
Executing experiment for 500 ops
Executing experiment for 500 ops
Executing experiment for 500 ops
Executing experiment for 500 ops
Executing experiment for 500 ops
Executing experiment for 500 ops
Executing experiment for 500 ops
Executing experiment for 500 ops
Executing experiment for 500 ops
Executing experiment for 500 ops
Executing experiment for 500 ops
Executing experiment for 500 ops
Executing experiment for 500 ops
Executing experiment for 500 ops
Executing experiment for 500 ops
Executing experiment for 500 ops
Executing experiment for 500 ops
Executing experiment for 500 ops
Executing experiment for 500 ops
Executing experiment for 500 ops
Executing experiment for 500 ops
Executing experiment for 500 ops
Executing experiment for 500 ops
Executing experiment for 500 ops
Executing experiment for 500 ops
Executing experiment for 500 ops
Executing experiment for 500 ops
Executing experiment for 500 ops
Executing experiment for 500 ops
Executing experiment for 500 ops
Executing experiment for 500 ops
Executing experiment for 500 ops
Executing experiment for 500 ops
Executing experiment for 500 ops
Executing experiment for 500 ops
Executing experiment for 500 ops
Executing experiment for 500 ops
Executing experiment for 500 ops
Executing experiment for 500 ops
Executing experiment for 500 ops
Executing experiment for 500 ops
Executing experiment for 500 ops
Executing experiment for 500 ops
Executing experiment for 500 ops
Executing experiment for 500 ops
Executing experiment for 500 ops
Executing experiment for 500 ops
Executing experiment for 500 ops
Executing experiment for 500 ops
Executing experiment for 500 ops
Executing experiment for 500 ops
Executing experiment for 500 ops
Executing experiment for 500 ops
Executing experiment for 500 ops
Executing experiment for 500 ops
Executing experiment for 500 ops
Executing experiment for 500 ops
Executing experiment for 500 ops
Executing experiment for 500 ops
Executing experiment for 500 ops
Executing experiment for 500 ops
Executing experiment for 500 ops
Executing experiment for 500 ops
Executing experiment for 500 ops
Executing experiment for 500 ops
Executing experiment for 500 ops
Executing experiment for 500 ops
Executing experiment for 500 ops
Executing experiment for 500 ops
Executing experiment for 500 ops
Executing experiment for 500 ops
Executing experiment for 500 ops
Executing experiment for 500 ops
Executing experiment for 500 ops
Executing experiment for 500 ops
Executing experiment for 500 ops
Executing experiment for 500 ops
Executing experiment for 500 ops
Executing experiment for 500 ops
Executing experiment for 500 ops
Executing experiment for 500 ops
Executing experiment for 500 ops
Executing experiment for 500 ops
Executing experiment for 500 ops
Executing experiment for 500 ops
Executing experiment for 500 ops
Executing experiment for 500 ops
Executing experiment for 500 ops
Executing experiment for 500 ops
Executing experiment for 500 ops
Executing experiment for 500 ops
Executing experiment for 500 ops
Executing experiment for 500 ops
Executing experiment for 500 ops
Executing experiment for 500 ops
Executing experiment for 500 ops
Executing experiment for 500 ops
Executing experiment for 500 ops
Executing experiment for 500 ops
Executing experiment for 500 ops
Executing experiment for 500 ops
Executing experiment for 500 ops
Executing experiment for 500 ops
Executing experiment for 500 ops
Executing experiment for 500 ops
Executing experiment for 500 ops
Executing experiment for 500 ops
Executing experiment for 500 ops
Executing experiment for 500 ops
Executing experiment for 500 ops
Executing experiment for 500 ops
Executing experiment for 500 ops
Executing experiment for 500 ops
Executing experiment for 500 ops
Executing experiment for 500 ops
Executing experiment for 500 ops
Executing experiment for 500 ops
Executing experiment for 500 ops
Executing experiment for 500 ops
Executing experiment for 500 ops
Executing experiment for 500 ops
Executing experiment for 500 ops
Executing experiment for 500 ops
Executing experiment for 500 ops
Executing experiment for 500 ops
Executing experiment for 500 ops
Executing experiment for 500 ops
Executing experiment for 500 ops
Executing experiment for 500 ops
Executing experiment for 500 ops
Executing experiment for 500 ops
Executing experiment for 500 ops
Executing experiment for 500 ops
Executing experiment for 500 ops
Executing experiment for 500 ops
Executing experiment for 500 ops
Executing experiment for 500 ops
Executing experiment for 500 ops
Executing experiment for 500 ops
Executing experiment for 500 ops
Executing experiment for 500 ops
Executing experiment for 500 ops
Executing experiment for 500 ops
Executing experiment for 500 ops
Executing experiment for 500 ops
Executing experiment for 500 ops
Executing experiment for 500 ops
Executing experiment for 500 ops
Executing experiment for 500 ops
Executing experiment for 500 ops
Executing experiment for 500 ops
Executing experiment for 500 ops
Executing experiment for 500 ops
Executing experiment for 500 ops
Executing experiment for 500 ops
Executing experiment for 500 ops
Executing experiment for 500 ops
Executing experiment for 500 ops
Executing experiment for 500 ops
Executing experiment for 500 ops
1320 // Average time for 500 executions (-10%) = 296754.8342 us 
1320 // Standard desviation for 500 executions (-10%) = NaN us 
1320 // Average time for 500 executions (all samples) = 293108.277158 us 
1320 // Standard desviation for 500 executions (all samples) = NaN us 
1320 // Maximum time for 500 executions (all samples) = 400184 us 
All clients done.
