Launching client 1000
Launching client 1001
Launching client 1002
Launching client 1003
Launching client 1004
Launching client 1005
Launching client 1006
Launching client 1007
Launching client 1008
Launching client 1009
Launching client 1010
Launching client 1011
Launching client 1012
Launching client 1013
Launching client 1014
Launching client 1015
Launching client 1016
Launching client 1017
Launching client 1018
Launching client 1019
Launching client 1020
Launching client 1021
Launching client 1022
Launching client 1023
Launching client 1024
Launching client 1025
Launching client 1026
Launching client 1027
Launching client 1028
Launching client 1029
Launching client 1030
Launching client 1031
Launching client 1032
Launching client 1033
Launching client 1034
Launching client 1035
Launching client 1036
Launching client 1037
Launching client 1038
Launching client 1039
Launching client 1040
Launching client 1041
Launching client 1042
Launching client 1043
Launching client 1044
Launching client 1045
Launching client 1046
Launching client 1047
Launching client 1048
Launching client 1049
Launching client 1050
Launching client 1051
Launching client 1052
Launching client 1053
Launching client 1054
Launching client 1055
Launching client 1056
Launching client 1057
Launching client 1058
Launching client 1059
Launching client 1060
Launching client 1061
Launching client 1062
Launching client 1063
Launching client 1064
Launching client 1065
Launching client 1066
Launching client 1067
Launching client 1068
Launching client 1069
Launching client 1070
Launching client 1071
Launching client 1072
Launching client 1073
Launching client 1074
Launching client 1075
Launching client 1076
Launching client 1077
Launching client 1078
Launching client 1079
Warm up...
Warm up...
Warm up...
Warm up...
Warm up...
Warm up...
Warm up...
Warm up...
Warm up...
Warm up...
Warm up...
Warm up...
Warm up...
Warm up...
Warm up...
Warm up...
Warm up...
Warm up...
Warm up...
Warm up...
Warm up...
Warm up...
Warm up...
Warm up...
Warm up...
Warm up...
Warm up...
Warm up...
Warm up...
Warm up...
Warm up...
Warm up...
Warm up...
Warm up...
Warm up...
Warm up...
Warm up...
Warm up...
Warm up...
Warm up...
Warm up...
Warm up...
Warm up...
Warm up...
Warm up...
Warm up...
Warm up...
Warm up...
Warm up...
Warm up...
Warm up...
Warm up...
Warm up...
Warm up...
Warm up...
Warm up...
Warm up...
Warm up...
Warm up...
Warm up...
Warm up...
Warm up...
Warm up...
Warm up...
Warm up...
Warm up...
Warm up...
Warm up...
Warm up...
Warm up...
Warm up...
Warm up...
Warm up...
Warm up...
Warm up...
Warm up...
Warm up...
Warm up...
Warm up...
Warm up...
Executing experiment for 500 ops
Executing experiment for 500 ops
Executing experiment for 500 ops
Executing experiment for 500 ops
Executing experiment for 500 ops
Executing experiment for 500 ops
Executing experiment for 500 ops
Executing experiment for 500 ops
Executing experiment for 500 ops
Executing experiment for 500 ops
Executing experiment for 500 ops
Executing experiment for 500 ops
Executing experiment for 500 ops
Executing experiment for 500 ops
Executing experiment for 500 ops
Executing experiment for 500 ops
Executing experiment for 500 ops
Executing experiment for 500 ops
Executing experiment for 500 ops
Executing experiment for 500 ops
Executing experiment for 500 ops
Executing experiment for 500 ops
Executing experiment for 500 ops
Executing experiment for 500 ops
Executing experiment for 500 ops
Executing experiment for 500 ops
Executing experiment for 500 ops
Executing experiment for 500 ops
Executing experiment for 500 ops
Executing experiment for 500 ops
Executing experiment for 500 ops
Executing experiment for 500 ops
Executing experiment for 500 ops
Executing experiment for 500 ops
Executing experiment for 500 ops
Executing experiment for 500 ops
Executing experiment for 500 ops
Executing experiment for 500 ops
Executing experiment for 500 ops
Executing experiment for 500 ops
Executing experiment for 500 ops
Executing experiment for 500 ops
Executing experiment for 500 ops
Executing experiment for 500 ops
Executing experiment for 500 ops
Executing experiment for 500 ops
Executing experiment for 500 ops
Executing experiment for 500 ops
Executing experiment for 500 ops
Executing experiment for 500 ops
Executing experiment for 500 ops
Executing experiment for 500 ops
Executing experiment for 500 ops
Executing experiment for 500 ops
Executing experiment for 500 ops
Executing experiment for 500 ops
Executing experiment for 500 ops
Executing experiment for 500 ops
Executing experiment for 500 ops
Executing experiment for 500 ops
Executing experiment for 500 ops
Executing experiment for 500 ops
Executing experiment for 500 ops
Executing experiment for 500 ops
Executing experiment for 500 ops
Executing experiment for 500 ops
Executing experiment for 500 ops
Executing experiment for 500 ops
Executing experiment for 500 ops
Executing experiment for 500 ops
Executing experiment for 500 ops
Executing experiment for 500 ops
Executing experiment for 500 ops
Executing experiment for 500 ops
Executing experiment for 500 ops
Executing experiment for 500 ops
Executing experiment for 500 ops
Executing experiment for 500 ops
Executing experiment for 500 ops
Executing experiment for 500 ops
1000 // Average time for 500 executions (-10%) = 72476.05945999999 us 
1000 // Standard desviation for 500 executions (-10%) = 11446.60896470783 us 
1000 // Average time for 500 executions (all samples) = 71799.320434 us 
1000 // Standard desviation for 500 executions (all samples) = 12736.631196419408 us 
1000 // Maximum time for 500 executions (all samples) = 100541 us 
All clients done.
