Launching client 1040
Launching client 1041
Launching client 1042
Launching client 1043
Launching client 1044
Launching client 1045
Launching client 1046
Launching client 1047
Launching client 1048
Launching client 1049
Launching client 1050
Launching client 1051
Launching client 1052
Launching client 1053
Launching client 1054
Launching client 1055
Launching client 1056
Launching client 1057
Launching client 1058
Launching client 1059
Warm up...
Warm up...
Warm up...
Warm up...
Warm up...
Warm up...
Warm up...
Warm up...
Warm up...
Warm up...
Warm up...
Warm up...
Warm up...
Warm up...
Warm up...
Warm up...
Warm up...
Warm up...
Warm up...
Warm up...
Executing experiment for 500 ops
Executing experiment for 500 ops
Executing experiment for 500 ops
Executing experiment for 500 ops
Executing experiment for 500 ops
Executing experiment for 500 ops
Executing experiment for 500 ops
Executing experiment for 500 ops
Executing experiment for 500 ops
Executing experiment for 500 ops
Executing experiment for 500 ops
Executing experiment for 500 ops
Executing experiment for 500 ops
Executing experiment for 500 ops
Executing experiment for 500 ops
Executing experiment for 500 ops
Executing experiment for 500 ops
Executing experiment for 500 ops
Executing experiment for 500 ops
Executing experiment for 500 ops
1040 // Average time for 500 executions (-10%) = 15989.1290175 us 
1040 // Standard desviation for 500 executions (-10%) = 976.9460983934556 us 
1040 // Average time for 500 executions (all samples) = 15908.51618 us 
1040 // Standard desviation for 500 executions (all samples) = 2493.9699392901507 us 
1040 // Maximum time for 500 executions (all samples) = 28842 us 
All clients done.
