Launching client 1020
Launching client 1021
Launching client 1022
Launching client 1023
Launching client 1024
Launching client 1025
Launching client 1026
Launching client 1027
Launching client 1028
Launching client 1029
Warm up...
Warm up...
Warm up...
Warm up...
Warm up...
Warm up...
Warm up...
Warm up...
Warm up...
Warm up...
Executing experiment for 500 ops
Executing experiment for 500 ops
Executing experiment for 500 ops
Executing experiment for 500 ops
Executing experiment for 500 ops
Executing experiment for 500 ops
Executing experiment for 500 ops
Executing experiment for 500 ops
Executing experiment for 500 ops
Executing experiment for 500 ops
1020 // Average time for 500 executions (-10%) = 10497.17276 us 
1020 // Standard desviation for 500 executions (-10%) = 1592.1419692524587 us 
1020 // Average time for 500 executions (all samples) = 10626.38912 us 
1020 // Standard desviation for 500 executions (all samples) = 2782.063772360025 us 
1020 // Maximum time for 500 executions (all samples) = 22981 us 
All clients done.
