Launching client 1040
Launching client 1041
Launching client 1042
Launching client 1043
Launching client 1044
Launching client 1045
Launching client 1046
Launching client 1047
Launching client 1048
Launching client 1049
Warm up...
Warm up...
Warm up...
Warm up...
Warm up...
Warm up...
Warm up...
Warm up...
Warm up...
Warm up...
Executing experiment for 500 ops
Executing experiment for 500 ops
Executing experiment for 500 ops
Executing experiment for 500 ops
Executing experiment for 500 ops
Executing experiment for 500 ops
Executing experiment for 500 ops
Executing experiment for 500 ops
Executing experiment for 500 ops
Executing experiment for 500 ops
1040 // Average time for 500 executions (-10%) = 10484.930849999999 us 
1040 // Standard desviation for 500 executions (-10%) = 1618.4800436078947 us 
1040 // Average time for 500 executions (all samples) = 10644.69015 us 
1040 // Standard desviation for 500 executions (all samples) = 2849.4435444293276 us 
1040 // Maximum time for 500 executions (all samples) = 26956 us 
All clients done.
