Launching client 1720
Launching client 1721
Launching client 1722
Launching client 1723
Launching client 1724
Launching client 1725
Launching client 1726
Launching client 1727
Launching client 1728
Launching client 1729
Launching client 1730
Launching client 1731
Launching client 1732
Launching client 1733
Launching client 1734
Launching client 1735
Launching client 1736
Launching client 1737
Launching client 1738
Launching client 1739
Launching client 1740
Launching client 1741
Launching client 1742
Launching client 1743
Launching client 1744
Launching client 1745
Launching client 1746
Launching client 1747
Launching client 1748
Launching client 1749
Launching client 1750
Launching client 1751
Launching client 1752
Launching client 1753
Launching client 1754
Launching client 1755
Launching client 1756
Launching client 1757
Launching client 1758
Launching client 1759
Launching client 1760
Launching client 1761
Launching client 1762
Launching client 1763
Launching client 1764
Launching client 1765
Launching client 1766
Launching client 1767
Launching client 1768
Launching client 1769
Launching client 1770
Launching client 1771
Launching client 1772
Launching client 1773
Launching client 1774
Launching client 1775
Launching client 1776
Launching client 1777
Launching client 1778
Launching client 1779
Launching client 1780
Launching client 1781
Launching client 1782
Launching client 1783
Launching client 1784
Launching client 1785
Launching client 1786
Launching client 1787
Launching client 1788
Launching client 1789
Launching client 1790
Launching client 1791
Launching client 1792
Launching client 1793
Launching client 1794
Launching client 1795
Launching client 1796
Launching client 1797
Launching client 1798
Launching client 1799
Launching client 1800
Launching client 1801
Launching client 1802
Launching client 1803
Launching client 1804
Launching client 1805
Launching client 1806
Launching client 1807
Launching client 1808
Launching client 1809
Launching client 1810
Launching client 1811
Launching client 1812
Launching client 1813
Launching client 1814
Launching client 1815
Launching client 1816
Launching client 1817
Launching client 1818
Launching client 1819
Launching client 1820
Launching client 1821
Launching client 1822
Launching client 1823
Launching client 1824
Launching client 1825
Launching client 1826
Launching client 1827
Launching client 1828
Launching client 1829
Launching client 1830
Launching client 1831
Launching client 1832
Launching client 1833
Launching client 1834
Launching client 1835
Launching client 1836
Launching client 1837
Launching client 1838
Launching client 1839
Launching client 1840
Launching client 1841
Launching client 1842
Launching client 1843
Launching client 1844
Launching client 1845
Launching client 1846
Launching client 1847
Launching client 1848
Launching client 1849
Launching client 1850
Launching client 1851
Launching client 1852
Launching client 1853
Launching client 1854
Launching client 1855
Launching client 1856
Launching client 1857
Launching client 1858
Launching client 1859
Launching client 1860
Launching client 1861
Launching client 1862
Launching client 1863
Launching client 1864
Launching client 1865
Launching client 1866
Launching client 1867
Launching client 1868
Launching client 1869
Launching client 1870
Launching client 1871
Launching client 1872
Launching client 1873
Launching client 1874
Launching client 1875
Launching client 1876
Launching client 1877
Launching client 1878
Launching client 1879
Launching client 1880
Launching client 1881
Launching client 1882
Launching client 1883
Launching client 1884
Launching client 1885
Launching client 1886
Launching client 1887
Launching client 1888
Launching client 1889
Launching client 1890
Launching client 1891
Launching client 1892
Launching client 1893
Launching client 1894
Launching client 1895
Launching client 1896
Launching client 1897
Launching client 1898
Launching client 1899
Launching client 1900
Launching client 1901
Launching client 1902
Launching client 1903
Launching client 1904
Launching client 1905
Launching client 1906
Launching client 1907
Launching client 1908
Launching client 1909
Launching client 1910
Launching client 1911
Launching client 1912
Launching client 1913
Launching client 1914
Launching client 1915
Launching client 1916
Launching client 1917
Launching client 1918
Launching client 1919
Launching client 1920
Launching client 1921
Launching client 1922
Launching client 1923
Launching client 1924
Launching client 1925
Launching client 1926
Launching client 1927
Launching client 1928
Launching client 1929
Launching client 1930
Launching client 1931
Launching client 1932
Launching client 1933
Launching client 1934
Launching client 1935
Launching client 1936
Launching client 1937
Launching client 1938
Launching client 1939
Launching client 1940
Launching client 1941
Launching client 1942
Launching client 1943
Launching client 1944
Launching client 1945
Launching client 1946
Launching client 1947
Launching client 1948
Launching client 1949
Launching client 1950
Launching client 1951
Launching client 1952
Launching client 1953
Launching client 1954
Launching client 1955
Launching client 1956
Launching client 1957
Launching client 1958
Launching client 1959
Warm up...
Warm up...
Warm up...
Warm up...
Warm up...
Warm up...
Warm up...
Warm up...
Warm up...
Warm up...
Warm up...
Warm up...
Warm up...
Warm up...
Warm up...
Warm up...
Warm up...
Warm up...
Warm up...
Warm up...
Warm up...
Warm up...
Warm up...
Warm up...
Warm up...
Warm up...
Warm up...
Warm up...
Warm up...
Warm up...
Warm up...
Warm up...
Warm up...
Warm up...
Warm up...
Warm up...
Warm up...
Warm up...
Warm up...
Warm up...
Warm up...
Warm up...
Warm up...
Warm up...
Warm up...
Warm up...
Warm up...
Warm up...
Warm up...
Warm up...
Warm up...
Warm up...
Warm up...
Warm up...
Warm up...
Warm up...
Warm up...
Warm up...
Warm up...
Warm up...
Warm up...
Warm up...
Warm up...
Warm up...
Warm up...
Warm up...
Warm up...
Warm up...
Warm up...
Warm up...
Warm up...
Warm up...
Warm up...
Warm up...
Warm up...
Warm up...
Warm up...
Warm up...
Warm up...
Warm up...
Warm up...
Warm up...
Warm up...
Warm up...
Warm up...
Warm up...
Warm up...
Warm up...
Warm up...
Warm up...
Warm up...
Warm up...
Warm up...
Warm up...
Warm up...
Warm up...
Warm up...
Warm up...
Warm up...
Warm up...
Warm up...
Warm up...
Warm up...
Warm up...
Warm up...
Warm up...
Warm up...
Warm up...
Warm up...
Warm up...
Warm up...
Warm up...
Warm up...
Warm up...
Warm up...
Warm up...
Warm up...
Warm up...
Warm up...
Warm up...
Warm up...
Warm up...
Warm up...
Warm up...
Warm up...
Warm up...
Warm up...
Warm up...
Warm up...
Warm up...
Warm up...
Warm up...
Warm up...
Warm up...
Warm up...
Warm up...
Warm up...
Warm up...
Warm up...
Warm up...
Warm up...
Warm up...
Warm up...
Warm up...
Warm up...
Warm up...
Warm up...
Warm up...
Warm up...
Warm up...
Warm up...
Warm up...
Warm up...
Warm up...
Warm up...
Warm up...
Warm up...
Warm up...
Warm up...
Warm up...
Warm up...
Warm up...
Warm up...
Warm up...
Warm up...
Warm up...
Warm up...
Warm up...
Warm up...
Warm up...
Warm up...
Warm up...
Warm up...
Warm up...
Warm up...
Warm up...
Warm up...
Warm up...
Warm up...
Warm up...
Warm up...
Warm up...
Warm up...
Warm up...
Warm up...
Warm up...
Warm up...
Warm up...
Warm up...
Warm up...
Warm up...
Warm up...
Warm up...
Warm up...
Warm up...
Warm up...
Warm up...
Warm up...
Warm up...
Warm up...
Warm up...
Warm up...
Warm up...
Warm up...
Warm up...
Warm up...
Warm up...
Warm up...
Warm up...
Warm up...
Warm up...
Warm up...
Warm up...
Warm up...
Warm up...
Warm up...
Warm up...
Warm up...
Warm up...
Warm up...
Warm up...
Warm up...
Warm up...
Warm up...
Warm up...
Warm up...
Warm up...
Warm up...
Warm up...
Warm up...
Warm up...
Warm up...
Warm up...
Warm up...
Warm up...
Warm up...
Warm up...
Warm up...
Warm up...
Warm up...
Executing experiment for 500 ops
Executing experiment for 500 ops
Executing experiment for 500 ops
Executing experiment for 500 ops
Executing experiment for 500 ops
Executing experiment for 500 ops
Executing experiment for 500 ops
Executing experiment for 500 ops
Executing experiment for 500 ops
Executing experiment for 500 ops
Executing experiment for 500 ops
Executing experiment for 500 ops
Executing experiment for 500 ops
Executing experiment for 500 ops
Executing experiment for 500 ops
Executing experiment for 500 ops
Executing experiment for 500 ops
Executing experiment for 500 ops
Executing experiment for 500 ops
Executing experiment for 500 ops
Executing experiment for 500 ops
Executing experiment for 500 ops
Executing experiment for 500 ops
Executing experiment for 500 ops
Executing experiment for 500 ops
Executing experiment for 500 ops
Executing experiment for 500 ops
Executing experiment for 500 ops
Executing experiment for 500 ops
Executing experiment for 500 ops
Executing experiment for 500 ops
Executing experiment for 500 ops
Executing experiment for 500 ops
Executing experiment for 500 ops
Executing experiment for 500 ops
Executing experiment for 500 ops
Executing experiment for 500 ops
Executing experiment for 500 ops
Executing experiment for 500 ops
Executing experiment for 500 ops
Executing experiment for 500 ops
Executing experiment for 500 ops
Executing experiment for 500 ops
Executing experiment for 500 ops
Executing experiment for 500 ops
Executing experiment for 500 ops
Executing experiment for 500 ops
Executing experiment for 500 ops
Executing experiment for 500 ops
Executing experiment for 500 ops
Executing experiment for 500 ops
Executing experiment for 500 ops
Executing experiment for 500 ops
Executing experiment for 500 ops
Executing experiment for 500 ops
Executing experiment for 500 ops
Executing experiment for 500 ops
Executing experiment for 500 ops
Executing experiment for 500 ops
Executing experiment for 500 ops
Executing experiment for 500 ops
Executing experiment for 500 ops
Executing experiment for 500 ops
Executing experiment for 500 ops
Executing experiment for 500 ops
Executing experiment for 500 ops
Executing experiment for 500 ops
Executing experiment for 500 ops
Executing experiment for 500 ops
Executing experiment for 500 ops
Executing experiment for 500 ops
Executing experiment for 500 ops
Executing experiment for 500 ops
Executing experiment for 500 ops
Executing experiment for 500 ops
Executing experiment for 500 ops
Executing experiment for 500 ops
Executing experiment for 500 ops
Executing experiment for 500 ops
Executing experiment for 500 ops
Executing experiment for 500 ops
Executing experiment for 500 ops
Executing experiment for 500 ops
Executing experiment for 500 ops
Executing experiment for 500 ops
Executing experiment for 500 ops
Executing experiment for 500 ops
Executing experiment for 500 ops
Executing experiment for 500 ops
Executing experiment for 500 ops
Executing experiment for 500 ops
Executing experiment for 500 ops
Executing experiment for 500 ops
Executing experiment for 500 ops
Executing experiment for 500 ops
Executing experiment for 500 ops
Executing experiment for 500 ops
Executing experiment for 500 ops
Executing experiment for 500 ops
Executing experiment for 500 ops
Executing experiment for 500 ops
Executing experiment for 500 ops
Executing experiment for 500 ops
Executing experiment for 500 ops
Executing experiment for 500 ops
Executing experiment for 500 ops
Executing experiment for 500 ops
Executing experiment for 500 ops
Executing experiment for 500 ops
Executing experiment for 500 ops
Executing experiment for 500 ops
Executing experiment for 500 ops
Executing experiment for 500 ops
Executing experiment for 500 ops
Executing experiment for 500 ops
Executing experiment for 500 ops
Executing experiment for 500 ops
Executing experiment for 500 ops
Executing experiment for 500 ops
Executing experiment for 500 ops
Executing experiment for 500 ops
Executing experiment for 500 ops
Executing experiment for 500 ops
Executing experiment for 500 ops
Executing experiment for 500 ops
Executing experiment for 500 ops
Executing experiment for 500 ops
Executing experiment for 500 ops
Executing experiment for 500 ops
Executing experiment for 500 ops
Executing experiment for 500 ops
Executing experiment for 500 ops
Executing experiment for 500 ops
Executing experiment for 500 ops
Executing experiment for 500 ops
Executing experiment for 500 ops
Executing experiment for 500 ops
Executing experiment for 500 ops
Executing experiment for 500 ops
Executing experiment for 500 ops
Executing experiment for 500 ops
Executing experiment for 500 ops
Executing experiment for 500 ops
Executing experiment for 500 ops
Executing experiment for 500 ops
Executing experiment for 500 ops
Executing experiment for 500 ops
Executing experiment for 500 ops
Executing experiment for 500 ops
Executing experiment for 500 ops
Executing experiment for 500 ops
Executing experiment for 500 ops
Executing experiment for 500 ops
Executing experiment for 500 ops
Executing experiment for 500 ops
Executing experiment for 500 ops
Executing experiment for 500 ops
Executing experiment for 500 ops
Executing experiment for 500 ops
Executing experiment for 500 ops
Executing experiment for 500 ops
Executing experiment for 500 ops
Executing experiment for 500 ops
Executing experiment for 500 ops
Executing experiment for 500 ops
Executing experiment for 500 ops
Executing experiment for 500 ops
Executing experiment for 500 ops
Executing experiment for 500 ops
Executing experiment for 500 ops
Executing experiment for 500 ops
Executing experiment for 500 ops
Executing experiment for 500 ops
Executing experiment for 500 ops
Executing experiment for 500 ops
Executing experiment for 500 ops
Executing experiment for 500 ops
Executing experiment for 500 ops
Executing experiment for 500 ops
Executing experiment for 500 ops
Executing experiment for 500 ops
Executing experiment for 500 ops
Executing experiment for 500 ops
Executing experiment for 500 ops
Executing experiment for 500 ops
Executing experiment for 500 ops
Executing experiment for 500 ops
Executing experiment for 500 ops
Executing experiment for 500 ops
Executing experiment for 500 ops
Executing experiment for 500 ops
Executing experiment for 500 ops
Executing experiment for 500 ops
Executing experiment for 500 ops
Executing experiment for 500 ops
Executing experiment for 500 ops
Executing experiment for 500 ops
Executing experiment for 500 ops
Executing experiment for 500 ops
Executing experiment for 500 ops
Executing experiment for 500 ops
Executing experiment for 500 ops
Executing experiment for 500 ops
Executing experiment for 500 ops
Executing experiment for 500 ops
Executing experiment for 500 ops
Executing experiment for 500 ops
Executing experiment for 500 ops
Executing experiment for 500 ops
Executing experiment for 500 ops
Executing experiment for 500 ops
Executing experiment for 500 ops
Executing experiment for 500 ops
Executing experiment for 500 ops
Executing experiment for 500 ops
Executing experiment for 500 ops
Executing experiment for 500 ops
Executing experiment for 500 ops
Executing experiment for 500 ops
Executing experiment for 500 ops
Executing experiment for 500 ops
Executing experiment for 500 ops
Executing experiment for 500 ops
Executing experiment for 500 ops
Executing experiment for 500 ops
Executing experiment for 500 ops
Executing experiment for 500 ops
Executing experiment for 500 ops
Executing experiment for 500 ops
Executing experiment for 500 ops
Executing experiment for 500 ops
Executing experiment for 500 ops
Executing experiment for 500 ops
Executing experiment for 500 ops
Executing experiment for 500 ops
Executing experiment for 500 ops
Executing experiment for 500 ops
Executing experiment for 500 ops
Executing experiment for 500 ops
Executing experiment for 500 ops
1720 // Average time for 500 executions (-10%) = 210863.40175 us 
1720 // Standard desviation for 500 executions (-10%) = NaN us 
1720 // Average time for 500 executions (all samples) = 210368.162974 us 
1720 // Standard desviation for 500 executions (all samples) = NaN us 
1720 // Maximum time for 500 executions (all samples) = 284149 us 
All clients done.
