Launching client 1020
Launching client 1021
Launching client 1022
Launching client 1023
Launching client 1024
Launching client 1025
Launching client 1026
Launching client 1027
Launching client 1028
Launching client 1029
Warm up...
Warm up...
Warm up...
Warm up...
Warm up...
Warm up...
Warm up...
Warm up...
Warm up...
Warm up...
Executing experiment for 500 ops
Executing experiment for 500 ops
Executing experiment for 500 ops
Executing experiment for 500 ops
Executing experiment for 500 ops
Executing experiment for 500 ops
Executing experiment for 500 ops
Executing experiment for 500 ops
Executing experiment for 500 ops
Executing experiment for 500 ops
1020 // Average time for 500 executions (-10%) = 10447.1216575 us 
1020 // Standard desviation for 500 executions (-10%) = 1280.3716881893054 us 
1020 // Average time for 500 executions (all samples) = 10415.0586 us 
1020 // Standard desviation for 500 executions (all samples) = 2077.919862585855 us 
1020 // Maximum time for 500 executions (all samples) = 17143 us 
All clients done.
