Launching client 1000
Launching client 1001
Launching client 1002
Launching client 1003
Launching client 1004
Launching client 1005
Launching client 1006
Launching client 1007
Launching client 1008
Launching client 1009
Warm up...
Warm up...
Warm up...
Warm up...
Warm up...
Warm up...
Warm up...
Warm up...
Warm up...
Warm up...
Executing experiment for 500 ops
Executing experiment for 500 ops
Executing experiment for 500 ops
Executing experiment for 500 ops
Executing experiment for 500 ops
Executing experiment for 500 ops
Executing experiment for 500 ops
Executing experiment for 500 ops
Executing experiment for 500 ops
Executing experiment for 500 ops
1000 // Average time for 500 executions (-10%) = 10160.2545425 us 
1000 // Standard desviation for 500 executions (-10%) = 1454.4528267786793 us 
1000 // Average time for 500 executions (all samples) = 10100.188622 us 
1000 // Standard desviation for 500 executions (all samples) = 2165.5144348736235 us 
1000 // Maximum time for 500 executions (all samples) = 16157 us 
All clients done.
