Launching client 1040
Launching client 1041
Launching client 1042
Launching client 1043
Launching client 1044
Launching client 1045
Launching client 1046
Launching client 1047
Launching client 1048
Launching client 1049
Warm up...
Warm up...
Warm up...
Warm up...
Warm up...
Warm up...
Warm up...
Warm up...
Warm up...
Warm up...
Executing experiment for 500 ops
Executing experiment for 500 ops
Executing experiment for 500 ops
Executing experiment for 500 ops
Executing experiment for 500 ops
Executing experiment for 500 ops
Executing experiment for 500 ops
Executing experiment for 500 ops
Executing experiment for 500 ops
Executing experiment for 500 ops
1040 // Average time for 500 executions (-10%) = 10465.5916925 us 
1040 // Standard desviation for 500 executions (-10%) = 1232.4779247112426 us 
1040 // Average time for 500 executions (all samples) = 10459.777502 us 
1040 // Standard desviation for 500 executions (all samples) = 2018.2848315451083 us 
1040 // Maximum time for 500 executions (all samples) = 17275 us 
All clients done.
