Launching client 1080
Launching client 1081
Launching client 1082
Launching client 1083
Launching client 1084
Launching client 1085
Launching client 1086
Launching client 1087
Launching client 1088
Launching client 1089
Launching client 1090
Launching client 1091
Launching client 1092
Launching client 1093
Launching client 1094
Launching client 1095
Launching client 1096
Launching client 1097
Launching client 1098
Launching client 1099
Launching client 1100
Launching client 1101
Launching client 1102
Launching client 1103
Launching client 1104
Launching client 1105
Launching client 1106
Launching client 1107
Launching client 1108
Launching client 1109
Launching client 1110
Launching client 1111
Launching client 1112
Launching client 1113
Launching client 1114
Launching client 1115
Launching client 1116
Launching client 1117
Launching client 1118
Launching client 1119
Warm up...
Warm up...
Warm up...
Warm up...
Warm up...
Warm up...
Warm up...
Warm up...
Warm up...
Warm up...
Warm up...
Warm up...
Warm up...
Warm up...
Warm up...
Warm up...
Warm up...
Warm up...
Warm up...
Warm up...
Warm up...
Warm up...
Warm up...
Warm up...
Warm up...
Warm up...
Warm up...
Warm up...
Warm up...
Warm up...
Warm up...
Warm up...
Warm up...
Warm up...
Warm up...
Warm up...
Warm up...
Warm up...
Warm up...
Warm up...
Executing experiment for 500 ops
Executing experiment for 500 ops
Executing experiment for 500 ops
Executing experiment for 500 ops
Executing experiment for 500 ops
Executing experiment for 500 ops
Executing experiment for 500 ops
Executing experiment for 500 ops
Executing experiment for 500 ops
Executing experiment for 500 ops
Executing experiment for 500 ops
Executing experiment for 500 ops
Executing experiment for 500 ops
Executing experiment for 500 ops
Executing experiment for 500 ops
Executing experiment for 500 ops
Executing experiment for 500 ops
Executing experiment for 500 ops
Executing experiment for 500 ops
Executing experiment for 500 ops
Executing experiment for 500 ops
Executing experiment for 500 ops
Executing experiment for 500 ops
Executing experiment for 500 ops
Executing experiment for 500 ops
Executing experiment for 500 ops
Executing experiment for 500 ops
Executing experiment for 500 ops
Executing experiment for 500 ops
Executing experiment for 500 ops
Executing experiment for 500 ops
Executing experiment for 500 ops
Executing experiment for 500 ops
Executing experiment for 500 ops
Executing experiment for 500 ops
Executing experiment for 500 ops
Executing experiment for 500 ops
Executing experiment for 500 ops
Executing experiment for 500 ops
Executing experiment for 500 ops
1080 // Average time for 500 executions (-10%) = 34704.6526825 us 
1080 // Standard desviation for 500 executions (-10%) = 1107.5820352761261 us 
1080 // Average time for 500 executions (all samples) = 34230.264218000004 us 
1080 // Standard desviation for 500 executions (all samples) = 4088.9648473430943 us 
1080 // Maximum time for 500 executions (all samples) = 45334 us 
All clients done.
