Launching client 1120
Launching client 1121
Launching client 1122
Launching client 1123
Launching client 1124
Launching client 1125
Launching client 1126
Launching client 1127
Launching client 1128
Launching client 1129
Launching client 1130
Launching client 1131
Launching client 1132
Launching client 1133
Launching client 1134
Launching client 1135
Launching client 1136
Launching client 1137
Launching client 1138
Launching client 1139
Launching client 1140
Launching client 1141
Launching client 1142
Launching client 1143
Launching client 1144
Launching client 1145
Launching client 1146
Launching client 1147
Launching client 1148
Launching client 1149
Launching client 1150
Launching client 1151
Launching client 1152
Launching client 1153
Launching client 1154
Launching client 1155
Launching client 1156
Launching client 1157
Launching client 1158
Launching client 1159
Warm up...
Warm up...
Warm up...
Warm up...
Warm up...
Warm up...
Warm up...
Warm up...
Warm up...
Warm up...
Warm up...
Warm up...
Warm up...
Warm up...
Warm up...
Warm up...
Warm up...
Warm up...
Warm up...
Warm up...
Warm up...
Warm up...
Warm up...
Warm up...
Warm up...
Warm up...
Warm up...
Warm up...
Warm up...
Warm up...
Warm up...
Warm up...
Warm up...
Warm up...
Warm up...
Warm up...
Warm up...
Warm up...
Warm up...
Warm up...
Executing experiment for 500 ops
Executing experiment for 500 ops
Executing experiment for 500 ops
Executing experiment for 500 ops
Executing experiment for 500 ops
Executing experiment for 500 ops
Executing experiment for 500 ops
Executing experiment for 500 ops
Executing experiment for 500 ops
Executing experiment for 500 ops
Executing experiment for 500 ops
Executing experiment for 500 ops
Executing experiment for 500 ops
Executing experiment for 500 ops
Executing experiment for 500 ops
Executing experiment for 500 ops
Executing experiment for 500 ops
Executing experiment for 500 ops
Executing experiment for 500 ops
Executing experiment for 500 ops
Executing experiment for 500 ops
Executing experiment for 500 ops
Executing experiment for 500 ops
Executing experiment for 500 ops
Executing experiment for 500 ops
Executing experiment for 500 ops
Executing experiment for 500 ops
Executing experiment for 500 ops
Executing experiment for 500 ops
Executing experiment for 500 ops
Executing experiment for 500 ops
Executing experiment for 500 ops
Executing experiment for 500 ops
Executing experiment for 500 ops
Executing experiment for 500 ops
Executing experiment for 500 ops
Executing experiment for 500 ops
Executing experiment for 500 ops
Executing experiment for 500 ops
Executing experiment for 500 ops
1120 // Average time for 500 executions (-10%) = 34654.687034999995 us 
1120 // Standard desviation for 500 executions (-10%) = 1074.808744123526 us 
1120 // Average time for 500 executions (all samples) = 33941.603594 us 
1120 // Standard desviation for 500 executions (all samples) = 4585.429167417093 us 
1120 // Maximum time for 500 executions (all samples) = 45800 us 
All clients done.
