Launching client 1000
Launching client 1001
Launching client 1002
Launching client 1003
Launching client 1004
Launching client 1005
Launching client 1006
Launching client 1007
Launching client 1008
Launching client 1009
Warm up...
Warm up...
Warm up...
Warm up...
Warm up...
Warm up...
Warm up...
Warm up...
Warm up...
Warm up...
Executing experiment for 500 ops
Executing experiment for 500 ops
Executing experiment for 500 ops
Executing experiment for 500 ops
Executing experiment for 500 ops
Executing experiment for 500 ops
Executing experiment for 500 ops
Executing experiment for 500 ops
Executing experiment for 500 ops
Executing experiment for 500 ops
1000 // Average time for 500 executions (-10%) = 11552.74134 us 
1000 // Standard desviation for 500 executions (-10%) = 1971.2891634207983 us 
1000 // Average time for 500 executions (all samples) = 11596.587856 us 
1000 // Standard desviation for 500 executions (all samples) = 2889.6005396630185 us 
1000 // Maximum time for 500 executions (all samples) = 24608 us 
All clients done.
