Launching client 1020
Launching client 1021
Launching client 1022
Launching client 1023
Launching client 1024
Launching client 1025
Launching client 1026
Launching client 1027
Launching client 1028
Launching client 1029
Warm up...
Warm up...
Warm up...
Warm up...
Warm up...
Warm up...
Warm up...
Warm up...
Warm up...
Warm up...
Executing experiment for 500 ops
Executing experiment for 500 ops
Executing experiment for 500 ops
Executing experiment for 500 ops
Executing experiment for 500 ops
Executing experiment for 500 ops
Executing experiment for 500 ops
Executing experiment for 500 ops
Executing experiment for 500 ops
Executing experiment for 500 ops
1020 // Average time for 500 executions (-10%) = 11688.026595000001 us 
1020 // Standard desviation for 500 executions (-10%) = 1930.5330534218797 us 
1020 // Average time for 500 executions (all samples) = 11666.177028 us 
1020 // Standard desviation for 500 executions (all samples) = 2870.0082805584775 us 
1020 // Maximum time for 500 executions (all samples) = 22451 us 
All clients done.
