Launching client 1160
Launching client 1161
Launching client 1162
Launching client 1163
Launching client 1164
Launching client 1165
Launching client 1166
Launching client 1167
Launching client 1168
Launching client 1169
Launching client 1170
Launching client 1171
Launching client 1172
Launching client 1173
Launching client 1174
Launching client 1175
Launching client 1176
Launching client 1177
Launching client 1178
Launching client 1179
Launching client 1180
Launching client 1181
Launching client 1182
Launching client 1183
Launching client 1184
Launching client 1185
Launching client 1186
Launching client 1187
Launching client 1188
Launching client 1189
Launching client 1190
Launching client 1191
Launching client 1192
Launching client 1193
Launching client 1194
Launching client 1195
Launching client 1196
Launching client 1197
Launching client 1198
Launching client 1199
Warm up...
Warm up...
Warm up...
Warm up...
Warm up...
Warm up...
Warm up...
Warm up...
Warm up...
Warm up...
Warm up...
Warm up...
Warm up...
Warm up...
Warm up...
Warm up...
Warm up...
Warm up...
Warm up...
Warm up...
Warm up...
Warm up...
Warm up...
Warm up...
Warm up...
Warm up...
Warm up...
Warm up...
Warm up...
Warm up...
Warm up...
Warm up...
Warm up...
Warm up...
Warm up...
Warm up...
Warm up...
Warm up...
Warm up...
Warm up...
Executing experiment for 500 ops
Executing experiment for 500 ops
Executing experiment for 500 ops
Executing experiment for 500 ops
Executing experiment for 500 ops
Executing experiment for 500 ops
Executing experiment for 500 ops
Executing experiment for 500 ops
Executing experiment for 500 ops
Executing experiment for 500 ops
Executing experiment for 500 ops
Executing experiment for 500 ops
Executing experiment for 500 ops
Executing experiment for 500 ops
Executing experiment for 500 ops
Executing experiment for 500 ops
Executing experiment for 500 ops
Executing experiment for 500 ops
Executing experiment for 500 ops
Executing experiment for 500 ops
Executing experiment for 500 ops
Executing experiment for 500 ops
Executing experiment for 500 ops
Executing experiment for 500 ops
Executing experiment for 500 ops
Executing experiment for 500 ops
Executing experiment for 500 ops
Executing experiment for 500 ops
Executing experiment for 500 ops
Executing experiment for 500 ops
Executing experiment for 500 ops
Executing experiment for 500 ops
Executing experiment for 500 ops
Executing experiment for 500 ops
Executing experiment for 500 ops
Executing experiment for 500 ops
Executing experiment for 500 ops
Executing experiment for 500 ops
Executing experiment for 500 ops
Executing experiment for 500 ops
1160 // Average time for 500 executions (-10%) = 34930.549987499995 us 
1160 // Standard desviation for 500 executions (-10%) = 1083.4559533892166 us 
1160 // Average time for 500 executions (all samples) = 35144.180395999996 us 
1160 // Standard desviation for 500 executions (all samples) = 2648.1274314916777 us 
1160 // Maximum time for 500 executions (all samples) = 49212 us 
All clients done.
