Launching client 1480
Launching client 1481
Launching client 1482
Launching client 1483
Launching client 1484
Launching client 1485
Launching client 1486
Launching client 1487
Launching client 1488
Launching client 1489
Launching client 1490
Launching client 1491
Launching client 1492
Launching client 1493
Launching client 1494
Launching client 1495
Launching client 1496
Launching client 1497
Launching client 1498
Launching client 1499
Launching client 1500
Launching client 1501
Launching client 1502
Launching client 1503
Launching client 1504
Launching client 1505
Launching client 1506
Launching client 1507
Launching client 1508
Launching client 1509
Launching client 1510
Launching client 1511
Launching client 1512
Launching client 1513
Launching client 1514
Launching client 1515
Launching client 1516
Launching client 1517
Launching client 1518
Launching client 1519
Launching client 1520
Launching client 1521
Launching client 1522
Launching client 1523
Launching client 1524
Launching client 1525
Launching client 1526
Launching client 1527
Launching client 1528
Launching client 1529
Launching client 1530
Launching client 1531
Launching client 1532
Launching client 1533
Launching client 1534
Launching client 1535
Launching client 1536
Launching client 1537
Launching client 1538
Launching client 1539
Launching client 1540
Launching client 1541
Launching client 1542
Launching client 1543
Launching client 1544
Launching client 1545
Launching client 1546
Launching client 1547
Launching client 1548
Launching client 1549
Launching client 1550
Launching client 1551
Launching client 1552
Launching client 1553
Launching client 1554
Launching client 1555
Launching client 1556
Launching client 1557
Launching client 1558
Launching client 1559
Launching client 1560
Launching client 1561
Launching client 1562
Launching client 1563
Launching client 1564
Launching client 1565
Launching client 1566
Launching client 1567
Launching client 1568
Launching client 1569
Launching client 1570
Launching client 1571
Launching client 1572
Launching client 1573
Launching client 1574
Launching client 1575
Launching client 1576
Launching client 1577
Launching client 1578
Launching client 1579
Launching client 1580
Launching client 1581
Launching client 1582
Launching client 1583
Launching client 1584
Launching client 1585
Launching client 1586
Launching client 1587
Launching client 1588
Launching client 1589
Launching client 1590
Launching client 1591
Launching client 1592
Launching client 1593
Launching client 1594
Launching client 1595
Launching client 1596
Launching client 1597
Launching client 1598
Launching client 1599
Launching client 1600
Launching client 1601
Launching client 1602
Launching client 1603
Launching client 1604
Launching client 1605
Launching client 1606
Launching client 1607
Launching client 1608
Launching client 1609
Launching client 1610
Launching client 1611
Launching client 1612
Launching client 1613
Launching client 1614
Launching client 1615
Launching client 1616
Launching client 1617
Launching client 1618
Launching client 1619
Launching client 1620
Launching client 1621
Launching client 1622
Launching client 1623
Launching client 1624
Launching client 1625
Launching client 1626
Launching client 1627
Launching client 1628
Launching client 1629
Launching client 1630
Launching client 1631
Launching client 1632
Launching client 1633
Launching client 1634
Launching client 1635
Launching client 1636
Launching client 1637
Launching client 1638
Launching client 1639
Launching client 1640
Launching client 1641
Launching client 1642
Launching client 1643
Launching client 1644
Launching client 1645
Launching client 1646
Launching client 1647
Launching client 1648
Launching client 1649
Launching client 1650
Launching client 1651
Launching client 1652
Launching client 1653
Launching client 1654
Launching client 1655
Launching client 1656
Launching client 1657
Launching client 1658
Launching client 1659
Launching client 1660
Launching client 1661
Launching client 1662
Launching client 1663
Launching client 1664
Launching client 1665
Launching client 1666
Launching client 1667
Launching client 1668
Launching client 1669
Launching client 1670
Launching client 1671
Launching client 1672
Launching client 1673
Launching client 1674
Launching client 1675
Launching client 1676
Launching client 1677
Launching client 1678
Launching client 1679
Launching client 1680
Launching client 1681
Launching client 1682
Launching client 1683
Launching client 1684
Launching client 1685
Launching client 1686
Launching client 1687
Launching client 1688
Launching client 1689
Launching client 1690
Launching client 1691
Launching client 1692
Launching client 1693
Launching client 1694
Launching client 1695
Launching client 1696
Launching client 1697
Launching client 1698
Launching client 1699
Launching client 1700
Launching client 1701
Launching client 1702
Launching client 1703
Launching client 1704
Launching client 1705
Launching client 1706
Launching client 1707
Launching client 1708
Launching client 1709
Launching client 1710
Launching client 1711
Launching client 1712
Launching client 1713
Launching client 1714
Launching client 1715
Launching client 1716
Launching client 1717
Launching client 1718
Launching client 1719
Warm up...
Warm up...
Warm up...
Warm up...
Warm up...
Warm up...
Warm up...
Warm up...
Warm up...
Warm up...
Warm up...
Warm up...
Warm up...
Warm up...
Warm up...
Warm up...
Warm up...
Warm up...
Warm up...
Warm up...
Warm up...
Warm up...
Warm up...
Warm up...
Warm up...
Warm up...
Warm up...
Warm up...
Warm up...
Warm up...
Warm up...
Warm up...
Warm up...
Warm up...
Warm up...
Warm up...
Warm up...
Warm up...
Warm up...
Warm up...
Warm up...
Warm up...
Warm up...
Warm up...
Warm up...
Warm up...
Warm up...
Warm up...
Warm up...
Warm up...
Warm up...
Warm up...
Warm up...
Warm up...
Warm up...
Warm up...
Warm up...
Warm up...
Warm up...
Warm up...
Warm up...
Warm up...
Warm up...
Warm up...
Warm up...
Warm up...
Warm up...
Warm up...
Warm up...
Warm up...
Warm up...
Warm up...
Warm up...
Warm up...
Warm up...
Warm up...
Warm up...
Warm up...
Warm up...
Warm up...
Warm up...
Warm up...
Warm up...
Warm up...
Warm up...
Warm up...
Warm up...
Warm up...
Warm up...
Warm up...
Warm up...
Warm up...
Warm up...
Warm up...
Warm up...
Warm up...
Warm up...
Warm up...
Warm up...
Warm up...
Warm up...
Warm up...
Warm up...
Warm up...
Warm up...
Warm up...
Warm up...
Warm up...
Warm up...
Warm up...
Warm up...
Warm up...
Warm up...
Warm up...
Warm up...
Warm up...
Warm up...
Warm up...
Warm up...
Warm up...
Warm up...
Warm up...
Warm up...
Warm up...
Warm up...
Warm up...
Warm up...
Warm up...
Warm up...
Warm up...
Warm up...
Warm up...
Warm up...
Warm up...
Warm up...
Warm up...
Warm up...
Warm up...
Warm up...
Warm up...
Warm up...
Warm up...
Warm up...
Warm up...
Warm up...
Warm up...
Warm up...
Warm up...
Warm up...
Warm up...
Warm up...
Warm up...
Warm up...
Warm up...
Warm up...
Warm up...
Warm up...
Warm up...
Warm up...
Warm up...
Warm up...
Warm up...
Warm up...
Warm up...
Warm up...
Warm up...
Warm up...
Warm up...
Warm up...
Warm up...
Warm up...
Warm up...
Warm up...
Warm up...
Warm up...
Warm up...
Warm up...
Warm up...
Warm up...
Warm up...
Warm up...
Warm up...
Warm up...
Warm up...
Warm up...
Warm up...
Warm up...
Warm up...
Warm up...
Warm up...
Warm up...
Warm up...
Warm up...
Warm up...
Warm up...
Warm up...
Warm up...
Warm up...
Warm up...
Warm up...
Warm up...
Warm up...
Warm up...
Warm up...
Warm up...
Warm up...
Warm up...
Warm up...
Warm up...
Warm up...
Warm up...
Warm up...
Warm up...
Warm up...
Warm up...
Warm up...
Warm up...
Warm up...
Warm up...
Warm up...
Warm up...
Warm up...
Warm up...
Warm up...
Warm up...
Warm up...
Warm up...
Warm up...
Warm up...
Warm up...
Warm up...
Warm up...
Warm up...
Warm up...
Warm up...
Warm up...
Warm up...
Warm up...
Warm up...
Warm up...
Executing experiment for 500 ops
Executing experiment for 500 ops
Executing experiment for 500 ops
Executing experiment for 500 ops
Executing experiment for 500 ops
Executing experiment for 500 ops
Executing experiment for 500 ops
Executing experiment for 500 ops
Executing experiment for 500 ops
Executing experiment for 500 ops
Executing experiment for 500 ops
Executing experiment for 500 ops
Executing experiment for 500 ops
Executing experiment for 500 ops
Executing experiment for 500 ops
Executing experiment for 500 ops
Executing experiment for 500 ops
Executing experiment for 500 ops
Executing experiment for 500 ops
Executing experiment for 500 ops
Executing experiment for 500 ops
Executing experiment for 500 ops
Executing experiment for 500 ops
Executing experiment for 500 ops
Executing experiment for 500 ops
Executing experiment for 500 ops
Executing experiment for 500 ops
Executing experiment for 500 ops
Executing experiment for 500 ops
Executing experiment for 500 ops
Executing experiment for 500 ops
Executing experiment for 500 ops
Executing experiment for 500 ops
Executing experiment for 500 ops
Executing experiment for 500 ops
Executing experiment for 500 ops
Executing experiment for 500 ops
Executing experiment for 500 ops
Executing experiment for 500 ops
Executing experiment for 500 ops
Executing experiment for 500 ops
Executing experiment for 500 ops
Executing experiment for 500 ops
Executing experiment for 500 ops
Executing experiment for 500 ops
Executing experiment for 500 ops
Executing experiment for 500 ops
Executing experiment for 500 ops
Executing experiment for 500 ops
Executing experiment for 500 ops
Executing experiment for 500 ops
Executing experiment for 500 ops
Executing experiment for 500 ops
Executing experiment for 500 ops
Executing experiment for 500 ops
Executing experiment for 500 ops
Executing experiment for 500 ops
Executing experiment for 500 ops
Executing experiment for 500 ops
Executing experiment for 500 ops
Executing experiment for 500 ops
Executing experiment for 500 ops
Executing experiment for 500 ops
Executing experiment for 500 ops
Executing experiment for 500 ops
Executing experiment for 500 ops
Executing experiment for 500 ops
Executing experiment for 500 ops
Executing experiment for 500 ops
Executing experiment for 500 ops
Executing experiment for 500 ops
Executing experiment for 500 ops
Executing experiment for 500 ops
Executing experiment for 500 ops
Executing experiment for 500 ops
Executing experiment for 500 ops
Executing experiment for 500 ops
Executing experiment for 500 ops
Executing experiment for 500 ops
Executing experiment for 500 ops
Executing experiment for 500 ops
Executing experiment for 500 ops
Executing experiment for 500 ops
Executing experiment for 500 ops
Executing experiment for 500 ops
Executing experiment for 500 ops
Executing experiment for 500 ops
Executing experiment for 500 ops
Executing experiment for 500 ops
Executing experiment for 500 ops
Executing experiment for 500 ops
Executing experiment for 500 ops
Executing experiment for 500 ops
Executing experiment for 500 ops
Executing experiment for 500 ops
Executing experiment for 500 ops
Executing experiment for 500 ops
Executing experiment for 500 ops
Executing experiment for 500 ops
Executing experiment for 500 ops
Executing experiment for 500 ops
Executing experiment for 500 ops
Executing experiment for 500 ops
Executing experiment for 500 ops
Executing experiment for 500 ops
Executing experiment for 500 ops
Executing experiment for 500 ops
Executing experiment for 500 ops
Executing experiment for 500 ops
Executing experiment for 500 ops
Executing experiment for 500 ops
Executing experiment for 500 ops
Executing experiment for 500 ops
Executing experiment for 500 ops
Executing experiment for 500 ops
Executing experiment for 500 ops
Executing experiment for 500 ops
Executing experiment for 500 ops
Executing experiment for 500 ops
Executing experiment for 500 ops
Executing experiment for 500 ops
Executing experiment for 500 ops
Executing experiment for 500 ops
Executing experiment for 500 ops
Executing experiment for 500 ops
Executing experiment for 500 ops
Executing experiment for 500 ops
Executing experiment for 500 ops
Executing experiment for 500 ops
Executing experiment for 500 ops
Executing experiment for 500 ops
Executing experiment for 500 ops
Executing experiment for 500 ops
Executing experiment for 500 ops
Executing experiment for 500 ops
Executing experiment for 500 ops
Executing experiment for 500 ops
Executing experiment for 500 ops
Executing experiment for 500 ops
Executing experiment for 500 ops
Executing experiment for 500 ops
Executing experiment for 500 ops
Executing experiment for 500 ops
Executing experiment for 500 ops
Executing experiment for 500 ops
Executing experiment for 500 ops
Executing experiment for 500 ops
Executing experiment for 500 ops
Executing experiment for 500 ops
Executing experiment for 500 ops
Executing experiment for 500 ops
Executing experiment for 500 ops
Executing experiment for 500 ops
Executing experiment for 500 ops
Executing experiment for 500 ops
Executing experiment for 500 ops
Executing experiment for 500 ops
Executing experiment for 500 ops
Executing experiment for 500 ops
Executing experiment for 500 ops
Executing experiment for 500 ops
Executing experiment for 500 ops
Executing experiment for 500 ops
Executing experiment for 500 ops
Executing experiment for 500 ops
Executing experiment for 500 ops
Executing experiment for 500 ops
Executing experiment for 500 ops
Executing experiment for 500 ops
Executing experiment for 500 ops
Executing experiment for 500 ops
Executing experiment for 500 ops
Executing experiment for 500 ops
Executing experiment for 500 ops
Executing experiment for 500 ops
Executing experiment for 500 ops
Executing experiment for 500 ops
Executing experiment for 500 ops
Executing experiment for 500 ops
Executing experiment for 500 ops
Executing experiment for 500 ops
Executing experiment for 500 ops
Executing experiment for 500 ops
Executing experiment for 500 ops
Executing experiment for 500 ops
Executing experiment for 500 ops
Executing experiment for 500 ops
Executing experiment for 500 ops
Executing experiment for 500 ops
Executing experiment for 500 ops
Executing experiment for 500 ops
Executing experiment for 500 ops
Executing experiment for 500 ops
Executing experiment for 500 ops
Executing experiment for 500 ops
Executing experiment for 500 ops
Executing experiment for 500 ops
Executing experiment for 500 ops
Executing experiment for 500 ops
Executing experiment for 500 ops
Executing experiment for 500 ops
Executing experiment for 500 ops
Executing experiment for 500 ops
Executing experiment for 500 ops
Executing experiment for 500 ops
Executing experiment for 500 ops
Executing experiment for 500 ops
Executing experiment for 500 ops
Executing experiment for 500 ops
Executing experiment for 500 ops
Executing experiment for 500 ops
Executing experiment for 500 ops
Executing experiment for 500 ops
Executing experiment for 500 ops
Executing experiment for 500 ops
Executing experiment for 500 ops
Executing experiment for 500 ops
Executing experiment for 500 ops
Executing experiment for 500 ops
Executing experiment for 500 ops
Executing experiment for 500 ops
Executing experiment for 500 ops
Executing experiment for 500 ops
Executing experiment for 500 ops
Executing experiment for 500 ops
Executing experiment for 500 ops
Executing experiment for 500 ops
Executing experiment for 500 ops
Executing experiment for 500 ops
Executing experiment for 500 ops
Executing experiment for 500 ops
Executing experiment for 500 ops
Executing experiment for 500 ops
Executing experiment for 500 ops
Executing experiment for 500 ops
Executing experiment for 500 ops
Executing experiment for 500 ops
Executing experiment for 500 ops
Executing experiment for 500 ops
Executing experiment for 500 ops
1480 // Average time for 500 executions (-10%) = 191936.72006999998 us 
1480 // Standard desviation for 500 executions (-10%) = NaN us 
1480 // Average time for 500 executions (all samples) = 194588.147306 us 
1480 // Standard desviation for 500 executions (all samples) = NaN us 
1480 // Maximum time for 500 executions (all samples) = 264574 us 
All clients done.
