Launching client 1160
Launching client 1161
Launching client 1162
Launching client 1163
Launching client 1164
Launching client 1165
Launching client 1166
Launching client 1167
Launching client 1168
Launching client 1169
Launching client 1170
Launching client 1171
Launching client 1172
Launching client 1173
Launching client 1174
Launching client 1175
Launching client 1176
Launching client 1177
Launching client 1178
Launching client 1179
Launching client 1180
Launching client 1181
Launching client 1182
Launching client 1183
Launching client 1184
Launching client 1185
Launching client 1186
Launching client 1187
Launching client 1188
Launching client 1189
Launching client 1190
Launching client 1191
Launching client 1192
Launching client 1193
Launching client 1194
Launching client 1195
Launching client 1196
Launching client 1197
Launching client 1198
Launching client 1199
Launching client 1200
Launching client 1201
Launching client 1202
Launching client 1203
Launching client 1204
Launching client 1205
Launching client 1206
Launching client 1207
Launching client 1208
Launching client 1209
Launching client 1210
Launching client 1211
Launching client 1212
Launching client 1213
Launching client 1214
Launching client 1215
Launching client 1216
Launching client 1217
Launching client 1218
Launching client 1219
Launching client 1220
Launching client 1221
Launching client 1222
Launching client 1223
Launching client 1224
Launching client 1225
Launching client 1226
Launching client 1227
Launching client 1228
Launching client 1229
Launching client 1230
Launching client 1231
Launching client 1232
Launching client 1233
Launching client 1234
Launching client 1235
Launching client 1236
Launching client 1237
Launching client 1238
Launching client 1239
Warm up...
Warm up...
Warm up...
Warm up...
Warm up...
Warm up...
Warm up...
Warm up...
Warm up...
Warm up...
Warm up...
Warm up...
Warm up...
Warm up...
Warm up...
Warm up...
Warm up...
Warm up...
Warm up...
Warm up...
Warm up...
Warm up...
Warm up...
Warm up...
Warm up...
Warm up...
Warm up...
Warm up...
Warm up...
Warm up...
Warm up...
Warm up...
Warm up...
Warm up...
Warm up...
Warm up...
Warm up...
Warm up...
Warm up...
Warm up...
Warm up...
Warm up...
Warm up...
Warm up...
Warm up...
Warm up...
Warm up...
Warm up...
Warm up...
Warm up...
Warm up...
Warm up...
Warm up...
Warm up...
Warm up...
Warm up...
Warm up...
Warm up...
Warm up...
Warm up...
Warm up...
Warm up...
Warm up...
Warm up...
Warm up...
Warm up...
Warm up...
Warm up...
Warm up...
Warm up...
Warm up...
Warm up...
Warm up...
Warm up...
Warm up...
Warm up...
Warm up...
Warm up...
Warm up...
Warm up...
Executing experiment for 500 ops
Executing experiment for 500 ops
Executing experiment for 500 ops
Executing experiment for 500 ops
Executing experiment for 500 ops
Executing experiment for 500 ops
Executing experiment for 500 ops
Executing experiment for 500 ops
Executing experiment for 500 ops
Executing experiment for 500 ops
Executing experiment for 500 ops
Executing experiment for 500 ops
Executing experiment for 500 ops
Executing experiment for 500 ops
Executing experiment for 500 ops
Executing experiment for 500 ops
Executing experiment for 500 ops
Executing experiment for 500 ops
Executing experiment for 500 ops
Executing experiment for 500 ops
Executing experiment for 500 ops
Executing experiment for 500 ops
Executing experiment for 500 ops
Executing experiment for 500 ops
Executing experiment for 500 ops
Executing experiment for 500 ops
Executing experiment for 500 ops
Executing experiment for 500 ops
Executing experiment for 500 ops
Executing experiment for 500 ops
Executing experiment for 500 ops
Executing experiment for 500 ops
Executing experiment for 500 ops
Executing experiment for 500 ops
Executing experiment for 500 ops
Executing experiment for 500 ops
Executing experiment for 500 ops
Executing experiment for 500 ops
Executing experiment for 500 ops
Executing experiment for 500 ops
Executing experiment for 500 ops
Executing experiment for 500 ops
Executing experiment for 500 ops
Executing experiment for 500 ops
Executing experiment for 500 ops
Executing experiment for 500 ops
Executing experiment for 500 ops
Executing experiment for 500 ops
Executing experiment for 500 ops
Executing experiment for 500 ops
Executing experiment for 500 ops
Executing experiment for 500 ops
Executing experiment for 500 ops
Executing experiment for 500 ops
Executing experiment for 500 ops
Executing experiment for 500 ops
Executing experiment for 500 ops
Executing experiment for 500 ops
Executing experiment for 500 ops
Executing experiment for 500 ops
Executing experiment for 500 ops
Executing experiment for 500 ops
Executing experiment for 500 ops
Executing experiment for 500 ops
Executing experiment for 500 ops
Executing experiment for 500 ops
Executing experiment for 500 ops
Executing experiment for 500 ops
Executing experiment for 500 ops
Executing experiment for 500 ops
Executing experiment for 500 ops
Executing experiment for 500 ops
Executing experiment for 500 ops
Executing experiment for 500 ops
Executing experiment for 500 ops
Executing experiment for 500 ops
Executing experiment for 500 ops
Executing experiment for 500 ops
Executing experiment for 500 ops
Executing experiment for 500 ops
1160 // Average time for 500 executions (-10%) = 74257.6814025 us 
1160 // Standard desviation for 500 executions (-10%) = 9366.449409227751 us 
1160 // Average time for 500 executions (all samples) = 73082.486544 us 
1160 // Standard desviation for 500 executions (all samples) = 11376.597206228398 us 
1160 // Maximum time for 500 executions (all samples) = 94710 us 
All clients done.
