Launching client 1160
Launching client 1161
Launching client 1162
Launching client 1163
Launching client 1164
Launching client 1165
Launching client 1166
Launching client 1167
Launching client 1168
Launching client 1169
Launching client 1170
Launching client 1171
Launching client 1172
Launching client 1173
Launching client 1174
Launching client 1175
Launching client 1176
Launching client 1177
Launching client 1178
Launching client 1179
Launching client 1180
Launching client 1181
Launching client 1182
Launching client 1183
Launching client 1184
Launching client 1185
Launching client 1186
Launching client 1187
Launching client 1188
Launching client 1189
Launching client 1190
Launching client 1191
Launching client 1192
Launching client 1193
Launching client 1194
Launching client 1195
Launching client 1196
Launching client 1197
Launching client 1198
Launching client 1199
Launching client 1200
Launching client 1201
Launching client 1202
Launching client 1203
Launching client 1204
Launching client 1205
Launching client 1206
Launching client 1207
Launching client 1208
Launching client 1209
Launching client 1210
Launching client 1211
Launching client 1212
Launching client 1213
Launching client 1214
Launching client 1215
Launching client 1216
Launching client 1217
Launching client 1218
Launching client 1219
Launching client 1220
Launching client 1221
Launching client 1222
Launching client 1223
Launching client 1224
Launching client 1225
Launching client 1226
Launching client 1227
Launching client 1228
Launching client 1229
Launching client 1230
Launching client 1231
Launching client 1232
Launching client 1233
Launching client 1234
Launching client 1235
Launching client 1236
Launching client 1237
Launching client 1238
Launching client 1239
Launching client 1240
Launching client 1241
Launching client 1242
Launching client 1243
Launching client 1244
Launching client 1245
Launching client 1246
Launching client 1247
Launching client 1248
Launching client 1249
Launching client 1250
Launching client 1251
Launching client 1252
Launching client 1253
Launching client 1254
Launching client 1255
Launching client 1256
Launching client 1257
Launching client 1258
Launching client 1259
Launching client 1260
Launching client 1261
Launching client 1262
Launching client 1263
Launching client 1264
Launching client 1265
Launching client 1266
Launching client 1267
Launching client 1268
Launching client 1269
Launching client 1270
Launching client 1271
Launching client 1272
Launching client 1273
Launching client 1274
Launching client 1275
Launching client 1276
Launching client 1277
Launching client 1278
Launching client 1279
Launching client 1280
Launching client 1281
Launching client 1282
Launching client 1283
Launching client 1284
Launching client 1285
Launching client 1286
Launching client 1287
Launching client 1288
Launching client 1289
Launching client 1290
Launching client 1291
Launching client 1292
Launching client 1293
Launching client 1294
Launching client 1295
Launching client 1296
Launching client 1297
Launching client 1298
Launching client 1299
Launching client 1300
Launching client 1301
Launching client 1302
Launching client 1303
Launching client 1304
Launching client 1305
Launching client 1306
Launching client 1307
Launching client 1308
Launching client 1309
Launching client 1310
Launching client 1311
Launching client 1312
Launching client 1313
Launching client 1314
Launching client 1315
Launching client 1316
Launching client 1317
Launching client 1318
Launching client 1319
Warm up...
Warm up...
Warm up...
Warm up...
Warm up...
Warm up...
Warm up...
Warm up...
Warm up...
Warm up...
Warm up...
Warm up...
Warm up...
Warm up...
Warm up...
Warm up...
Warm up...
Warm up...
Warm up...
Warm up...
Warm up...
Warm up...
Warm up...
Warm up...
Warm up...
Warm up...
Warm up...
Warm up...
Warm up...
Warm up...
Warm up...
Warm up...
Warm up...
Warm up...
Warm up...
Warm up...
Warm up...
Warm up...
Warm up...
Warm up...
Warm up...
Warm up...
Warm up...
Warm up...
Warm up...
Warm up...
Warm up...
Warm up...
Warm up...
Warm up...
Warm up...
Warm up...
Warm up...
Warm up...
Warm up...
Warm up...
Warm up...
Warm up...
Warm up...
Warm up...
Warm up...
Warm up...
Warm up...
Warm up...
Warm up...
Warm up...
Warm up...
Warm up...
Warm up...
Warm up...
Warm up...
Warm up...
Warm up...
Warm up...
Warm up...
Warm up...
Warm up...
Warm up...
Warm up...
Warm up...
Warm up...
Warm up...
Warm up...
Warm up...
Warm up...
Warm up...
Warm up...
Warm up...
Warm up...
Warm up...
Warm up...
Warm up...
Warm up...
Warm up...
Warm up...
Warm up...
Warm up...
Warm up...
Warm up...
Warm up...
Warm up...
Warm up...
Warm up...
Warm up...
Warm up...
Warm up...
Warm up...
Warm up...
Warm up...
Warm up...
Warm up...
Warm up...
Warm up...
Warm up...
Warm up...
Warm up...
Warm up...
Warm up...
Warm up...
Warm up...
Warm up...
Warm up...
Warm up...
Warm up...
Warm up...
Warm up...
Warm up...
Warm up...
Warm up...
Warm up...
Warm up...
Warm up...
Warm up...
Warm up...
Warm up...
Warm up...
Warm up...
Warm up...
Warm up...
Warm up...
Warm up...
Warm up...
Warm up...
Warm up...
Warm up...
Warm up...
Warm up...
Warm up...
Warm up...
Warm up...
Warm up...
Warm up...
Warm up...
Warm up...
Warm up...
Warm up...
Warm up...
Warm up...
Warm up...
Warm up...
Executing experiment for 500 ops
Executing experiment for 500 ops
Executing experiment for 500 ops
Executing experiment for 500 ops
Executing experiment for 500 ops
Executing experiment for 500 ops
Executing experiment for 500 ops
Executing experiment for 500 ops
Executing experiment for 500 ops
Executing experiment for 500 ops
Executing experiment for 500 ops
Executing experiment for 500 ops
Executing experiment for 500 ops
Executing experiment for 500 ops
Executing experiment for 500 ops
Executing experiment for 500 ops
Executing experiment for 500 ops
Executing experiment for 500 ops
Executing experiment for 500 ops
Executing experiment for 500 ops
Executing experiment for 500 ops
Executing experiment for 500 ops
Executing experiment for 500 ops
Executing experiment for 500 ops
Executing experiment for 500 ops
Executing experiment for 500 ops
Executing experiment for 500 ops
Executing experiment for 500 ops
Executing experiment for 500 ops
Executing experiment for 500 ops
Executing experiment for 500 ops
Executing experiment for 500 ops
Executing experiment for 500 ops
Executing experiment for 500 ops
Executing experiment for 500 ops
Executing experiment for 500 ops
Executing experiment for 500 ops
Executing experiment for 500 ops
Executing experiment for 500 ops
Executing experiment for 500 ops
Executing experiment for 500 ops
Executing experiment for 500 ops
Executing experiment for 500 ops
Executing experiment for 500 ops
Executing experiment for 500 ops
Executing experiment for 500 ops
Executing experiment for 500 ops
Executing experiment for 500 ops
Executing experiment for 500 ops
Executing experiment for 500 ops
Executing experiment for 500 ops
Executing experiment for 500 ops
Executing experiment for 500 ops
Executing experiment for 500 ops
Executing experiment for 500 ops
Executing experiment for 500 ops
Executing experiment for 500 ops
Executing experiment for 500 ops
Executing experiment for 500 ops
Executing experiment for 500 ops
Executing experiment for 500 ops
Executing experiment for 500 ops
Executing experiment for 500 ops
Executing experiment for 500 ops
Executing experiment for 500 ops
Executing experiment for 500 ops
Executing experiment for 500 ops
Executing experiment for 500 ops
Executing experiment for 500 ops
Executing experiment for 500 ops
Executing experiment for 500 ops
Executing experiment for 500 ops
Executing experiment for 500 ops
Executing experiment for 500 ops
Executing experiment for 500 ops
Executing experiment for 500 ops
Executing experiment for 500 ops
Executing experiment for 500 ops
Executing experiment for 500 ops
Executing experiment for 500 ops
Executing experiment for 500 ops
Executing experiment for 500 ops
Executing experiment for 500 ops
Executing experiment for 500 ops
Executing experiment for 500 ops
Executing experiment for 500 ops
Executing experiment for 500 ops
Executing experiment for 500 ops
Executing experiment for 500 ops
Executing experiment for 500 ops
Executing experiment for 500 ops
Executing experiment for 500 ops
Executing experiment for 500 ops
Executing experiment for 500 ops
Executing experiment for 500 ops
Executing experiment for 500 ops
Executing experiment for 500 ops
Executing experiment for 500 ops
Executing experiment for 500 ops
Executing experiment for 500 ops
Executing experiment for 500 ops
Executing experiment for 500 ops
Executing experiment for 500 ops
Executing experiment for 500 ops
Executing experiment for 500 ops
Executing experiment for 500 ops
Executing experiment for 500 ops
Executing experiment for 500 ops
Executing experiment for 500 ops
Executing experiment for 500 ops
Executing experiment for 500 ops
Executing experiment for 500 ops
Executing experiment for 500 ops
Executing experiment for 500 ops
Executing experiment for 500 ops
Executing experiment for 500 ops
Executing experiment for 500 ops
Executing experiment for 500 ops
Executing experiment for 500 ops
Executing experiment for 500 ops
Executing experiment for 500 ops
Executing experiment for 500 ops
Executing experiment for 500 ops
Executing experiment for 500 ops
Executing experiment for 500 ops
Executing experiment for 500 ops
Executing experiment for 500 ops
Executing experiment for 500 ops
Executing experiment for 500 ops
Executing experiment for 500 ops
Executing experiment for 500 ops
Executing experiment for 500 ops
Executing experiment for 500 ops
Executing experiment for 500 ops
Executing experiment for 500 ops
Executing experiment for 500 ops
Executing experiment for 500 ops
Executing experiment for 500 ops
Executing experiment for 500 ops
Executing experiment for 500 ops
Executing experiment for 500 ops
Executing experiment for 500 ops
Executing experiment for 500 ops
Executing experiment for 500 ops
Executing experiment for 500 ops
Executing experiment for 500 ops
Executing experiment for 500 ops
Executing experiment for 500 ops
Executing experiment for 500 ops
Executing experiment for 500 ops
Executing experiment for 500 ops
Executing experiment for 500 ops
Executing experiment for 500 ops
Executing experiment for 500 ops
Executing experiment for 500 ops
Executing experiment for 500 ops
Executing experiment for 500 ops
Executing experiment for 500 ops
Executing experiment for 500 ops
Executing experiment for 500 ops
1160 // Average time for 500 executions (-10%) = 138082.40147 us 
1160 // Standard desviation for 500 executions (-10%) = 26098.400127387544 us 
1160 // Average time for 500 executions (all samples) = 138134.056844 us 
1160 // Standard desviation for 500 executions (all samples) = NaN us 
1160 // Maximum time for 500 executions (all samples) = 206771 us 
All clients done.
