Launching client 1020
Launching client 1021
Launching client 1022
Launching client 1023
Launching client 1024
Launching client 1025
Launching client 1026
Launching client 1027
Launching client 1028
Launching client 1029
Warm up...
Warm up...
Warm up...
Warm up...
Warm up...
Warm up...
Warm up...
Warm up...
Warm up...
Warm up...
Executing experiment for 500 ops
Executing experiment for 500 ops
Executing experiment for 500 ops
Executing experiment for 500 ops
Executing experiment for 500 ops
Executing experiment for 500 ops
Executing experiment for 500 ops
Executing experiment for 500 ops
Executing experiment for 500 ops
Executing experiment for 500 ops
1020 // Average time for 500 executions (-10%) = 11036.6534125 us 
1020 // Standard desviation for 500 executions (-10%) = 1525.8044446088136 us 
1020 // Average time for 500 executions (all samples) = 10907.017766 us 
1020 // Standard desviation for 500 executions (all samples) = 2360.4289298520207 us 
1020 // Maximum time for 500 executions (all samples) = 18265 us 
All clients done.
