Launching client 1020
Launching client 1021
Launching client 1022
Launching client 1023
Launching client 1024
Launching client 1025
Launching client 1026
Launching client 1027
Launching client 1028
Launching client 1029
Warm up...
Warm up...
Warm up...
Warm up...
Warm up...
Warm up...
Warm up...
Warm up...
Warm up...
Warm up...
Executing experiment for 500 ops
Executing experiment for 500 ops
Executing experiment for 500 ops
Executing experiment for 500 ops
Executing experiment for 500 ops
Executing experiment for 500 ops
Executing experiment for 500 ops
Executing experiment for 500 ops
Executing experiment for 500 ops
Executing experiment for 500 ops
1020 // Average time for 500 executions (-10%) = 10396.730715 us 
1020 // Standard desviation for 500 executions (-10%) = 1425.3083303509313 us 
1020 // Average time for 500 executions (all samples) = 10299.411759999999 us 
1020 // Standard desviation for 500 executions (all samples) = 2278.2511703277405 us 
1020 // Maximum time for 500 executions (all samples) = 16486 us 
All clients done.
