-- Using view stored on disk
-- SSL/TLS handshake complete!, Id:0  ## CipherSuite: TLS_ECDHE_ECDSA_WITH_AES_128_GCM_SHA256.
-- SSL/TLS handshake complete!, Id:1  ## CipherSuite: TLS_ECDHE_ECDSA_WITH_AES_128_GCM_SHA256.
-- ID = 2
-- N = 4
-- F = 1
-- Port (client <-> server) = 11020
-- Port (server <-> server) = 11021
-- requestTimeout = 2000
-- maxBatch = 1024
-- Binded replica to IP address 134.60.242.13
-- Optimizations:  Read-only Requests: disabled
-- SSL/TLS enabled, protocol version: TLSv1.2
-- In current view: ID:0; F:1; Processes:0(/134.60.242.11:11000),1(/134.60.242.12:11010),2(/134.60.242.13:11020),3(/134.60.242.14:11030),
-- Retrieving State
-- Replica state is up to date
-- 
		###################################
		    Ready to process operations    
		###################################
-- Session Created, active clients=0
-- Session Created, active clients=0
-- Session Created, active clients=0
-- Session Created, active clients=0
-- Session Created, active clients=0
-- Session Created, active clients=0
-- Session Created, active clients=0
-- Session Created, active clients=0
-- Session Created, active clients=0
-- Session Created, active clients=0
-- Session Created, active clients=0
-- Session Created, active clients=0
-- Session Created, active clients=0
-- Session Created, active clients=0
-- Session Created, active clients=0
-- Session Created, active clients=0
-- Session Created, active clients=0
-- Session Created, active clients=0
-- Session Created, active clients=0
-- Session Created, active clients=0
-- Session Created, active clients=0
-- Session Created, active clients=0
-- Session Created, active clients=0
-- Session Created, active clients=0
-- Session Created, active clients=0
-- Session Created, active clients=0
-- Session Created, active clients=0
-- Session Created, active clients=0
-- Session Created, active clients=0
-- Session Created, active clients=0
-- Session Created, active clients=0
-- Session Created, active clients=0
-- Session Created, active clients=0
-- Session Created, active clients=0
-- Session Created, active clients=0
-- Session Created, active clients=0
-- Session Created, active clients=0
-- Session Created, active clients=0
-- Session Created, active clients=0
-- Session Created, active clients=0
-- Session Created, active clients=0
-- Session Created, active clients=0
-- Session Created, active clients=0
-- Session Created, active clients=0
-- Session Created, active clients=0
-- Session Created, active clients=0
-- Session Created, active clients=0
-- Session Created, active clients=0
-- Session Created, active clients=0
-- Session Created, active clients=0
-- Session Created, active clients=0
-- Session Created, active clients=0
-- Session Created, active clients=0
-- Session Created, active clients=0
-- Session Created, active clients=0
-- Session Created, active clients=0
-- Session Created, active clients=0
-- Session Created, active clients=0
-- Session Created, active clients=0
-- Session Created, active clients=0
-- Session Created, active clients=0
-- Session Created, active clients=0
-- Session Created, active clients=0
-- Session Created, active clients=0
-- Session Created, active clients=0
-- Session Created, active clients=0
-- Session Created, active clients=0
-- Session Created, active clients=0
-- Session Created, active clients=0
-- Session Created, active clients=0
-- Session Created, active clients=0
-- Session Created, active clients=0
-- Session Created, active clients=0
-- Session Created, active clients=0
-- Session Created, active clients=0
-- Session Created, active clients=0
-- Session Created, active clients=0
-- Session Created, active clients=0
-- Session Created, active clients=0
-- Session Created, active clients=0
-- Session Created, active clients=0
-- Session Created, active clients=0
-- Session Created, active clients=0
-- Session Created, active clients=0
-- Session Created, active clients=0
-- Session Created, active clients=0
-- Session Created, active clients=0
-- Session Created, active clients=0
-- Session Created, active clients=0
-- Session Created, active clients=0
-- Session Created, active clients=0
-- Session Created, active clients=0
-- Session Created, active clients=0
-- Session Created, active clients=0
-- Session Created, active clients=0
-- Session Created, active clients=0
-- Session Created, active clients=0
-- Session Created, active clients=0
-- Session Created, active clients=0
-- Session Created, active clients=0
-- Session Created, active clients=0
-- Session Created, active clients=0
-- Session Created, active clients=0
-- Session Created, active clients=0
-- Session Created, active clients=0
-- Session Created, active clients=0
-- Session Created, active clients=0
-- Session Created, active clients=0
-- Session Created, active clients=0
-- Session Created, active clients=0
-- Session Created, active clients=0
-- Session Created, active clients=0
-- Session Created, active clients=0
-- Session Created, active clients=0
-- Session Created, active clients=0
-- Session Created, active clients=0
-- Session Created, active clients=0
-- Session Created, active clients=0
-- Session Created, active clients=0
-- Session Created, active clients=0
-- Session Created, active clients=0
-- Session Created, active clients=0
-- Session Created, active clients=0
-- Session Created, active clients=0
-- Session Created, active clients=0
-- Session Created, active clients=0
-- Session Created, active clients=0
-- Session Created, active clients=0
-- Session Created, active clients=0
-- Session Created, active clients=0
-- Session Created, active clients=0
-- Session Created, active clients=0
-- Session Created, active clients=0
-- Session Created, active clients=0
-- Session Created, active clients=0
-- Session Created, active clients=0
-- Session Created, active clients=0
-- Session Created, active clients=0
-- Session Created, active clients=0
-- Session Created, active clients=0
-- Session Created, active clients=0
-- Session Created, active clients=0
-- Session Created, active clients=0
-- Session Created, active clients=0
-- Session Created, active clients=0
-- Session Created, active clients=0
-- Session Created, active clients=0
-- Session Created, active clients=0
-- Session Created, active clients=0
-- Session Created, active clients=0
-- Session Created, active clients=0
-- Session Created, active clients=0
-- Session Created, active clients=0
-- Session Created, active clients=0
-- Session Created, active clients=0
-- Session Created, active clients=0
-- Session Created, active clients=0
-- Session Created, active clients=0
-- Session Created, active clients=0
-- Session Created, active clients=0
-- Session Created, active clients=0
-- Session Created, active clients=0
-- Session Created, active clients=0
-- Session Created, active clients=0
-- Session Created, active clients=0
-- Session Created, active clients=0
-- Session Created, active clients=0
-- Session Created, active clients=0
-- Session Created, active clients=0
-- Session Created, active clients=0
-- Session Created, active clients=0
-- Session Created, active clients=0
-- Session Created, active clients=0
-- Session Created, active clients=0
-- Session Created, active clients=0
-- Session Created, active clients=0
-- Session Created, active clients=0
-- Session Created, active clients=0
-- Session Created, active clients=0
-- Session Created, active clients=0
-- Session Created, active clients=0
-- Session Created, active clients=0
-- Session Created, active clients=0
-- Session Created, active clients=0
-- Session Created, active clients=0
-- Session Created, active clients=0
-- Session Created, active clients=0
-- Session Created, active clients=0
-- Session Created, active clients=0
-- Session Created, active clients=0
-- Session Created, active clients=0
-- Session Created, active clients=0
-- Session Created, active clients=0
-- Session Created, active clients=0
-- Session Created, active clients=0
-- Session Created, active clients=0
-- Session Created, active clients=0
-- Session Created, active clients=0
-- Session Created, active clients=0
-- Session Created, active clients=0
--- Measurements after 1000 ops (1000 samples) ---
--- Measurements after 2000 ops (1000 samples) ---
--- Measurements after 3000 ops (1000 samples) ---
--- Measurements after 4000 ops (1000 samples) ---
--- Measurements after 5000 ops (1000 samples) ---
--- Measurements after 6000 ops (1000 samples) ---
--- Measurements after 7000 ops (1000 samples) ---
--- Measurements after 8000 ops (1000 samples) ---
--- Measurements after 9000 ops (1000 samples) ---
--- Measurements after 10000 ops (1000 samples) ---
--- Measurements after 11000 ops (1000 samples) ---
--- Measurements after 12000 ops (1000 samples) ---
--- Measurements after 13000 ops (1000 samples) ---
--- Measurements after 14000 ops (1000 samples) ---
--- Measurements after 15000 ops (1000 samples) ---
--- Measurements after 16000 ops (1000 samples) ---
--- Measurements after 17000 ops (1000 samples) ---
--- Measurements after 18000 ops (1000 samples) ---
--- Measurements after 19000 ops (1000 samples) ---
--- Measurements after 20000 ops (1000 samples) ---
--- Measurements after 21000 ops (1000 samples) ---
--- Measurements after 22000 ops (1000 samples) ---
--- Measurements after 23000 ops (1000 samples) ---
--- Measurements after 24000 ops (1000 samples) ---
--- Measurements after 25000 ops (1000 samples) ---
--- Measurements after 26000 ops (1000 samples) ---
--- Measurements after 27000 ops (1000 samples) ---
--- Measurements after 28000 ops (1000 samples) ---
--- Measurements after 29000 ops (1000 samples) ---
--- Measurements after 30000 ops (1000 samples) ---
--- Measurements after 31000 ops (1000 samples) ---
--- Measurements after 32000 ops (1000 samples) ---
--- Measurements after 33000 ops (1000 samples) ---
--- Measurements after 34000 ops (1000 samples) ---
--- Measurements after 35000 ops (1000 samples) ---
--- Measurements after 36000 ops (1000 samples) ---
--- Measurements after 37000 ops (1000 samples) ---
--- Measurements after 38000 ops (1000 samples) ---
--- Measurements after 39000 ops (1000 samples) ---
--- Measurements after 40000 ops (1000 samples) ---
--- Measurements after 41000 ops (1000 samples) ---
--- Measurements after 42000 ops (1000 samples) ---
--- Measurements after 43000 ops (1000 samples) ---
--- Measurements after 44000 ops (1000 samples) ---
--- Measurements after 45000 ops (1000 samples) ---
--- Measurements after 46000 ops (1000 samples) ---
--- Measurements after 47000 ops (1000 samples) ---
--- Measurements after 48000 ops (1000 samples) ---
--- Measurements after 49000 ops (1000 samples) ---
--- Measurements after 50000 ops (1000 samples) ---
--- Measurements after 51000 ops (1000 samples) ---
--- Measurements after 52000 ops (1000 samples) ---
--- Measurements after 53000 ops (1000 samples) ---
--- Measurements after 54000 ops (1000 samples) ---
--- Measurements after 55000 ops (1000 samples) ---
--- Measurements after 56000 ops (1000 samples) ---
--- Measurements after 57000 ops (1000 samples) ---
--- Measurements after 58000 ops (1000 samples) ---
--- Measurements after 59000 ops (1000 samples) ---
--- Measurements after 60000 ops (1000 samples) ---
--- Measurements after 61000 ops (1000 samples) ---
--- Measurements after 62000 ops (1000 samples) ---
--- Measurements after 63000 ops (1000 samples) ---
--- Measurements after 64000 ops (1000 samples) ---
--- Measurements after 65000 ops (1000 samples) ---
--- Measurements after 66000 ops (1000 samples) ---
--- Measurements after 67000 ops (1000 samples) ---
--- Measurements after 68000 ops (1000 samples) ---
--- Measurements after 69000 ops (1000 samples) ---
--- Measurements after 70000 ops (1000 samples) ---
--- Measurements after 71000 ops (1000 samples) ---
--- Measurements after 72000 ops (1000 samples) ---
-- Performing checkpoint for consensus 1023
--- Measurements after 73000 ops (1000 samples) ---
--- Measurements after 74000 ops (1000 samples) ---
--- Measurements after 75000 ops (1000 samples) ---
--- Measurements after 76000 ops (1000 samples) ---
--- Measurements after 77000 ops (1000 samples) ---
--- Measurements after 78000 ops (1000 samples) ---
--- Measurements after 79000 ops (1000 samples) ---
--- Measurements after 80000 ops (1000 samples) ---
--- Measurements after 81000 ops (1000 samples) ---
--- Measurements after 82000 ops (1000 samples) ---
--- Measurements after 83000 ops (1000 samples) ---
--- Measurements after 84000 ops (1000 samples) ---
--- Measurements after 85000 ops (1000 samples) ---
--- Measurements after 86000 ops (1000 samples) ---
--- Measurements after 87000 ops (1000 samples) ---
--- Measurements after 88000 ops (1000 samples) ---
--- Measurements after 89000 ops (1000 samples) ---
--- Measurements after 90000 ops (1000 samples) ---
--- Measurements after 91000 ops (1000 samples) ---
--- Measurements after 92000 ops (1000 samples) ---
--- Measurements after 93000 ops (1000 samples) ---
--- Measurements after 94000 ops (1000 samples) ---
--- Measurements after 95000 ops (1000 samples) ---
--- Measurements after 96000 ops (1000 samples) ---
--- Measurements after 97000 ops (1000 samples) ---
--- Measurements after 98000 ops (1000 samples) ---
--- Measurements after 99000 ops (1000 samples) ---
--- Measurements after 100000 ops (1000 samples) ---
--- Measurements after 101000 ops (1000 samples) ---
--- Measurements after 102000 ops (1000 samples) ---
--- Measurements after 103000 ops (1000 samples) ---
--- Measurements after 104000 ops (1000 samples) ---
--- Measurements after 105000 ops (1000 samples) ---
--- Measurements after 106000 ops (1000 samples) ---
--- Measurements after 107000 ops (1000 samples) ---
--- Measurements after 108000 ops (1000 samples) ---
--- Measurements after 109000 ops (1000 samples) ---
--- Measurements after 110000 ops (1000 samples) ---
--- Measurements after 111000 ops (1000 samples) ---
--- Measurements after 112000 ops (1000 samples) ---
--- Measurements after 113000 ops (1000 samples) ---
--- Measurements after 114000 ops (1000 samples) ---
--- Measurements after 115000 ops (1000 samples) ---
--- Measurements after 116000 ops (1000 samples) ---
--- Measurements after 117000 ops (1000 samples) ---
--- Measurements after 118000 ops (1000 samples) ---
--- Measurements after 119000 ops (1000 samples) ---
--- Measurements after 120000 ops (1000 samples) ---
--- Measurements after 121000 ops (1000 samples) ---
--- Measurements after 122000 ops (1000 samples) ---
--- Measurements after 123000 ops (1000 samples) ---
--- Measurements after 124000 ops (1000 samples) ---
--- Measurements after 125000 ops (1000 samples) ---
--- Measurements after 126000 ops (1000 samples) ---
--- Measurements after 127000 ops (1000 samples) ---
--- Measurements after 128000 ops (1000 samples) ---
--- Measurements after 129000 ops (1000 samples) ---
--- Measurements after 130000 ops (1000 samples) ---
--- Measurements after 131000 ops (1000 samples) ---
--- Measurements after 132000 ops (1000 samples) ---
--- Measurements after 133000 ops (1000 samples) ---
--- Measurements after 134000 ops (1000 samples) ---
--- Measurements after 135000 ops (1000 samples) ---
--- Measurements after 136000 ops (1000 samples) ---
--- Measurements after 137000 ops (1000 samples) ---
--- Measurements after 138000 ops (1000 samples) ---
--- Measurements after 139000 ops (1000 samples) ---
--- Measurements after 140000 ops (1000 samples) ---
--- Measurements after 141000 ops (1000 samples) ---
--- Measurements after 142000 ops (1000 samples) ---
--- Measurements after 143000 ops (1000 samples) ---
--- Measurements after 144000 ops (1000 samples) ---
-- Performing checkpoint for consensus 2047
--- Measurements after 145000 ops (1000 samples) ---
--- Measurements after 146000 ops (1000 samples) ---
--- Measurements after 147000 ops (1000 samples) ---
--- Measurements after 148000 ops (1000 samples) ---
--- Measurements after 149000 ops (1000 samples) ---
--- Measurements after 150000 ops (1000 samples) ---
--- Measurements after 151000 ops (1000 samples) ---
--- Measurements after 152000 ops (1000 samples) ---
--- Measurements after 153000 ops (1000 samples) ---
--- Measurements after 154000 ops (1000 samples) ---
--- Measurements after 155000 ops (1000 samples) ---
--- Measurements after 156000 ops (1000 samples) ---
--- Measurements after 157000 ops (1000 samples) ---
--- Measurements after 158000 ops (1000 samples) ---
--- Measurements after 159000 ops (1000 samples) ---
--- Measurements after 160000 ops (1000 samples) ---
--- Measurements after 161000 ops (1000 samples) ---
--- Measurements after 162000 ops (1000 samples) ---
--- Measurements after 163000 ops (1000 samples) ---
--- Measurements after 164000 ops (1000 samples) ---
--- Measurements after 165000 ops (1000 samples) ---
--- Measurements after 166000 ops (1000 samples) ---
--- Measurements after 167000 ops (1000 samples) ---
--- Measurements after 168000 ops (1000 samples) ---
--- Measurements after 169000 ops (1000 samples) ---
--- Measurements after 170000 ops (1000 samples) ---
--- Measurements after 171000 ops (1000 samples) ---
--- Measurements after 172000 ops (1000 samples) ---
--- Measurements after 173000 ops (1000 samples) ---
--- Measurements after 174000 ops (1000 samples) ---
--- Measurements after 175000 ops (1000 samples) ---
--- Measurements after 176000 ops (1000 samples) ---
--- Measurements after 177000 ops (1000 samples) ---
--- Measurements after 178000 ops (1000 samples) ---
--- Measurements after 179000 ops (1000 samples) ---
--- Measurements after 180000 ops (1000 samples) ---
--- Measurements after 181000 ops (1000 samples) ---
--- Measurements after 182000 ops (1000 samples) ---
--- Measurements after 183000 ops (1000 samples) ---
--- Measurements after 184000 ops (1000 samples) ---
--- Measurements after 185000 ops (1000 samples) ---
--- Measurements after 186000 ops (1000 samples) ---
--- Measurements after 187000 ops (1000 samples) ---
--- Measurements after 188000 ops (1000 samples) ---
--- Measurements after 189000 ops (1000 samples) ---
--- Measurements after 190000 ops (1000 samples) ---
--- Measurements after 191000 ops (1000 samples) ---
--- Measurements after 192000 ops (1000 samples) ---
--- Measurements after 193000 ops (1000 samples) ---
--- Measurements after 194000 ops (1000 samples) ---
--- Measurements after 195000 ops (1000 samples) ---
--- Measurements after 196000 ops (1000 samples) ---
--- Measurements after 197000 ops (1000 samples) ---
--- Measurements after 198000 ops (1000 samples) ---
--- Measurements after 199000 ops (1000 samples) ---
--- Measurements after 200000 ops (1000 samples) ---
-- 
---------- DEBUG INFO ----------

Current time: 17:18:49.801
Current leader: 0
Current regency: 0

Last finished consensus: 2955

	 -- Consensus state: 

		ETS=0 
		WriteSet=[[0 :: hl1pUEt2CxH7i0pX6sLGeSRWl+AyOwCz6uCvNOZ9d3w=]] 
		(VAL,TS)=[0 :: hl1pUEt2CxH7i0pX6sLGeSRWl+AyOwCz6uCvNOZ9d3w=]

	 -- Epoch state: 

		CID=2955 
		TS=0 
		Propose=[hl1pUEt2CxH7i0pX6sLGeSRWl+AyOwCz6uCvNOZ9d3w=] 
		Writes=([hl1pUEt2CxH7i0pX6sLGeSRWl+AyOwCz6uCvNOZ9d3w=], [hl1pUEt2CxH7i0pX6sLGeSRWl+AyOwCz6uCvNOZ9d3w=], [hl1pUEt2CxH7i0pX6sLGeSRWl+AyOwCz6uCvNOZ9d3w=], [hl1pUEt2CxH7i0pX6sLGeSRWl+AyOwCz6uCvNOZ9d3w=]) 
		Accepts=([hl1pUEt2CxH7i0pX6sLGeSRWl+AyOwCz6uCvNOZ9d3w=], [hl1pUEt2CxH7i0pX6sLGeSRWl+AyOwCz6uCvNOZ9d3w=], [hl1pUEt2CxH7i0pX6sLGeSRWl+AyOwCz6uCvNOZ9d3w=], [null])

Consensus in execution: None

---------- ---------- ----------

